--------- beginning of /dev/log/main
I/patts   (23571): [compact_fst.cc:31] Loading FST from "voices/en-gb-x-fis-phone-hmm/g2p_m3_syls0_stress0_en-GB.fst" ...
I/patts   (23571): [decoder_impl.cc:78] g2p FST: 57 graphemes, 45 phonemes (with special symbols)
I/patts   (23571): [android_project_file.cc:35] Loading "voices/en-gb-x-fis-phone-hmm/en_gb.embedded.model.pb" ...
I/patts   (23571): [android_project_file.cc:35] Loading "voices/en-gb-x-fis-phone-hmm/engine_hmm_22050_ap-embedded_lsp.cfg" ...
I/patts   (23571): [embedded_hmm_synthesizer.cc:21] Embedded HMM synthesizer initialized.
I/patts   (23571): [android_project_file.cc:35] Loading "voices/en-gb-x-fis-phone-hmm/phonology.cfg" ...
I/patts   (23571): [android_project_file.cc:35] Loading "voices/en-gb-x-fis-phone-hmm/compile_hmm_phoneme.cfg" ...
I/patts   (23571): [android_project_file.cc:35] Loading "voices/en-gb-x-fis-phone-hmm/engine_hmm_22050_ap-embedded_lsp.cfg" ...
I/patts   (23571): [android_project_file.cc:35] Loading "voices/en-gb-x-fis-phone-hmm/patts1_hmm_voice_en_gb_fis_all_22050_phoneme_lsp_swop_ap_msd_bin_8bit.voice" ...
E/patts   (23571): [io_section_tags.cc:114] Opening tag "F0-BOX-COX-LAMBDA" not found
W/LocationOracleImpl(23155): Not started: ignore location
I/GCoreUlr( 2885): Starting service, intent=Intent { act=com.google.android.location.reporting.ACTION_LOCATION_STATUS cmp=com.google.android.gms/com.google.android.location.reporting.service.DispatchingService (has extras) }, extras=Bundle[{status=LocationStatus[cell status: STATUS_SUCCESSFUL, wifi status: STATUS_SUCCESSFUL, elapsed realtime ns: 323652973467548]}]
I/GCoreUlr( 2885): Successfully inserted location
I/GCoreUlr( 2885): Not calling LocationReportingService, hasMoved: false, elapsed millis: 1468898, request: Phone
W/GCM     ( 2685): Heartbeat timeout, GCM connection reset
D/AKMD2   ( 2241): akm_enable_sensor: Accel is enabled. (orien = 0)
I/AKMD2   ( 2241): enable_accelerometer, mEnabled = 0, enable = 1
D/AKMD2   ( 2241): akm_disable_sensor: Accel is disabled. (orien = 0)
I/AKMD2   ( 2241): enable_accelerometer, mEnabled = 1, enable = 0
D/GCM     ( 2685): Connected
I/GCM     ( 2685): GCM message com.google.android.gsf.gtalkservice 
D/GCM     ( 2685): Message class mpf
D/StatusBar.NetworkController( 2375): updateConnectivity: intent=Intent { act=android.net.conn.INET_CONDITION_ACTION flg=0x4000010 (has extras) }
D/StatusBar.NetworkController( 2375): updateConnectivity: networkInfo=NetworkInfo: type: WIFI[], state: CONNECTED/CONNECTED, reason: (unspecified), extra: "OpenWrt - 2", roaming: false, failover: false, isAvailable: true, isConnectedToProvisioningNetwork: false
D/StatusBar.NetworkController( 2375): updateConnectivity: connectionStatus=100
D/lights  ( 2241): set_light_buttons: 1
D/AKMD2   ( 2241): akm_enable_sensor: Accel is enabled. (orien = 0)
I/AKMD2   ( 2241): enable_accelerometer, mEnabled = 0, enable = 1
D/TinyALSA-Audio Hardware( 1860): audio_hw_set_parameters(0x41215840, screen_state=on)++
D/TinyALSA-Audio Hardware( 1860): audio_hw_set_parameters(0x41215840, screen_state=on)-- (PARAMETER ERROR)
D/PowerManagerService-JNI( 2241): Excessive delay in autosuspend_disable() while turning screen on: 231ms
D/SurfaceFlinger( 1857): Screen acquired, type=0 flinger=0x406b3008
V/Zygote  (24198): Switching descriptor 32 to /dev/null
V/Zygote  (24198): Switching descriptor 10 to /dev/null
D/PhoneStatusBar( 2375): disable: < expand icons alerts ticker system_info back* home* recent* clock* search >
D/ActivityThread(24198): handleBindApplication:com.estrongs.android.pop
D/ActivityThread(24198): setTargetHeapUtilization:0.25
D/ActivityThread(24198): setTargetHeapMinFree:524288
I/Timeline( 2520): Timeline: Activity_idle id: android.os.BinderProxy@41c63878 time:221249075
E/ObjectHelper(24198): Can't find method:setCompatibilityInfo
D/am      (24198): Refresh storage info done.23
D/dalvikvm(24198): Trying to load lib /data/app-lib/com.estrongs.android.pop-2/libmyaes.so 0x41c68de0
D/dalvikvm(24198): Added shared lib /data/app-lib/com.estrongs.android.pop-2/libmyaes.so 0x41c68de0
V/Zygote  (24214): Switching descriptor 32 to /dev/null
V/Zygote  (24214): Switching descriptor 10 to /dev/null
D/ActivityThread(24214): handleBindApplication:netgenius.bizcal
D/ActivityThread(24214): setTargetHeapUtilization:0.25
D/ActivityThread(24214): setTargetHeapMinFree:524288
I/Timeline( 2520): Timeline: Activity_launch_request id:org.telegram.messenger time:221250780
D/HockeyApp(21279): Looking for exceptions in: /data/data/org.telegram.messenger/files
D/HockeyApp(21279): Current handler class = com.android.internal.os.RuntimeInit$UncaughtHandler
D/libEGL  (21279): loaded /system/lib/egl/libEGL_mali.so
D/libEGL  (21279): loaded /system/lib/egl/libGLESv1_CM_mali.so
D/libEGL  (21279): loaded /system/lib/egl/libGLESv2_mali.so
E/        (21279): Device driver API match
E/        (21279): Device driver API version: 23
E/        (21279): User space API version: 23 
E/        (21279): mali: REVISION=Linux-r3p2-01rel3 BUILD_DATE=Wed Oct  9 21:05:57 KST 2013 
D/OpenGLRenderer(21279): Enabling debug mode 0
I/Choreographer(21279): Skipped 37 frames!  The application may be doing too much work on its main thread.
I/ActivityManager( 2241): Displayed org.telegram.messenger/org.telegram.ui.LaunchActivity: +1s201ms
I/Timeline( 2241): Timeline: Activity_windows_visible id: ActivityRecord{41e32268 u0 org.telegram.messenger/org.telegram.ui.LaunchActivity t114} time:221252152
I/Timeline(21279): Timeline: Activity_idle id: android.os.BinderProxy@41d2ae38 time:221252384
E/JavaBinder( 2241): !!! FAILED BINDER TRANSACTION !!!
E/JavaBinder( 2241): !!! FAILED BINDER TRANSACTION !!!
E/JavaBinder( 2241): !!! FAILED BINDER TRANSACTION !!!
D/lights  ( 2241): set_light_buttons: 2
D/SurfaceFlinger( 1857): Screen released, type=0 flinger=0x406b3008
D/AKMD2   ( 2241): akm_disable_sensor: Accel is disabled. (orien = 0)
I/AKMD2   ( 2241): enable_accelerometer, mEnabled = 1, enable = 0
I/Choreographer( 2375): Skipped 61 frames!  The application may be doing too much work on its main thread.
W/View    ( 2375): requestLayout() improperly called by android.widget.TextClock{41eb4088 V.ED.... ......ID 0,0-106,129 #7f0b0013 app:id/clock1_regular} during layout: running second layout pass
W/View    ( 2375): requestLayout() improperly called by android.widget.TextClock{41ec4248 V.ED.... ......ID 106,0-229,129 #7f0b0014 app:id/clock2_regular} during layout: running second layout pass
W/View    ( 2375): requestLayout() improperly called by android.widget.TextClock{41f49ee8 V.ED.... ......ID 57,1-203,26 #7f0b0018 app:id/date_bold} during layout: running second layout pass
W/View    ( 2375): requestLayout() improperly called by android.widget.TextView{41ea41a0 V.ED.... ......ID 245,1-322,26 #7f0b001b app:id/nextAlarm_bold} during layout: running second layout pass
W/View    ( 2375): requestLayout() improperly called by android.widget.TextView{420502c0 V.ED.... ......ID 6,6-133,35 #7f0b0021 app:id/weather_city} during layout: running second layout pass
W/View    ( 2375): requestLayout() improperly called by android.widget.TextView{41f51678 V.ED.... ......ID 27,35-133,60 #7f0b0027 app:id/weather_condition} during layout: running second layout pass
W/View    ( 2375): requestLayout() improperly called by android.widget.TextView{41f51f60 V.ED.... ......ID 78,60-133,75 #7f0b0022 app:id/update_time} during layout: running second layout pass
W/View    ( 2375): requestLayout() improperly called by android.widget.TextView{4209e040 V.ED.... ......ID 1,0-65,41 #7f0b0024 app:id/weather_temp} during layout: running second layout pass
W/View    ( 2375): requestLayout() improperly called by android.widget.TextView{428ac0f0 V.ED.... ......ID 0,43-66,71 #7f0b0026 app:id/weather_low_high} during layout: running second layout pass
D/PhoneStatusBar( 2375): disable: < expand icons alerts ticker system_info BACK* HOME* RECENT* CLOCK* search >
D/TinyALSA-Audio Hardware( 1860): audio_hw_set_parameters(0x41215840, screen_state=off)++
D/TinyALSA-Audio Hardware( 1860): audio_hw_set_parameters(0x41215840, screen_state=off)-- (PARAMETER ERROR)
D/AKMD2   ( 2241): akm_enable_sensor: Accel is enabled. (orien = 0)
I/AKMD2   ( 2241): enable_accelerometer, mEnabled = 0, enable = 1
D/AKMD2   ( 2241): akm_disable_sensor: Accel is disabled. (orien = 0)
I/AKMD2   ( 2241): enable_accelerometer, mEnabled = 1, enable = 0
I/wpa_supplicant(19609): wlan0: CTRL-EVENT-SCAN-STARTED 
I/GCoreUlr( 2885): Starting service, intent=Intent { act=com.google.android.location.reporting.ACTION_LOCATION_STATUS cmp=com.google.android.gms/com.google.android.location.reporting.service.DispatchingService (has extras) }, extras=Bundle[{status=LocationStatus[cell status: STATUS_SUCCESSFUL, wifi status: STATUS_TIMED_OUT_ON_SCAN, elapsed realtime ns: 323939258149756]}]
W/LocationOracleImpl(23155): Not started: ignore location
I/GCoreUlr( 2885): Successfully inserted location
I/GCoreUlr( 2885): Not calling LocationReportingService, hasMoved: false, elapsed millis: 1755191, request: Phone
I/wpa_supplicant(19609): wlan0: WPA: Group rekeying completed with 74:ea:3a:c2:50:c4 [GTK=CCMP]
I/wpa_supplicant(19609): wlan0: WPA: Group rekeying completed with 74:ea:3a:c2:50:c4 [GTK=CCMP]
I/wpa_supplicant(19609): wlan0: WPA: Group rekeying completed with 74:ea:3a:c2:50:c4 [GTK=CCMP]
D/AKMD2   ( 2241): akm_enable_sensor: Accel is enabled. (orien = 0)
I/AKMD2   ( 2241): enable_accelerometer, mEnabled = 0, enable = 1
I/LatinIME:LogUtils( 2486): Dictionary info: dictionary = UserHistoryDictionary.nl.dict ; version = ? ; date = 1410703605
D/AKMD2   ( 2241): akm_disable_sensor: Accel is disabled. (orien = 0)
I/AKMD2   ( 2241): enable_accelerometer, mEnabled = 1, enable = 0
I/wpa_supplicant(19609): wlan0: CTRL-EVENT-SCAN-STARTED 
D/AKMD2   ( 2241): akm_enable_sensor: Accel is enabled. (orien = 0)
I/AKMD2   ( 2241): enable_accelerometer, mEnabled = 0, enable = 1
D/AKMD2   ( 2241): akm_disable_sensor: Accel is disabled. (orien = 0)
I/AKMD2   ( 2241): enable_accelerometer, mEnabled = 1, enable = 0
W/LocationOracleImpl(23155): Not started: ignore location
I/GCoreUlr( 2885): Successfully inserted location
I/GCoreUlr( 2885): Not calling LocationReportingService, hasMoved: false, elapsed millis: 2098341, request: Phone
D/AKMD2   ( 2241): akm_enable_sensor: Accel is enabled. (orien = 0)
I/AKMD2   ( 2241): enable_accelerometer, mEnabled = 0, enable = 1
I/wpa_supplicant(19609): wlan0: CTRL-EVENT-SCAN-STARTED 
D/AKMD2   ( 2241): akm_disable_sensor: Accel is disabled. (orien = 0)
I/AKMD2   ( 2241): enable_accelerometer, mEnabled = 1, enable = 0
I/GCoreUlr( 2885): Received powerMode change from NLP: com.google.android.location.activity.LOW_POWER_MODE_ENABLED
I/GCoreUlr( 2885): Starting service, intent=Intent { act=com.google.android.location.reporting.ACTION_UPDATE_ACTIVE_STATE cmp=com.google.android.gms/com.google.android.location.reporting.service.DispatchingService }, extras=null
I/GCoreUlr( 2885): Ensuring that reporting is active for [account#6#]
I/GCoreUlr( 2885): Starting service, intent=Intent { act=com.google.android.location.reporting.ACTION_LOCATION_STATUS cmp=com.google.android.gms/com.google.android.location.reporting.service.DispatchingService (has extras) }, extras=Bundle[{status=LocationStatus[cell status: STATUS_SUCCESSFUL, wifi status: STATUS_TIMED_OUT_ON_SCAN, elapsed realtime ns: 323939258149756]}]
W/LocationOracleImpl(23155): Not started: ignore location
I/GCoreUlr( 2885): Successfully inserted location
I/GCoreUlr( 2885): Not calling LocationReportingService, hasMoved: false, elapsed millis: 2383388, request: Phone
I/wpa_supplicant(19609): wlan0: WPA: Group rekeying completed with 74:ea:3a:c2:50:c4 [GTK=CCMP]
I/wpa_supplicant(19609): wlan0: WPA: Group rekeying completed with 74:ea:3a:c2:50:c4 [GTK=CCMP]
I/wpa_supplicant(19609): wlan0: WPA: Group rekeying completed with 74:ea:3a:c2:50:c4 [GTK=CCMP]
D/AKMD2   ( 2241): akm_enable_sensor: Accel is enabled. (orien = 0)
I/AKMD2   ( 2241): enable_accelerometer, mEnabled = 0, enable = 1
D/AKMD2   ( 2241): akm_disable_sensor: Accel is disabled. (orien = 0)
I/AKMD2   ( 2241): enable_accelerometer, mEnabled = 1, enable = 0
I/wpa_supplicant(19609): wlan0: CTRL-EVENT-SCAN-STARTED 
W/LocationOracleImpl(23155): Not started: ignore location
I/GCoreUlr( 2885): Successfully inserted location
I/GCoreUlr( 2885): Not calling LocationReportingService, hasMoved: false, elapsed millis: 2668522, request: Phone
I/EventLogService( 2582): Aggregate from 1410702584041 (log), 1410702584041 (data)
W/GCM     ( 2685): Heartbeat timeout, GCM connection reset
D/GCM     ( 2685): Connected
I/GCM     ( 2685): GCM message com.google.android.gsf.gtalkservice 
D/GCM     ( 2685): Message class mpf
I/GCM     ( 2685): GCM message GSYNC_TICKLE 0:1410704114366405%0#e7a71353318775ac
I/SubscribedFeeds( 2685): Received message
V/Zygote  (24334): Switching descriptor 32 to /dev/null
V/Zygote  (24334): Switching descriptor 10 to /dev/null
D/ActivityThread(24334): handleBindApplication:com.google.android.gm
D/ActivityThread(24334): setTargetHeapUtilization:0.25
D/ActivityThread(24334): setTargetHeapMinFree:524288
D/StatusBar.NetworkController( 2375): updateConnectivity: intent=Intent { act=android.net.conn.INET_CONDITION_ACTION flg=0x4000010 (has extras) }
D/StatusBar.NetworkController( 2375): updateConnectivity: networkInfo=NetworkInfo: type: WIFI[], state: CONNECTED/CONNECTED, reason: (unspecified), extra: "OpenWrt - 2", roaming: false, failover: false, isAvailable: true, isConnectedToProvisioningNetwork: false
D/StatusBar.NetworkController( 2375): updateConnectivity: connectionStatus=100
W/GAV2    (24334): Thread[main,5,main]: Need to call initialize() and be in fallback mode to start dispatch.
I/Gmail   (24334): calculateUnknownSyncRationalesAndPurgeInBackground: queueing
I/Gmail   (24334): calculateUnknownSyncRationalesAndPurgeInBackground: queueing
I/Gmail   (24334): calculateUnknownSyncRationalesAndPurgeInBackground: running
I/Gmail   (24334): calculateUnknownSyncRationalesAndPurgeInBackground: running
I/Gmail   (24334): calculateUnknownSyncRationalesAndPurgeInBackground: queueing
I/Gmail   (24334): calculateUnknownSyncRationalesAndPurgeInBackground: queueing
I/Gmail   (24334): MainSyncRequestProto: lowestBkwdConvoId: 0, highestHandledServerOp: 597205, normalSync: true
I/Gmail   (24334): calculateUnknownSyncRationalesAndPurgeInBackground: running
I/Gmail   (24334): calculateUnknownSyncRationalesAndPurgeInBackground: running
W/GLSUser ( 2685): GoogleAccountDataService.getToken()
W/Uploader( 2582): No account for auth token provided
I/mbh     ( 2582): I/O exception (org.apache.http.NoHttpResponseException) caught when processing request: The target server failed to respond
I/mbh     ( 2582): Retrying request
I/GAV2    (24334): Thread[GAThread,5,main]: No campaign data found.
I/Gmail   (24334): MainSyncRequestProto: lowestBkwdConvoId: 0, highestHandledServerOp: 597257, normalSync: true
W/GLSUser ( 2685): GoogleAccountDataService.getToken()
I/Gmail   (24334): MainSyncRequestProto: lowestBkwdConvoId: 0, highestHandledServerOp: 597257, normalSync: true
I/Gmail   (24334): lowestBackward conversation id 0
W/GLSUser ( 2685): GoogleAccountDataService.getToken()
I/DownloadManager( 2875): Download 889 starting
I/DownloadManager( 2875): Ignoring Content-Length since Transfer-Encoding is also defined
I/Icing   ( 2582): Indexing CB79EA0C12357D550A84315F9EBFD66DD0333438 from com.google.android.gm
I/Icing   ( 2582): Not enough disk space for indexing trimmable
I/Icing   ( 2582): Cannot sync trimmable corpus: no trimmable
E/Icing   ( 2582): Aborting indexing of corpus CB79EA0C12357D550A84315F9EBFD66DD0333438
I/Icing   ( 2582): Indexing done CB79EA0C12357D550A84315F9EBFD66DD0333438
I/DownloadManager( 2875): Download 889 finished with status SUCCESS
W/GLSUser ( 2685): GoogleAccountDataService.getToken()
I/DownloadManager( 2875): Download 890 starting
I/DownloadManager( 2875): Ignoring Content-Length since Transfer-Encoding is also defined
I/DownloadManager( 2875): Download 890 finished with status SUCCESS
W/GLSUser ( 2685): GoogleAccountDataService.getToken()
I/DownloadManager( 2875): Download 891 starting
I/DownloadManager( 2875): Ignoring Content-Length since Transfer-Encoding is also defined
I/DownloadManager( 2875): Download 891 finished with status SUCCESS
W/GLSUser ( 2685): GoogleAccountDataService.getToken()
I/DownloadManager( 2875): Download 892 starting
I/DownloadManager( 2875): Ignoring Content-Length since Transfer-Encoding is also defined
I/DownloadManager( 2875): Download 892 finished with status SUCCESS
W/GLSUser ( 2685): GoogleAccountDataService.getToken()
I/DownloadManager( 2875): Download 893 starting
I/DownloadManager( 2875): Ignoring Content-Length since Transfer-Encoding is also defined
I/DownloadManager( 2875): Download 893 finished with status SUCCESS
W/GLSUser ( 2685): GoogleAccountDataService.getToken()
I/DownloadManager( 2875): Download 894 starting
I/DownloadManager( 2875): Ignoring Content-Length since Transfer-Encoding is also defined
I/DownloadManager( 2875): Download 894 finished with status SUCCESS
W/GLSUser ( 2685): GoogleAccountDataService.getToken()
I/DownloadManager( 2875): Download 895 starting
I/DownloadManager( 2875): Ignoring Content-Length since Transfer-Encoding is also defined
I/DownloadManager( 2875): Download 895 finished with status SUCCESS
D/DownloadManager( 2875): Download 895 already finished; skipping
W/GLSUser ( 2685): GoogleAccountDataService.getToken()
I/DownloadManager( 2875): Download 896 starting
I/DownloadManager( 2875): Ignoring Content-Length since Transfer-Encoding is also defined
I/DownloadManager( 2875): Download 896 finished with status SUCCESS
D/DownloadManager( 2875): Download 896 already finished; skipping
W/GLSUser ( 2685): GoogleAccountDataService.getToken()
I/DownloadManager( 2875): Download 897 starting
I/DownloadManager( 2875): Ignoring Content-Length since Transfer-Encoding is also defined
I/DownloadManager( 2875): Download 897 finished with status SUCCESS
W/GLSUser ( 2685): GoogleAccountDataService.getToken()
I/DownloadManager( 2875): Download 898 starting
I/DownloadManager( 2875): Ignoring Content-Length since Transfer-Encoding is also defined
I/DownloadManager( 2875): Download 898 finished with status SUCCESS
W/GLSUser ( 2685): GoogleAccountDataService.getToken()
I/DownloadManager( 2875): Download 899 starting
I/DownloadManager( 2875): Ignoring Content-Length since Transfer-Encoding is also defined
I/DownloadManager( 2875): Download 899 finished with status SUCCESS
D/DownloadManager( 2875): Download 899 already finished; skipping
W/GLSUser ( 2685): GoogleAccountDataService.getToken()
I/DownloadManager( 2875): Download 900 starting
I/DownloadManager( 2875): Ignoring Content-Length since Transfer-Encoding is also defined
I/DownloadManager( 2875): Download 900 finished with status SUCCESS
W/GLSUser ( 2685): GoogleAccountDataService.getToken()
I/DownloadManager( 2875): Download 901 starting
I/DownloadManager( 2875): Ignoring Content-Length since Transfer-Encoding is also defined
I/DownloadManager( 2875): Download 901 finished with status SUCCESS
D/DownloadManager( 2875): Download 901 already finished; skipping
W/GLSUser ( 2685): GoogleAccountDataService.getToken()
I/DownloadManager( 2875): Download 902 starting
I/DownloadManager( 2875): Ignoring Content-Length since Transfer-Encoding is also defined
I/DownloadManager( 2875): Download 902 finished with status SUCCESS
W/GLSUser ( 2685): GoogleAccountDataService.getToken()
I/DownloadManager( 2875): Download 903 starting
I/DownloadManager( 2875): Ignoring Content-Length since Transfer-Encoding is also defined
I/DownloadManager( 2875): Download 903 finished with status SUCCESS
W/GLSUser ( 2685): GoogleAccountDataService.getToken()
I/DownloadManager( 2875): Download 904 starting
I/DownloadManager( 2875): Ignoring Content-Length since Transfer-Encoding is also defined
I/DownloadManager( 2875): Download 904 finished with status SUCCESS
W/GLSUser ( 2685): GoogleAccountDataService.getToken()
I/DownloadManager( 2875): Download 905 starting
I/DownloadManager( 2875): Ignoring Content-Length since Transfer-Encoding is also defined
I/DownloadManager( 2875): Download 905 finished with status SUCCESS
W/GLSUser ( 2685): GoogleAccountDataService.getToken()
I/DownloadManager( 2875): Download 906 starting
D/AKMD2   ( 2241): akm_enable_sensor: Accel is enabled. (orien = 0)
I/AKMD2   ( 2241): enable_accelerometer, mEnabled = 0, enable = 1
D/AKMD2   ( 2241): akm_disable_sensor: Accel is disabled. (orien = 0)
I/AKMD2   ( 2241): enable_accelerometer, mEnabled = 1, enable = 0
I/DownloadManager( 2875): Ignoring Content-Length since Transfer-Encoding is also defined
I/DownloadManager( 2875): Download 906 finished with status SUCCESS
W/GLSUser ( 2685): GoogleAccountDataService.getToken()
I/DownloadManager( 2875): Download 907 starting
I/DownloadManager( 2875): Ignoring Content-Length since Transfer-Encoding is also defined
I/DownloadManager( 2875): Download 907 finished with status SUCCESS
W/GLSUser ( 2685): GoogleAccountDataService.getToken()
I/DownloadManager( 2875): Download 908 starting
I/DownloadManager( 2875): Ignoring Content-Length since Transfer-Encoding is also defined
I/DownloadManager( 2875): Download 908 finished with status SUCCESS
D/DownloadManager( 2875): Download 908 already finished; skipping
W/GLSUser ( 2685): GoogleAccountDataService.getToken()
I/DownloadManager( 2875): Download 909 starting
I/DownloadManager( 2875): Ignoring Content-Length since Transfer-Encoding is also defined
I/DownloadManager( 2875): Download 909 finished with status SUCCESS
W/GLSUser ( 2685): GoogleAccountDataService.getToken()
I/DownloadManager( 2875): Download 910 starting
I/DownloadManager( 2875): Ignoring Content-Length since Transfer-Encoding is also defined
I/DownloadManager( 2875): Download 910 finished with status SUCCESS
W/GLSUser ( 2685): GoogleAccountDataService.getToken()
I/DownloadManager( 2875): Download 911 starting
I/DownloadManager( 2875): Ignoring Content-Length since Transfer-Encoding is also defined
I/DownloadManager( 2875): Download 911 finished with status SUCCESS
W/GLSUser ( 2685): GoogleAccountDataService.getToken()
I/DownloadManager( 2875): Download 912 starting
I/DownloadManager( 2875): Ignoring Content-Length since Transfer-Encoding is also defined
I/DownloadManager( 2875): Download 912 finished with status SUCCESS
W/GLSUser ( 2685): GoogleAccountDataService.getToken()
I/DownloadManager( 2875): Download 913 starting
I/DownloadManager( 2875): Ignoring Content-Length since Transfer-Encoding is also defined
I/DownloadManager( 2875): Download 913 finished with status SUCCESS
W/GLSUser ( 2685): GoogleAccountDataService.getToken()
I/DownloadManager( 2875): Download 914 starting
I/wpa_supplicant(19609): wlan0: CTRL-EVENT-SCAN-STARTED 
I/DownloadManager( 2875): Ignoring Content-Length since Transfer-Encoding is also defined
I/DownloadManager( 2875): Download 914 finished with status SUCCESS
W/GLSUser ( 2685): GoogleAccountDataService.getToken()
I/DownloadManager( 2875): Download 915 starting
I/DownloadManager( 2875): Ignoring Content-Length since Transfer-Encoding is also defined
I/DownloadManager( 2875): Download 915 finished with status SUCCESS
W/GLSUser ( 2685): GoogleAccountDataService.getToken()
I/DownloadManager( 2875): Download 916 starting
I/DownloadManager( 2875): Ignoring Content-Length since Transfer-Encoding is also defined
I/DownloadManager( 2875): Download 916 finished with status SUCCESS
W/LocationOracleImpl(23155): Not started: ignore location
I/GCoreUlr( 2885): Successfully inserted location
I/GCoreUlr( 2885): Not calling LocationReportingService, hasMoved: false, elapsed millis: 2969173, request: Phone
I/wpa_supplicant(19609): wlan0: WPA: Group rekeying completed with 74:ea:3a:c2:50:c4 [GTK=CCMP]
I/wpa_supplicant(19609): wlan0: WPA: Group rekeying completed with 74:ea:3a:c2:50:c4 [GTK=CCMP]
I/wpa_supplicant(19609): wlan0: WPA: Group rekeying completed with 74:ea:3a:c2:50:c4 [GTK=CCMP]
D/AKMD2   ( 2241): akm_enable_sensor: Accel is enabled. (orien = 0)
I/AKMD2   ( 2241): enable_accelerometer, mEnabled = 0, enable = 1
D/AKMD2   ( 2241): akm_disable_sensor: Accel is disabled. (orien = 0)
I/AKMD2   ( 2241): enable_accelerometer, mEnabled = 1, enable = 0
W/fb4a(:<default>):MqttOperationManager(21549): Duplicate operation ID 4 for operation UNSUBACK and client 424c08b8.
W/msgr(:<default>):MqttOperationManager(21606): Duplicate operation ID 4 for operation UNSUBACK and client 4201e548.
D/AKMD2   ( 2241): akm_enable_sensor: Accel is enabled. (orien = 0)
I/AKMD2   ( 2241): enable_accelerometer, mEnabled = 0, enable = 1
D/AKMD2   ( 2241): akm_disable_sensor: Accel is disabled. (orien = 0)
I/AKMD2   ( 2241): enable_accelerometer, mEnabled = 1, enable = 0
I/GCoreUlr( 2885): Received powerMode change from NLP: com.google.android.location.activity.LOW_POWER_MODE_ENABLED
I/GCoreUlr( 2885): Starting service, intent=Intent { act=com.google.android.location.reporting.ACTION_UPDATE_ACTIVE_STATE cmp=com.google.android.gms/com.google.android.location.reporting.service.DispatchingService }, extras=null
I/GCoreUlr( 2885): Ensuring that reporting is active for [account#6#]
I/GCoreUlr( 2885): Starting service, intent=Intent { act=com.google.android.location.reporting.ACTION_LOCATION_STATUS cmp=com.google.android.gms/com.google.android.location.reporting.service.DispatchingService (has extras) }, extras=Bundle[{status=LocationStatus[cell status: STATUS_SUCCESSFUL, wifi status: STATUS_TIMED_OUT_ON_SCAN, elapsed realtime ns: 323939258149756]}]
I/wpa_supplicant(19609): wlan0: CTRL-EVENT-SCAN-STARTED 
W/LocationOracleImpl(23155): Not started: ignore location
I/GCoreUlr( 2885): Successfully inserted location
I/GCoreUlr( 2885): Not calling LocationReportingService, hasMoved: false, elapsed millis: 3255310, request: Phone
V/Zygote  (24687): Switching descriptor 32 to /dev/null
V/Zygote  (24687): Switching descriptor 10 to /dev/null
D/ActivityThread(24687): handleBindApplication:com.android.chrome
D/ActivityThread(24687): setTargetHeapUtilization:0.25
D/ActivityThread(24687): setTargetHeapMinFree:524288
D/AKMD2   ( 2241): akm_enable_sensor: Accel is enabled. (orien = 0)
I/AKMD2   ( 2241): enable_accelerometer, mEnabled = 0, enable = 1
I/wpa_supplicant(19609): wlan0: CTRL-EVENT-SCAN-STARTED 
D/AlarmReceiver(23283): onReceive
D/com.handmark.expressweather(23283): package:com.handmark.expressweather:weight:1000
D/com.handmark.expressweather(23283): MaxWeightPackageName:com.handmark.expressweather
D/com.handmark.expressweather(23283): MaxWeight:will be started
D/AlarmReceiver(23283): INTENT_EXTRA_LOG_TYPE:LOG CONTINUE
D/AlarmReceiver(23283): INTENT_EXTRA_LOG_TYPE=12,INTENT_EXTRA_SECOND_LOG_TYPE=20
E/Configuration(23283): getActivityContext() == null
V/GmsNetworkLocationProvi( 2885): onSetRequest: ProviderRequestUnbundled, reportLocation is true and interval is 0
V/GmsNetworkLocationProvi( 2885): SET-REQUEST
V/GmsNetworkLocationProvi( 2885): in Handler: ProviderRequestUnbundled, reportLocation is true and interval is 20000
D/AlarmReceiver(23283): Waiting location update.
E/Configuration(23283): getActivityContext() == null
D/AKMD2   ( 2241): akm_disable_sensor: Accel is disabled. (orien = 0)
I/AKMD2   ( 2241): enable_accelerometer, mEnabled = 1, enable = 0
E/Configuration(23283): getActivityContext() == null
E/Configuration(23283): getActivityContext() == null
D/WearableClient(23283): WearableClientImpl.onPostInitHandler: done
W/LocationOracleImpl(23155): Not started: ignore location
I/GCoreUlr( 2885): Successfully inserted location
I/GCoreUlr( 2885): Not calling LocationReportingService, hasMoved: false, elapsed millis: 3539592, request: Phone
D/AlarmReceiver(23283): Location updated.
D/AlarmReceiver(23283): ImageDownloadRequestTask start
D/ImageDownloadRequestTask(23283): download start 
D/ImageDownloadRequestTask(23283): download success
D/ImageDownloadRequestTask(23283): statusCode=200, latency=178
I/GCoreUlr( 2885): Starting service, intent=Intent { act=com.google.android.location.reporting.ACTION_LOCATION_STATUS cmp=com.google.android.gms/com.google.android.location.reporting.service.DispatchingService (has extras) }, extras=Bundle[{status=LocationStatus[cell status: STATUS_SUCCESSFUL, wifi status: STATUS_SUCCESSFUL, elapsed realtime ns: 325738860380378]}]
D/ImageDownloadRequestTask(23283): download start 
D/ImageDownloadRequestTask(23283): download success
D/ImageDownloadRequestTask(23283): statusCode=200, latency=30
D/AlarmReceiver(23283): ImageDownloadRequestTask end
V/GmsNetworkLocationProvi( 2885): onSetRequest: ProviderRequestUnbundled, reportLocation is true and interval is 86400000
V/GmsNetworkLocationProvi( 2885): SET-REQUEST
V/GmsNetworkLocationProvi( 2885): in Handler: ProviderRequestUnbundled, reportLocation is true and interval is 86400000
I/wpa_supplicant(19609): wlan0: CTRL-EVENT-SCAN-STARTED 
D/ALog    (23283): Response: 201(Created)
D/LogSendTask(23283): logSending onSuccess
D/LogSendTask(23283): onFinish
I/GCoreUlr( 2885): Starting service, intent=Intent { act=com.google.android.location.reporting.ACTION_LOCATION_STATUS cmp=com.google.android.gms/com.google.android.location.reporting.service.DispatchingService (has extras) }, extras=Bundle[{status=LocationStatus[cell status: STATUS_SUCCESSFUL, wifi status: STATUS_TIMED_OUT_ON_SCAN, elapsed realtime ns: 325776642080256]}]
I/GCoreUlr( 2885): Successfully inserted location
I/GCoreUlr( 2885): Not calling LocationReportingService, hasMoved: false, elapsed millis: 3592540, request: Phone
I/wpa_supplicant(19609): wlan0: WPA: Group rekeying completed with 74:ea:3a:c2:50:c4 [GTK=CCMP]
I/wpa_supplicant(19609): wlan0: WPA: Group rekeying completed with 74:ea:3a:c2:50:c4 [GTK=CCMP]
I/wpa_supplicant(19609): wlan0: WPA: Group rekeying completed with 74:ea:3a:c2:50:c4 [GTK=CCMP]
D/YahooWeatherProvider(23099): Resolved location Location[network 52.042580,4.640881 acc=699 et=+3d18h29m36s500ms {Bundle[mParcelledData.dataSize=548]}] to Waddinxveen (12891441)
D/YahooWeatherProvider(23099): Weather updated: WeatherInfo for Waddinxveen (12891441) @ Sun Sep 14 16:34:56 CEST 2014: Partly Cloudy(30), temperature 21°C, low 10°, high 21°, humidity 56%, wind 19km/h at E, forecasts: day 1: high 21°, low 10°, Clear(31); day 2: high 24°, low 12°, PM Thunderstorms(38); day 3: high 25°, low 11°, Sunny(32); day 4: high 25°, low 14°, Partly Cloudy(30); day 5: high 25°, low 14°, Scattered Thunderstorms(38)
W/GCM     ( 2685): Heartbeat timeout, GCM connection reset
D/AKMD2   ( 2241): akm_enable_sensor: Accel is enabled. (orien = 0)
I/AKMD2   ( 2241): enable_accelerometer, mEnabled = 0, enable = 1
I/GCoreUlr( 2885): WorldUpdater received intent Intent { act=com.google.android.location.reporting.ACTION_UPDATE_WORLD flg=0x4 cmp=com.google.android.gms/com.google.android.location.reporting.service.DispatchingService (has extras) } with receiverAction null
I/GCoreUlr( 2885): Ensuring that reporting is active for [account#6#]
I/GCoreUlr( 2885): Starting service, intent=Intent { act=com.google.android.location.reporting.ACTION_LOCATION_STATUS cmp=com.google.android.gms/com.google.android.location.reporting.service.DispatchingService (has extras) }, extras=Bundle[{status=LocationStatus[cell status: STATUS_SUCCESSFUL, wifi status: STATUS_TIMED_OUT_ON_SCAN, elapsed realtime ns: 325776642080256]}]
I/AdsMeasurementBroadcastReceiver( 2582): Reporting settings might have changed, alerting AdsMeasurementService
D/AdsMeasurementBroadcastReceiver( 2582): Unauthorized to start the main service
D/AKMD2   ( 2241): akm_disable_sensor: Accel is disabled. (orien = 0)
I/AKMD2   ( 2241): enable_accelerometer, mEnabled = 1, enable = 0
D/GCM     ( 2685): Connected
I/GCM     ( 2685): GCM message com.google.android.gsf.gtalkservice 
D/GCM     ( 2685): Message class mpf
D/StatusBar.NetworkController( 2375): updateConnectivity: intent=Intent { act=android.net.conn.INET_CONDITION_ACTION flg=0x4000010 (has extras) }
D/StatusBar.NetworkController( 2375): updateConnectivity: networkInfo=NetworkInfo: type: WIFI[], state: CONNECTED/CONNECTED, reason: (unspecified), extra: "OpenWrt - 2", roaming: false, failover: false, isAvailable: true, isConnectedToProvisioningNetwork: false
D/StatusBar.NetworkController( 2375): updateConnectivity: connectionStatus=100
I/ContactAccountLoggerTas(23155): canRun() : Opted Out
I/Velvet.VelvetFactory(23155): refreshing internal icing corpora
I/Velvet.VelvetFactory(23155): refreshing search history.
V/Zygote  (24759): Switching descriptor 32 to /dev/null
V/Zygote  (24759): Switching descriptor 10 to /dev/null
W/LocationOracleImpl(23155): Best location was null
W/GAV2    (23155): Thread[Background Non-Blocking-3,5,main]: dispatch call queued.  Need to call GAServiceManager.getInstance().initialize().
D/ActivityThread(24759): handleBindApplication:com.google.android.partnersetup
D/ActivityThread(24759): setTargetHeapUtilization:0.25
D/ActivityThread(24759): setTargetHeapMinFree:524288
I/ContactAccountLoggerTas(23155): canRun() : Opted Out
I/ContactAccountLoggerTas(23155): canRun() : Opted Out
I/ContactAccountLoggerTas(23155): canRun() : Opted Out
I/ContactAccountLoggerTas(23155): canRun() : Opted Out
I/IcingCorporaProvider(23155): Updating corpora: APPS=MAYBE, CONTACTS=MAYBE
I/IcingCorporaProvider(23155): UpdateCorporaTask done [took 562 ms] updated apps [took 562 ms] 
I/ContactAccountLoggerTas(23155): canRun() : Opted Out
I/wpa_supplicant(19609): wlan0: CTRL-EVENT-SCAN-STARTED 
D/AKMD2   ( 2241): akm_enable_sensor: Accel is enabled. (orien = 0)
I/AKMD2   ( 2241): enable_accelerometer, mEnabled = 0, enable = 1
D/AKMD2   ( 2241): akm_disable_sensor: Accel is disabled. (orien = 0)
I/AKMD2   ( 2241): enable_accelerometer, mEnabled = 1, enable = 0
W/LocationOracleImpl(23155): Not started: ignore location
I/GCoreUlr( 2885): Successfully inserted location
I/GCoreUlr( 2885): Starting service, intent=Intent { cmp=com.google.android.gms/com.google.android.location.reporting.LocationReportingService }, extras=null
W/GLSUser ( 2685): GoogleAccountDataService.getToken()
W/GLSUser ( 2685): [avd][avd] Permission for com.google.android.gms to access oauth2:https://www.googleapis.com/auth/userlocation.reporting will be managed locally.
I/qtaguid ( 2885): Failed write_ctrl(u 80) res=-1 errno=22
I/qtaguid ( 2885): Untagging socket 80 failed errno=-22
W/NetworkManagementSocketTagger( 2885): untagSocket(80) failed with errno -22
I/mbh     ( 2885): I/O exception (org.apache.http.NoHttpResponseException) caught when processing request: The target server failed to respond
I/mbh     ( 2885): Retrying request
I/GCoreUlr( 2885): Starting service, intent=Intent { act=com.google.android.location.reporting.ACTION_UPDATE_ACTIVE_STATE cmp=com.google.android.gms/com.google.android.location.reporting.service.DispatchingService }, extras=null
I/AdsMeasurementBroadcastReceiver( 2582): Reporting settings might have changed, alerting AdsMeasurementService
I/GCoreUlr( 2885): Batch Location Update succeeded for account account#6#
D/AdsMeasurementBroadcastReceiver( 2582): Unauthorized to start the main service
I/GCoreUlr( 2885): Ensuring that reporting is active for [account#6#]
I/GCoreUlr( 2885): Starting service, intent=Intent { act=com.google.android.location.reporting.ACTION_LOCATION_STATUS cmp=com.google.android.gms/com.google.android.location.reporting.service.DispatchingService (has extras) }, extras=Bundle[{status=LocationStatus[cell status: STATUS_SUCCESSFUL, wifi status: STATUS_TIMED_OUT_ON_SCAN, elapsed realtime ns: 325776642080256]}]
D/lights  ( 2241): set_light_buttons: 1
D/AKMD2   ( 2241): akm_enable_sensor: Accel is enabled. (orien = 0)
I/AKMD2   ( 2241): enable_accelerometer, mEnabled = 0, enable = 1
D/TinyALSA-Audio Hardware( 1860): audio_hw_set_parameters(0x41215840, screen_state=on)++
D/TinyALSA-Audio Hardware( 1860): audio_hw_set_parameters(0x41215840, screen_state=on)-- (PARAMETER ERROR)
D/PowerManagerService-JNI( 2241): Excessive delay in autosuspend_disable() while turning screen on: 215ms
D/SurfaceFlinger( 1857): Screen acquired, type=0 flinger=0x406b3008
D/lights  ( 2241): set_light_buttons: 2
D/SurfaceFlinger( 1857): Screen released, type=0 flinger=0x406b3008
D/AKMD2   ( 2241): akm_disable_sensor: Accel is disabled. (orien = 0)
I/AKMD2   ( 2241): enable_accelerometer, mEnabled = 1, enable = 0
I/Choreographer( 2375): Skipped 38 frames!  The application may be doing too much work on its main thread.
W/View    ( 2375): requestLayout() improperly called by android.widget.TextClock{429cd658 V.ED.... ......ID 0,0-106,129 #7f0b0013 app:id/clock1_regular} during layout: running second layout pass
W/View    ( 2375): requestLayout() improperly called by android.widget.TextClock{429cdc60 V.ED.... ......ID 106,0-229,129 #7f0b0014 app:id/clock2_regular} during layout: running second layout pass
W/View    ( 2375): requestLayout() improperly called by android.widget.TextClock{429ceff8 V.ED.... ......ID 57,1-203,26 #7f0b0018 app:id/date_bold} during layout: running second layout pass
W/View    ( 2375): requestLayout() improperly called by android.widget.TextView{429d0020 V.ED.... ......ID 245,1-322,26 #7f0b001b app:id/nextAlarm_bold} during layout: running second layout pass
W/View    ( 2375): requestLayout() improperly called by android.widget.TextView{423374d0 V.ED.... ......ID 6,6-133,35 #7f0b0021 app:id/weather_city} during layout: running second layout pass
W/View    ( 2375): requestLayout() improperly called by android.widget.TextView{41c907c0 V.ED.... ......ID 27,35-133,37 #7f0b0027 app:id/weather_condition} during layout: running second layout pass
W/View    ( 2375): requestLayout() improperly called by android.widget.TextView{41e31230 V.ED.... ......ID 78,37-133,37 #7f0b0022 app:id/update_time} during layout: running second layout pass
W/View    ( 2375): requestLayout() improperly called by android.widget.TextView{41e56ed0 V.ED.... ......ID 1,0-65,41 #7f0b0024 app:id/weather_temp} during layout: running second layout pass
W/View    ( 2375): requestLayout() improperly called by android.widget.TextView{41ec7ac0 V.ED.... ......ID 0,43-66,43 #7f0b0026 app:id/weather_low_high} during layout: running second layout pass
D/TinyALSA-Audio Hardware( 1860): audio_hw_set_parameters(0x41215840, screen_state=off)++
D/TinyALSA-Audio Hardware( 1860): audio_hw_set_parameters(0x41215840, screen_state=off)-- (PARAMETER ERROR)
E/fb4a(:<default>):MqttOperationManager(21549): Unexpected duplicate message ID -1 for operation PINGRESP.
D/AKMD2   ( 2241): akm_enable_sensor: Accel is enabled. (orien = 0)
I/AKMD2   ( 2241): enable_accelerometer, mEnabled = 0, enable = 1
D/AKMD2   ( 2241): akm_disable_sensor: Accel is disabled. (orien = 0)
I/AKMD2   ( 2241): enable_accelerometer, mEnabled = 1, enable = 0
D/AKMD2   ( 2241): akm_enable_sensor: Accel is enabled. (orien = 0)
I/AKMD2   ( 2241): enable_accelerometer, mEnabled = 0, enable = 1
I/wpa_supplicant(19609): wlan0: CTRL-EVENT-SCAN-STARTED 
D/AKMD2   ( 2241): akm_disable_sensor: Accel is disabled. (orien = 0)
I/AKMD2   ( 2241): enable_accelerometer, mEnabled = 1, enable = 0
I/GCoreUlr( 2885): Received powerMode change from NLP: com.google.android.location.activity.LOW_POWER_MODE_ENABLED
I/GCoreUlr( 2885): Starting service, intent=Intent { act=com.google.android.location.reporting.ACTION_UPDATE_ACTIVE_STATE cmp=com.google.android.gms/com.google.android.location.reporting.service.DispatchingService }, extras=null
I/GCoreUlr( 2885): Ensuring that reporting is active for [account#6#]
I/GCoreUlr( 2885): Starting service, intent=Intent { act=com.google.android.location.reporting.ACTION_LOCATION_STATUS cmp=com.google.android.gms/com.google.android.location.reporting.service.DispatchingService (has extras) }, extras=Bundle[{status=LocationStatus[cell status: STATUS_SUCCESSFUL, wifi status: STATUS_TIMED_OUT_ON_SCAN, elapsed realtime ns: 325776642080256]}]
W/LocationOracleImpl(23155): Not started: ignore location
I/GCoreUlr( 2885): Successfully inserted location
I/GCoreUlr( 2885): Not calling LocationReportingService, hasMoved: false, elapsed millis: 285041, request: Phone
I/wpa_supplicant(19609): wlan0: WPA: Group rekeying completed with 74:ea:3a:c2:50:c4 [GTK=CCMP]
I/wpa_supplicant(19609): wlan0: WPA: Group rekeying completed with 74:ea:3a:c2:50:c4 [GTK=CCMP]
I/wpa_supplicant(19609): wlan0: WPA: Group rekeying completed with 74:ea:3a:c2:50:c4 [GTK=CCMP]
D/AKMD2   ( 2241): akm_enable_sensor: Accel is enabled. (orien = 0)
I/AKMD2   ( 2241): enable_accelerometer, mEnabled = 0, enable = 1
I/wpa_supplicant(19609): wlan0: CTRL-EVENT-SCAN-STARTED 
D/AKMD2   ( 2241): akm_disable_sensor: Accel is disabled. (orien = 0)
I/AKMD2   ( 2241): enable_accelerometer, mEnabled = 1, enable = 0
W/LocationOracleImpl(23155): Not started: ignore location
I/GCoreUlr( 2885): Successfully inserted location
I/GCoreUlr( 2885): Not calling LocationReportingService, hasMoved: false, elapsed millis: 570019, request: Phone
I/EventLogService( 2582): Aggregate from 1410704400678 (log), 1410704400678 (data)
W/Uploader( 2582): No account for auth token provided
I/mbh     ( 2582): I/O exception (org.apache.http.NoHttpResponseException) caught when processing request: The target server failed to respond
I/mbh     ( 2582): Retrying request
D/lights  ( 2241): set_light_buttons: 1
D/AKMD2   ( 2241): akm_enable_sensor: Accel is enabled. (orien = 0)
I/AKMD2   ( 2241): enable_accelerometer, mEnabled = 0, enable = 1
D/TinyALSA-Audio Hardware( 1860): audio_hw_set_parameters(0x41215840, screen_state=on)++
D/TinyALSA-Audio Hardware( 1860): audio_hw_set_parameters(0x41215840, screen_state=on)-- (PARAMETER ERROR)
D/PowerManagerService-JNI( 2241): Excessive delay in autosuspend_disable() while turning screen on: 217ms
D/SurfaceFlinger( 1857): Screen acquired, type=0 flinger=0x406b3008
D/SizeAdaptiveLayout( 2375): com.android.internal.widget.SizeAdaptiveLayout{4253f390 V.E..... ......I. 0,0-0,0 #7f08007b app:id/adaptive}child view android.widget.FrameLayout{41eaa440 G.E..... ......ID 0,0-0,0 #10202d7 android:id/status_bar_latest_event_content} measured out of bounds at 95px clamped to 96px
D/SizeAdaptiveLayout( 2375): com.android.internal.widget.SizeAdaptiveLayout{4253f390 V.E..... ......I. 0,0-0,0 #7f08007b app:id/adaptive}child view android.widget.FrameLayout{41eaa440 G.E..... ......ID 0,0-0,0 #10202d7 android:id/status_bar_latest_event_content} measured out of bounds at 95px clamped to 96px
V/PanelView( 2375): animationTick called with dtms=0; nothing to do (h=428.0 v=2636.5354)
V/PanelView( 2375): animationTick called with dtms=-5; nothing to do (h=428.0 v=2636.5354)
D/PhoneStatusBar( 2375): disable: < expand icons alerts ticker system_info back* home* RECENT clock* search >
V/PanelView( 2375): animationTick called with dtms=0; nothing to do (h=450.04727 v=-3821.2717)
D/PhoneStatusBar( 2375): disable: < expand icons alerts ticker system_info BACK* HOME* RECENT CLOCK* search >
D/lights  ( 2241): set_light_buttons: 2
D/SurfaceFlinger( 1857): Screen released, type=0 flinger=0x406b3008
D/AKMD2   ( 2241): akm_disable_sensor: Accel is disabled. (orien = 0)
I/AKMD2   ( 2241): enable_accelerometer, mEnabled = 1, enable = 0
W/View    ( 2375): requestLayout() improperly called by android.widget.TextClock{41e73150 V.ED.... ......ID 0,0-106,129 #7f0b0013 app:id/clock1_regular} during layout: running second layout pass
W/View    ( 2375): requestLayout() improperly called by android.widget.TextClock{41eb4088 V.ED.... ......ID 106,0-229,129 #7f0b0014 app:id/clock2_regular} during layout: running second layout pass
W/View    ( 2375): requestLayout() improperly called by android.widget.TextClock{41f49ee8 V.ED.... ......ID 57,1-203,26 #7f0b0018 app:id/date_bold} during layout: running second layout pass
W/View    ( 2375): requestLayout() improperly called by android.widget.TextView{41d21c90 V.ED.... ......ID 245,1-322,26 #7f0b001b app:id/nextAlarm_bold} during layout: running second layout pass
W/View    ( 2375): requestLayout() improperly called by android.widget.TextView{41f51678 V.ED.... ......ID 6,6-133,35 #7f0b0021 app:id/weather_city} during layout: running second layout pass
W/View    ( 2375): requestLayout() improperly called by android.widget.TextView{41f51f60 V.ED.... ......ID 27,35-133,37 #7f0b0027 app:id/weather_condition} during layout: running second layout pass
W/View    ( 2375): requestLayout() improperly called by android.widget.TextView{41f52d78 V.ED.... ......ID 78,37-133,37 #7f0b0022 app:id/update_time} during layout: running second layout pass
W/View    ( 2375): requestLayout() improperly called by android.widget.TextView{41fd0848 V.ED.... ......ID 1,0-65,41 #7f0b0024 app:id/weather_temp} during layout: running second layout pass
W/View    ( 2375): requestLayout() improperly called by android.widget.TextView{41fd7600 V.ED.... ......ID 0,43-66,43 #7f0b0026 app:id/weather_low_high} during layout: running second layout pass
D/TinyALSA-Audio Hardware( 1860): audio_hw_set_parameters(0x41215840, screen_state=off)++
D/TinyALSA-Audio Hardware( 1860): audio_hw_set_parameters(0x41215840, screen_state=off)-- (PARAMETER ERROR)
W/GCM     ( 2685): Heartbeat timeout, GCM connection reset
D/AKMD2   ( 2241): akm_enable_sensor: Accel is enabled. (orien = 0)
I/AKMD2   ( 2241): enable_accelerometer, mEnabled = 0, enable = 1
D/GCM     ( 2685): Connected
D/AKMD2   ( 2241): akm_disable_sensor: Accel is disabled. (orien = 0)
I/AKMD2   ( 2241): enable_accelerometer, mEnabled = 1, enable = 0
I/GCM     ( 2685): GCM message com.google.android.gsf.gtalkservice 
D/GCM     ( 2685): Message class mpf
D/StatusBar.NetworkController( 2375): updateConnectivity: intent=Intent { act=android.net.conn.INET_CONDITION_ACTION flg=0x4000010 (has extras) }
D/StatusBar.NetworkController( 2375): updateConnectivity: networkInfo=NetworkInfo: type: WIFI[], state: CONNECTED/CONNECTED, reason: (unspecified), extra: "OpenWrt - 2", roaming: false, failover: false, isAvailable: true, isConnectedToProvisioningNetwork: false
D/StatusBar.NetworkController( 2375): updateConnectivity: connectionStatus=100
V/Zygote  (24922): Switching descriptor 32 to /dev/null
V/Zygote  (24922): Switching descriptor 10 to /dev/null
D/ActivityThread(24922): handleBindApplication:com.android.settings
D/ActivityThread(24922): setTargetHeapUtilization:0.25
D/ActivityThread(24922): setTargetHeapMinFree:524288
D/CMStats (24922): User has opted in -- reporting.
I/wpa_supplicant(19609): wlan0: CTRL-EVENT-SCAN-STARTED 
D/CMStats (24922): SERVICE: Device ID=44C07AC5D1C967F1F58BCC85328B31AD
D/CMStats (24922): SERVICE: Device Name=i9100
D/CMStats (24922): SERVICE: Device Version=11-20140804-SNAPSHOT-M9-i9100
D/CMStats (24922): SERVICE: Country=nl
D/CMStats (24922): SERVICE: Carrier=vodafone NL
D/CMStats (24922): SERVICE: Carrier ID=20404
D/CMStats (24922): Next sync attempt in : 23 hours
W/ContextImpl(24922): Implicit intents with startService are not safe: Intent { act=com.google.android.gms.analytics.service.START (has extras) } android.content.ContextWrapper.bindService:517 com.google.analytics.tracking.android.AnalyticsGmsCoreClient.connect:82 com.google.analytics.tracking.android.GAServiceProxy.connectToService:279 
I/GAV2    (24922): Thread[GAThread,5,main]: No campaign data found.
W/LocationOracleImpl(23155): Not started: ignore location
W/GA-SERVICE( 2582): Thread[Thread-1620,5,main]:  Using destination https://ssl.google-analytics.com
I/GCoreUlr( 2885): Successfully inserted location
I/GCoreUlr( 2885): Not calling LocationReportingService, hasMoved: false, elapsed millis: 855173, request: Phone
I/wpa_supplicant(19609): wlan0: WPA: Group rekeying completed with 74:ea:3a:c2:50:c4 [GTK=CCMP]
I/wpa_supplicant(19609): wlan0: WPA: Group rekeying completed with 74:ea:3a:c2:50:c4 [GTK=CCMP]
D/AKMD2   ( 2241): akm_enable_sensor: Accel is enabled. (orien = 0)
I/AKMD2   ( 2241): enable_accelerometer, mEnabled = 0, enable = 1
D/AKMD2   ( 2241): akm_disable_sensor: Accel is disabled. (orien = 0)
I/AKMD2   ( 2241): enable_accelerometer, mEnabled = 1, enable = 0
V/Zygote  (24963): Switching descriptor 32 to /dev/null
V/Zygote  (24963): Switching descriptor 10 to /dev/null
I/wpa_supplicant(19609): wlan0: CTRL-EVENT-SCAN-STARTED 
D/AKMD2   ( 2241): akm_enable_sensor: Accel is enabled. (orien = 0)
I/AKMD2   ( 2241): enable_accelerometer, mEnabled = 0, enable = 1
D/ActivityThread(24963): handleBindApplication:com.google.android.apps.maps
D/ActivityThread(24963): setTargetHeapUtilization:0.25
D/ActivityThread(24963): setTargetHeapMinFree:524288
D/dalvikvm(24963): Trying to load lib /data/app-lib/com.google.android.apps.maps-1/libcrashreporter.so 0x41c644f0
D/dalvikvm(24963): Added shared lib /data/app-lib/com.google.android.apps.maps-1/libcrashreporter.so 0x41c644f0
D/dalvikvm(24963): Trying to load lib /data/app-lib/com.google.android.apps.maps-1/libgmm-jni.so 0x41c644f0
D/dalvikvm(24963): Added shared lib /data/app-lib/com.google.android.apps.maps-1/libgmm-jni.so 0x41c644f0
D/AKMD2   ( 2241): akm_disable_sensor: Accel is disabled. (orien = 0)
I/AKMD2   ( 2241): enable_accelerometer, mEnabled = 1, enable = 0
I/GCoreUlr( 2885): Received powerMode change from NLP: com.google.android.location.activity.LOW_POWER_MODE_ENABLED
I/GCoreUlr( 2885): Starting service, intent=Intent { act=com.google.android.location.reporting.ACTION_UPDATE_ACTIVE_STATE cmp=com.google.android.gms/com.google.android.location.reporting.service.DispatchingService }, extras=null
I/GCoreUlr( 2885): Ensuring that reporting is active for [account#6#]
I/GCoreUlr( 2885): Starting service, intent=Intent { act=com.google.android.location.reporting.ACTION_LOCATION_STATUS cmp=com.google.android.gms/com.google.android.location.reporting.service.DispatchingService (has extras) }, extras=Bundle[{status=LocationStatus[cell status: STATUS_SUCCESSFUL, wifi status: STATUS_TIMED_OUT_ON_SCAN, elapsed realtime ns: 325776642080256]}]
V/Zygote  (25005): Switching descriptor 32 to /dev/null
V/Zygote  (25005): Switching descriptor 10 to /dev/null
