D/StrictMode(25820): 	at android.app.ActivityThread.main(ActivityThread.java:5139)
D/StrictMode(25820): 	at java.lang.reflect.Method.invokeNative(Native Method)
D/StrictMode(25820): 	at java.lang.reflect.Method.invoke(Method.java:515)
D/StrictMode(25820): 	at com.android.internal.os.ZygoteInit$MethodAndArgsCaller.run(ZygoteInit.java:796)
D/StrictMode(25820): 	at com.android.internal.os.ZygoteInit.main(ZygoteInit.java:612)
D/StrictMode(25820): 	at dalvik.system.NativeStart.main(Native Method)
D/StrictMode(25820): StrictMode policy violation; ~duration=797 ms: android.os.StrictMode$StrictModeDiskReadViolation: policy=287 violation=2
D/StrictMode(25820): 	at android.os.StrictMode$AndroidBlockGuardPolicy.onReadFromDisk(StrictMode.java:1135)
D/StrictMode(25820): 	at android.database.sqlite.SQLiteConnection.applyBlockGuardPolicy(SQLiteConnection.java:1041)
D/StrictMode(25820): 	at android.database.sqlite.SQLiteConnection.executeForCursorWindow(SQLiteConnection.java:842)
D/StrictMode(25820): 	at android.database.sqlite.SQLiteSession.executeForCursorWindow(SQLiteSession.java:836)
D/StrictMode(25820): 	at android.database.sqlite.SQLiteQuery.fillWindow(SQLiteQuery.java:62)
D/StrictMode(25820): 	at android.database.sqlite.SQLiteCursor.fillWindow(SQLiteCursor.java:144)
D/StrictMode(25820): 	at android.database.sqlite.SQLiteCursor.getCount(SQLiteCursor.java:133)
D/StrictMode(25820): 	at android.database.CursorToBulkCursorAdaptor.getBulkCursorDescriptor(CursorToBulkCursorAdaptor.java:148)
D/StrictMode(25820): 	at android.content.ContentProviderNative.onTransact(ContentProviderNative.java:122)
D/StrictMode(25820): 	at android.os.Binder.execTransact(Binder.java:404)
D/StrictMode(25820): 	at dalvik.system.NativeStart.run(Native Method)
D/StrictMode(25820): # via Binder call with stack:
D/StrictMode(25820): android.os.StrictMode$LogStackTrace
D/StrictMode(25820): 	at android.os.StrictMode.readAndHandleBinderCallViolations(StrictMode.java:1705)
D/StrictMode(25820): 	at android.os.Parcel.readExceptionCode(Parcel.java:1447)
D/StrictMode(25820): 	at android.database.DatabaseUtils.readExceptionFromParcel(DatabaseUtils.java:134)
D/StrictMode(25820): 	at android.content.ContentProviderProxy.query(ContentProviderNative.java:420)
D/StrictMode(25820): 	at android.content.ContentResolver.query(ContentResolver.java:461)
D/StrictMode(25820): 	at android.content.ContentResolver.query(ContentResolver.java:404)
D/StrictMode(25820): 	at com.google.android.c.c.a(PG:89)
D/StrictMode(25820): 	at com.google.android.c.c.a(PG:109)
D/StrictMode(25820): 	at com.google.android.apps.gmm.map.u.p.a(PG:301)
D/StrictMode(25820): 	at com.google.android.apps.gmm.map.u.p.a(PG:170)
D/StrictMode(25820): 	at com.google.android.apps.gmm.map.c.b.a(PG:169)
D/StrictMode(25820): 	at com.google.android.apps.gmm.base.app.a.<init>(PG:208)
D/StrictMode(25820): 	at com.google.android.apps.gmm.base.app.GoogleMapsApplication.onCreate(PG:66)
D/StrictMode(25820): 	at android.app.Instrumentation.callApplicationOnCreate(Instrumentation.java:1007)
D/StrictMode(25820): 	at android.app.ActivityThread.handleBindApplication(ActivityThread.java:4466)
D/StrictMode(25820): 	at android.app.ActivityThread.access$1500(ActivityThread.java:144)
D/StrictMode(25820): 	at android.app.ActivityThread$H.handleMessage(ActivityThread.java:1265)
D/StrictMode(25820): 	at android.os.Handler.dispatchMessage(Handler.java:102)
D/StrictMode(25820): 	at android.os.Looper.loop(Looper.java:136)
D/StrictMode(25820): 	at android.app.ActivityThread.main(ActivityThread.java:5139)
D/StrictMode(25820): 	at java.lang.reflect.Method.invokeNative(Native Method)
D/StrictMode(25820): 	at java.lang.reflect.Method.invoke(Method.java:515)
D/StrictMode(25820): 	at com.android.internal.os.ZygoteInit$MethodAndArgsCaller.run(ZygoteInit.java:796)
D/StrictMode(25820): 	at com.android.internal.os.ZygoteInit.main(ZygoteInit.java:612)
D/StrictMode(25820): 	at dalvik.system.NativeStart.main(Native Method)
D/StrictMode(25820): StrictMode policy violation; ~duration=770 ms: android.os.StrictMode$StrictModeDiskReadViolation: policy=31 violation=2
D/StrictMode(25820): 	at android.os.StrictMode$AndroidBlockGuardPolicy.onReadFromDisk(StrictMode.java:1135)
D/StrictMode(25820): 	at libcore.io.BlockGuardOs.open(BlockGuardOs.java:106)
D/StrictMode(25820): 	at libcore.io.IoBridge.open(IoBridge.java:393)
D/StrictMode(25820): 	at java.io.FileInputStream.<init>(FileInputStream.java:78)
D/StrictMode(25820): 	at android.app.ContextImpl.openFileInput(ContextImpl.java:844)
D/StrictMode(25820): 	at android.content.ContextWrapper.openFileInput(ContextWrapper.java:179)
D/StrictMode(25820): 	at com.google.android.apps.gmm.u.b.i.a(PG:149)
D/StrictMode(25820): 	at com.google.android.apps.gmm.map.u.a.b.b(PG:494)
D/StrictMode(25820): 	at com.google.android.apps.gmm.map.c.b.a(PG:169)
D/StrictMode(25820): 	at com.google.android.apps.gmm.base.app.a.<init>(PG:208)
D/StrictMode(25820): 	at com.google.android.apps.gmm.base.app.GoogleMapsApplication.onCreate(PG:66)
D/StrictMode(25820): 	at android.app.Instrumentation.callApplicationOnCreate(Instrumentation.java:1007)
D/StrictMode(25820): 	at android.app.ActivityThread.handleBindApplication(ActivityThread.java:4466)
D/StrictMode(25820): 	at android.app.ActivityThread.access$1500(ActivityThread.java:144)
D/StrictMode(25820): 	at android.app.ActivityThread$H.handleMessage(ActivityThread.java:1265)
D/StrictMode(25820): 	at android.os.Handler.dispatchMessage(Handler.java:102)
D/StrictMode(25820): 	at android.os.Looper.loop(Looper.java:136)
D/StrictMode(25820): 	at android.app.ActivityThread.main(ActivityThread.java:5139)
D/StrictMode(25820): 	at java.lang.reflect.Method.invokeNative(Native Method)
D/StrictMode(25820): 	at java.lang.reflect.Method.invoke(Method.java:515)
D/StrictMode(25820): 	at com.android.internal.os.ZygoteInit$MethodAndArgsCaller.run(ZygoteInit.java:796)
D/StrictMode(25820): 	at com.android.internal.os.ZygoteInit.main(ZygoteInit.java:612)
D/StrictMode(25820): 	at dalvik.system.NativeStart.main(Native Method)
D/StrictMode(25820): StrictMode policy violation; ~duration=762 ms: android.os.StrictMode$StrictModeDiskReadViolation: policy=31 violation=2
D/StrictMode(25820): 	at android.os.StrictMode$AndroidBlockGuardPolicy.onReadFromDisk(StrictMode.java:1135)
D/StrictMode(25820): 	at libcore.io.BlockGuardOs.read(BlockGuardOs.java:148)
D/StrictMode(25820): 	at libcore.io.IoBridge.read(IoBridge.java:425)
D/StrictMode(25820): 	at java.io.FileInputStream.read(FileInputStream.java:179)
D/StrictMode(25820): 	at java.io.BufferedInputStream.read(BufferedInputStream.java:283)
D/StrictMode(25820): 	at java.io.DataInputStream.read(DataInputStream.java:63)
D/StrictMode(25820): 	at com.google.n.j.c(PG:1148)
D/StrictMode(25820): 	at com.google.n.j.a(PG:121)
D/StrictMode(25820): 	at com.google.q.b.a.cs.<init>(PG:1222)
D/StrictMode(25820): 	at com.google.q.b.a.cs.<init>(PG:1187)
D/StrictMode(25820): 	at com.google.q.b.a.ct.a(PG:1266)
D/StrictMode(25820): 	at com.google.n.e.a(PG:168)
D/StrictMode(25820): 	at com.google.n.e.b(PG:21)
D/StrictMode(25820): 	at com.google.android.apps.gmm.u.b.i.a(PG:150)
D/StrictMode(25820): 	at com.google.android.apps.gmm.map.u.a.b.b(PG:494)
D/StrictMode(25820): 	at com.google.android.apps.gmm.map.c.b.a(PG:169)
D/StrictMode(25820): 	at com.google.android.apps.gmm.base.app.a.<init>(PG:208)
D/StrictMode(25820): 	at com.google.android.apps.gmm.base.app.GoogleMapsApplication.onCreate(PG:66)
D/StrictMode(25820): 	at android.app.Instrumentation.callApplicationOnCreate(Instrumentation.java:1007)
D/StrictMode(25820): 	at android.app.ActivityThread.handleBindApplication(ActivityThread.java:4466)
D/StrictMode(25820): 	at android.app.ActivityThread.access$1500(ActivityThread.java:144)
D/StrictMode(25820): 	at android.app.ActivityThread$H.handleMessage(ActivityThread.java:1265)
D/StrictMode(25820): 	at android.os.Handler.dispatchMessage(Handler.java:102)
D/StrictMode(25820): 	at android.os.Looper.loop(Looper.java:136)
D/StrictMode(25820): 	at android.app.ActivityThread.main(ActivityThread.java:5139)
D/StrictMode(25820): 	at java.lang.reflect.Method.invokeNative(Native Method)
D/StrictMode(25820): 	at java.lang.reflect.Method.invoke(Method.java:515)
D/StrictMode(25820): 	at com.android.internal.os.ZygoteInit$MethodAndArgsCaller.run(ZygoteInit.java:796)
D/StrictMode(25820): 	at com.android.internal.os.ZygoteInit.main(ZygoteInit.java:612)
D/StrictMode(25820): 	at dalvik.system.NativeStart.main(Native Method)
D/StrictMode(25820): StrictMode policy violation; ~duration=616 ms: android.os.StrictMode$StrictModeDiskReadViolation: policy=31 violation=2
D/StrictMode(25820): 	at android.os.StrictMode$AndroidBlockGuardPolicy.onReadFromDisk(StrictMode.java:1135)
D/StrictMode(25820): 	at android.app.SharedPreferencesImpl.awaitLoadedLocked(SharedPreferencesImpl.java:203)
D/StrictMode(25820): 	at android.app.SharedPreferencesImpl.getInt(SharedPreferencesImpl.java:239)
D/StrictMode(25820): 	at com.google.android.apps.gmm.y.k.<init>(PG:132)
D/StrictMode(25820): 	at com.google.android.apps.gmm.y.k.<init>(PG:121)
D/StrictMode(25820): 	at com.google.android.apps.gmm.base.app.a.l_(PG:384)
D/StrictMode(25820): 	at com.google.android.apps.gmm.g.a.<init>(PG:133)
D/StrictMode(25820): 	at com.google.android.apps.gmm.base.app.a.<init>(PG:213)
D/StrictMode(25820): 	at com.google.android.apps.gmm.base.app.GoogleMapsApplication.onCreate(PG:66)
D/StrictMode(25820): 	at android.app.Instrumentation.callApplicationOnCreate(Instrumentation.java:1007)
D/StrictMode(25820): 	at android.app.ActivityThread.handleBindApplication(ActivityThread.java:4466)
D/StrictMode(25820): 	at android.app.ActivityThread.access$1500(ActivityThread.java:144)
D/StrictMode(25820): 	at android.app.ActivityThread$H.handleMessage(ActivityThread.java:1265)
D/StrictMode(25820): 	at android.os.Handler.dispatchMessage(Handler.java:102)
D/StrictMode(25820): 	at android.os.Looper.loop(Looper.java:136)
D/StrictMode(25820): 	at android.app.ActivityThread.main(ActivityThread.java:5139)
D/StrictMode(25820): 	at java.lang.reflect.Method.invokeNative(Native Method)
D/StrictMode(25820): 	at java.lang.reflect.Method.invoke(Method.java:515)
D/StrictMode(25820): 	at com.android.internal.os.ZygoteInit$MethodAndArgsCaller.run(ZygoteInit.java:796)
D/StrictMode(25820): 	at com.android.internal.os.ZygoteInit.main(ZygoteInit.java:612)
D/StrictMode(25820): 	at dalvik.system.NativeStart.main(Native Method)
D/StrictMode(25820): StrictMode policy violation; ~duration=478 ms: android.os.StrictMode$StrictModeDiskReadViolation: policy=287 violation=2
D/StrictMode(25820): 	at android.os.StrictMode$AndroidBlockGuardPolicy.onReadFromDisk(StrictMode.java:1135)
D/StrictMode(25820): 	at android.database.sqlite.SQLiteConnection.applyBlockGuardPolicy(SQLiteConnection.java:1041)
D/StrictMode(25820): 	at android.database.sqlite.SQLiteConnection.executeForCursorWindow(SQLiteConnection.java:842)
D/StrictMode(25820): 	at android.database.sqlite.SQLiteSession.executeForCursorWindow(SQLiteSession.java:836)
D/StrictMode(25820): 	at android.database.sqlite.SQLiteQuery.fillWindow(SQLiteQuery.java:62)
D/StrictMode(25820): 	at android.database.sqlite.SQLiteCursor.fillWindow(SQLiteCursor.java:144)
D/StrictMode(25820): 	at android.database.sqlite.SQLiteCursor.getCount(SQLiteCursor.java:133)
D/StrictMode(25820): 	at android.database.CursorToBulkCursorAdaptor.getBulkCursorDescriptor(CursorToBulkCursorAdaptor.java:148)
D/StrictMode(25820): 	at android.content.ContentProviderNative.onTransact(ContentProviderNative.java:122)
D/StrictMode(25820): 	at android.os.Binder.execTransact(Binder.java:404)
D/StrictMode(25820): 	at dalvik.system.NativeStart.run(Native Method)
D/StrictMode(25820): # via Binder call with stack:
D/StrictMode(25820): android.os.StrictMode$LogStackTrace
D/StrictMode(25820): 	at android.os.StrictMode.readAndHandleBinderCallViolations(StrictMode.java:1705)
D/StrictMode(25820): 	at android.os.Parcel.readExceptionCode(Parcel.java:1447)
D/StrictMode(25820): 	at android.database.DatabaseUtils.readExceptionFromParcel(DatabaseUtils.java:134)
D/StrictMode(25820): 	at android.content.ContentProviderProxy.query(ContentProviderNative.java:420)
D/StrictMode(25820): 	at android.content.ContentResolver.query(ContentResolver.java:461)
D/StrictMode(25820): 	at android.content.ContentResolver.query(ContentResolver.java:404)
D/StrictMode(25820): 	at com.google.android.apps.gmm.map.n.a.c.b(PG:62)
D/StrictMode(25820): 	at com.google.android.apps.gmm.map.n.a.c.a(PG:96)
D/StrictMode(25820): 	at com.google.android.apps.gmm.location.c.m.a(PG:207)
D/StrictMode(25820): 	at com.google.android.apps.gmm.location.c.m.<init>(PG:188)
D/StrictMode(25820): 	at com.google.android.apps.gmm.base.app.a.<init>(PG:229)
D/StrictMode(25820): 	at com.google.android.apps.gmm.base.app.GoogleMapsApplication.onCreate(PG:66)
D/StrictMode(25820): 	at android.app.Instrumentation.callApplicationOnCreate(Instrumentation.java:1007)
D/StrictMode(25820): 	at android.app.ActivityThread.handleBindApplication(ActivityThread.java:4466)
D/StrictMode(25820): 	at android.app.ActivityThread.access$1500(ActivityThread.java:144)
D/StrictMode(25820): 	at android.app.ActivityThread$H.handleMessage(ActivityThread.java:1265)
D/StrictMode(25820): 	at android.os.Handler.dispatchMessage(Handler.java:102)
D/StrictMode(25820): 	at android.os.Looper.loop(Looper.java:136)
D/StrictMode(25820): 	at android.app.ActivityThread.main(ActivityThread.java:5139)
D/StrictMode(25820): 	at java.lang.reflect.Method.invokeNative(Native Method)
D/StrictMode(25820): 	at java.lang.reflect.Method.invoke(Method.java:515)
D/StrictMode(25820): 	at com.android.internal.os.ZygoteInit$MethodAndArgsCaller.run(ZygoteInit.java:796)
D/StrictMode(25820): 	at com.android.internal.os.ZygoteInit.main(ZygoteInit.java:612)
D/StrictMode(25820): 	at dalvik.system.NativeStart.main(Native Method)
W/SettingsHelper(25866): Couldn't read prefered locale from settings.
W/VoiceDataUpdater(25866): Avaiable voices info is not ready yet
W/SettingsHelper(25866): Couldn't read prefered locale from settings.
I/GoogleTTSService(25866): Creating Google TTS service, version 3.2.12.1369973.arm
D/dalvikvm(25866): Trying to load lib /data/app-lib/com.google.android.tts-2/libspeexwrapper_ub.210302120.so 0x41c648a0
D/dalvikvm(25866): Added shared lib /data/app-lib/com.google.android.tts-2/libspeexwrapper_ub.210302120.so 0x41c648a0
D/dalvikvm(25866): Trying to load lib /data/app-lib/com.google.android.tts-2/libpatts_engine_jni_api_ub.210302120.so 0x41c648a0
I/TextToSpeech(25820): Connected to ComponentInfo{com.google.android.tts/com.google.android.tts.service.GoogleTTSService}
I/TextToSpeech(25820): Set up connection to ComponentInfo{com.google.android.tts/com.google.android.tts.service.GoogleTTSService}
D/dalvikvm(25866): Added shared lib /data/app-lib/com.google.android.tts-2/libpatts_engine_jni_api_ub.210302120.so 0x41c648a0
I/patts   (25866): [embedded_hmm_synthesizer.cc:21] Embedded HMM synthesizer initialized.
I/patts   (25866): [jni_loader.cc:74] Patts JNI loaded successfully.
I/patts   (25866): Loading project file (apk mode is true,assets from com.google.android.tts) ...
I/patts   (25866): [android_project_file.cc:35] Loading "voices/en-gb-x-fis-phone-hmm/phonology.cfg" ...
I/patts   (25866): [android_project_file.cc:35] Loading "voices/en-gb-x-fis-phone-hmm/compressed_lexicon_en_gb.blex" ...
I/patts   (25866): [android_project_file.cc:35] Loading "voices/en-gb-x-fis-phone-hmm/phonology.pb" ...
I/patts   (25866): [android_project_file.cc:35] Loading "voices/en-gb-x-fis-phone-hmm/rewrite_android.far" ...
I/patts   (25866): [grm-manager.h:57] Loading FST archive from "voices/en-gb-x-fis-phone-hmm/rewrite_android.far" ...
I/patts   (25866): [android_project_file.cc:35] Loading "voices/en-gb-x-fis-phone-hmm/tokenize_and_classify_embedded_android.far" ...
I/patts   (25866): [grm-manager.h:57] Loading FST archive from "voices/en-gb-x-fis-phone-hmm/tokenize_and_classify_embedded_android.far" ...
I/patts   (25866): [android_project_file.cc:35] Loading "voices/en-gb-x-fis-phone-hmm/textnorm_params_embedded.pb" ...
I/patts   (25866): [android_project_file.cc:35] Loading "voices/en-gb-x-fis-phone-hmm/resolve_homographs_simple_gb.pb" ...
I/patts   (25866): [android_project_file.cc:35] Loading "voices/en-gb-x-fis-phone-hmm/mapping_grammar_android.far" ...
I/patts   (25866): [grm-manager.h:57] Loading FST archive from "voices/en-gb-x-fis-phone-hmm/mapping_grammar_android.far" ...
I/patts   (25866): [android_project_file.cc:35] Loading "voices/en-gb-x-fis-phone-hmm/roman_numeral_contexts.pb" ...
I/patts   (25866): [android_project_file.cc:35] Loading "voices/en-gb-x-fis-phone-hmm/roman_numeral_android.far" ...
I/patts   (25866): [grm-manager.h:57] Loading FST archive from "voices/en-gb-x-fis-phone-hmm/roman_numeral_android.far" ...
I/patts   (25866): [android_project_file.cc:35] Loading "voices/en-gb-x-fis-phone-hmm/lseq_compact_model_farm32.pb" ...
I/patts   (25866): [android_project_file.cc:35] Loading "voices/en-gb-x-fis-phone-hmm/feats_android.far" ...
I/patts   (25866): [grm-manager.h:57] Loading FST archive from "voices/en-gb-x-fis-phone-hmm/feats_android.far" ...
I/patts   (25866): [ranker.cc:106] LinearLseqRanker: using FarmHash32
I/patts   (25866): [android_project_file.cc:35] Loading "voices/en-gb-x-fis-phone-hmm/verbalize_android.far" ...
I/patts   (25866): [grm-manager.h:57] Loading FST archive from "voices/en-gb-x-fis-phone-hmm/verbalize_android.far" ...
I/patts   (25866): [android_project_file.cc:35] Loading "voices/en-gb-x-fis-phone-hmm/textnorm_params_embedded.pb" ...
I/patts   (25866): [android_project_file.cc:35] Loading "voices/en-gb-x-fis-phone-hmm/resolve_homographs_simple_gb.pb" ...
I/patts   (25866): [android_project_file.cc:35] Loading "voices/en-gb-x-fis-phone-hmm/g2p_m3_syls0_stress0_en-GB.fst" ...
I/patts   (25866): [compact_fst.cc:31] Loading FST from "voices/en-gb-x-fis-phone-hmm/g2p_m3_syls0_stress0_en-GB.fst" ...
I/patts   (25866): [decoder_impl.cc:78] g2p FST: 57 graphemes, 45 phonemes (with special symbols)
I/patts   (25866): [android_project_file.cc:35] Loading "voices/en-gb-x-fis-phone-hmm/en_gb.embedded.model.pb" ...
I/patts   (25866): [android_project_file.cc:35] Loading "voices/en-gb-x-fis-phone-hmm/engine_hmm_22050_ap-embedded_lsp.cfg" ...
I/patts   (25866): [embedded_hmm_synthesizer.cc:21] Embedded HMM synthesizer initialized.
I/patts   (25866): [android_project_file.cc:35] Loading "voices/en-gb-x-fis-phone-hmm/phonology.cfg" ...
I/patts   (25866): [android_project_file.cc:35] Loading "voices/en-gb-x-fis-phone-hmm/compile_hmm_phoneme.cfg" ...
I/patts   (25866): [android_project_file.cc:35] Loading "voices/en-gb-x-fis-phone-hmm/engine_hmm_22050_ap-embedded_lsp.cfg" ...
I/patts   (25866): [android_project_file.cc:35] Loading "voices/en-gb-x-fis-phone-hmm/patts1_hmm_voice_en_gb_fis_all_22050_phoneme_lsp_swop_ap_msd_bin_8bit.voice" ...
E/patts   (25866): [io_section_tags.cc:114] Opening tag "F0-BOX-COX-LAMBDA" not found
V/Zygote  (25901): Switching descriptor 32 to /dev/null
V/Zygote  (25901): Switching descriptor 10 to /dev/null
D/ActivityThread(25901): handleBindApplication:org.telegram.messenger
D/ActivityThread(25901): setTargetHeapUtilization:0.25
D/ActivityThread(25901): setTargetHeapMinFree:524288
D/dalvikvm(25901): Trying to load lib /data/app-lib/org.telegram.messenger-2/libtmessages.so 0x41c65c80
D/dalvikvm(25901): Added shared lib /data/app-lib/org.telegram.messenger-2/libtmessages.so 0x41c65c80
D/TinyALSA-Audio Hardware( 1860): audio_hw_get_input_buffer_size(0x41215840, 16000, 1, 1)++
D/TinyALSA-Audio Mixer( 1860): tinyalsa_mixer_get_input_props(0x412158f0)
D/TinyALSA-Audio Hardware( 1860): audio_hw_get_input_buffer_size(0x41215840, 16000, 1, 1)--
D/AudioPolicyManagerBase( 1860): getOutput() device 2, stream 3, samplingRate 0, format 0, channelMask 3, flags 0
D/AudioPolicyManagerBase( 1860): getOutput() returns output 2
D/AudioPolicyManagerBase( 1860): getOutput() device 2, stream 3, samplingRate 0, format 0, channelMask 3, flags 0
D/AudioPolicyManagerBase( 1860): getOutput() returns output 2
D/AudioPolicyManagerBase( 1860): getOutput() device 2, stream 3, samplingRate 0, format 0, channelMask 3, flags 0
D/AudioPolicyManagerBase( 1860): getOutput() returns output 2
W/LocationOracleImpl(23155): Not started: ignore location
I/GCoreUlr( 2885): Starting service, intent=Intent { act=com.google.android.location.reporting.ACTION_LOCATION_STATUS cmp=com.google.android.gms/com.google.android.location.reporting.service.DispatchingService (has extras) }, extras=Bundle[{status=LocationStatus[cell status: STATUS_SUCCESSFUL, wifi status: STATUS_SUCCESSFUL, elapsed realtime ns: 330906338210005]}]
I/GCoreUlr( 2885): Successfully inserted location
I/GCoreUlr( 2885): Not calling LocationReportingService, hasMoved: false, elapsed millis: 1163644, request: Phone
D/AKMD2   ( 2241): akm_enable_sensor: Accel is enabled. (orien = 0)
I/AKMD2   ( 2241): enable_accelerometer, mEnabled = 0, enable = 1
D/AKMD2   ( 2241): akm_disable_sensor: Accel is disabled. (orien = 0)
I/AKMD2   ( 2241): enable_accelerometer, mEnabled = 1, enable = 0
I/wpa_supplicant(19609): wlan0: WPA: Group rekeying completed with 74:ea:3a:c2:50:c4 [GTK=CCMP]
I/wpa_supplicant(19609): wlan0: WPA: Group rekeying completed with 74:ea:3a:c2:50:c4 [GTK=CCMP]
I/wpa_supplicant(19609): wlan0: WPA: Group rekeying completed with 74:ea:3a:c2:50:c4 [GTK=CCMP]
D/AKMD2   ( 2241): akm_enable_sensor: Accel is enabled. (orien = 0)
I/AKMD2   ( 2241): enable_accelerometer, mEnabled = 0, enable = 1
D/AKMD2   ( 2241): akm_disable_sensor: Accel is disabled. (orien = 0)
I/AKMD2   ( 2241): enable_accelerometer, mEnabled = 1, enable = 0
I/wpa_supplicant(19609): wlan0: CTRL-EVENT-SCAN-STARTED 
I/GCoreUlr( 2885): Starting service, intent=Intent { act=com.google.android.location.reporting.ACTION_LOCATION_STATUS cmp=com.google.android.gms/com.google.android.location.reporting.service.DispatchingService (has extras) }, extras=Bundle[{status=LocationStatus[cell status: STATUS_SUCCESSFUL, wifi status: STATUS_TIMED_OUT_ON_SCAN, elapsed realtime ns: 331192480918424]}]
W/LocationOracleImpl(23155): Not started: ignore location
I/GCoreUlr( 2885): Successfully inserted location
I/GCoreUlr( 2885): Not calling LocationReportingService, hasMoved: false, elapsed millis: 1449782, request: Phone
D/AKMD2   ( 2241): akm_enable_sensor: Accel is enabled. (orien = 0)
I/AKMD2   ( 2241): enable_accelerometer, mEnabled = 0, enable = 1
I/wpa_supplicant(19609): wlan0: CTRL-EVENT-SCAN-STARTED 
I/LatinIME:LogUtils( 2486): Dictionary info: dictionary = UserHistoryDictionary.nl.dict ; version = ? ; date = 1410710979
D/AKMD2   ( 2241): akm_disable_sensor: Accel is disabled. (orien = 0)
I/AKMD2   ( 2241): enable_accelerometer, mEnabled = 1, enable = 0
I/GCoreUlr( 2885): Received powerMode change from NLP: com.google.android.location.activity.LOW_POWER_MODE_ENABLED
I/GCoreUlr( 2885): Starting service, intent=Intent { act=com.google.android.location.reporting.ACTION_UPDATE_ACTIVE_STATE cmp=com.google.android.gms/com.google.android.location.reporting.service.DispatchingService }, extras=null
I/GCoreUlr( 2885): Ensuring that reporting is active for [account#6#]
I/GCoreUlr( 2885): Starting service, intent=Intent { act=com.google.android.location.reporting.ACTION_LOCATION_STATUS cmp=com.google.android.gms/com.google.android.location.reporting.service.DispatchingService (has extras) }, extras=Bundle[{status=LocationStatus[cell status: STATUS_SUCCESSFUL, wifi status: STATUS_TIMED_OUT_ON_SCAN, elapsed realtime ns: 331192480918424]}]
W/LocationOracleImpl(23155): Not started: ignore location
I/GCoreUlr( 2885): Successfully inserted location
I/GCoreUlr( 2885): Not calling LocationReportingService, hasMoved: false, elapsed millis: 1734946, request: Phone
D/AKMD2   ( 2241): akm_enable_sensor: Accel is enabled. (orien = 0)
I/AKMD2   ( 2241): enable_accelerometer, mEnabled = 0, enable = 1
I/wpa_supplicant(19609): wlan0: CTRL-EVENT-SCAN-STARTED 
D/AKMD2   ( 2241): akm_disable_sensor: Accel is disabled. (orien = 0)
I/AKMD2   ( 2241): enable_accelerometer, mEnabled = 1, enable = 0
W/LocationOracleImpl(23155): Not started: ignore location
D/AKMD2   ( 2241): akm_enable_sensor: Accel is enabled. (orien = 0)
I/AKMD2   ( 2241): enable_accelerometer, mEnabled = 0, enable = 1
I/GCoreUlr( 2885): Successfully inserted location
I/GCoreUlr( 2885): Not calling LocationReportingService, hasMoved: false, elapsed millis: 2030218, request: Phone
D/AKMD2   ( 2241): akm_disable_sensor: Accel is disabled. (orien = 0)
I/AKMD2   ( 2241): enable_accelerometer, mEnabled = 1, enable = 0
I/wpa_supplicant(19609): wlan0: WPA: Group rekeying completed with 74:ea:3a:c2:50:c4 [GTK=CCMP]
I/wpa_supplicant(19609): wlan0: WPA: Group rekeying completed with 74:ea:3a:c2:50:c4 [GTK=CCMP]
I/wpa_supplicant(19609): wlan0: WPA: Group rekeying completed with 74:ea:3a:c2:50:c4 [GTK=CCMP]
W/GCM     ( 2685): Heartbeat timeout, GCM connection reset
D/StatusBar.NetworkController( 2375): updateConnectivity: intent=Intent { act=android.net.conn.INET_CONDITION_ACTION flg=0x4000010 (has extras) }
D/StatusBar.NetworkController( 2375): updateConnectivity: networkInfo=NetworkInfo: type: WIFI[], state: CONNECTED/CONNECTED, reason: (unspecified), extra: "OpenWrt - 2", roaming: false, failover: false, isAvailable: true, isConnectedToProvisioningNetwork: false
D/StatusBar.NetworkController( 2375): updateConnectivity: connectionStatus=0
D/GCM     ( 2685): Connected
I/GCM     ( 2685): GCM message com.google.android.gsf.gtalkservice 
D/GCM     ( 2685): Message class mpf
D/StatusBar.NetworkController( 2375): updateConnectivity: intent=Intent { act=android.net.conn.INET_CONDITION_ACTION flg=0x4000010 (has extras) }
D/StatusBar.NetworkController( 2375): updateConnectivity: networkInfo=NetworkInfo: type: WIFI[], state: CONNECTED/CONNECTED, reason: (unspecified), extra: "OpenWrt - 2", roaming: false, failover: false, isAvailable: true, isConnectedToProvisioningNetwork: false
D/StatusBar.NetworkController( 2375): updateConnectivity: connectionStatus=100
D/AKMD2   ( 2241): akm_enable_sensor: Accel is enabled. (orien = 0)
I/AKMD2   ( 2241): enable_accelerometer, mEnabled = 0, enable = 1
D/AKMD2   ( 2241): akm_disable_sensor: Accel is disabled. (orien = 0)
I/AKMD2   ( 2241): enable_accelerometer, mEnabled = 1, enable = 0
I/wpa_supplicant(19609): wlan0: CTRL-EVENT-SCAN-STARTED 
D/AKMD2   ( 2241): akm_enable_sensor: Accel is enabled. (orien = 0)
I/AKMD2   ( 2241): enable_accelerometer, mEnabled = 0, enable = 1
D/AKMD2   ( 2241): akm_disable_sensor: Accel is disabled. (orien = 0)
I/AKMD2   ( 2241): enable_accelerometer, mEnabled = 1, enable = 0
W/LocationOracleImpl(23155): Not started: ignore location
I/GCoreUlr( 2885): Successfully inserted location
I/GCoreUlr( 2885): Not calling LocationReportingService, hasMoved: false, elapsed millis: 2392699, request: Phone
I/wpa_supplicant(19609): wlan0: WPA: Group rekeying completed with 74:ea:3a:c2:50:c4 [GTK=CCMP]
I/wpa_supplicant(19609): wlan0: WPA: Group rekeying completed with 74:ea:3a:c2:50:c4 [GTK=CCMP]
I/wpa_supplicant(19609): wlan0: WPA: Group rekeying completed with 74:ea:3a:c2:50:c4 [GTK=CCMP]
D/AKMD2   ( 2241): akm_enable_sensor: Accel is enabled. (orien = 0)
I/AKMD2   ( 2241): enable_accelerometer, mEnabled = 0, enable = 1
D/AKMD2   ( 2241): akm_disable_sensor: Accel is disabled. (orien = 0)
I/AKMD2   ( 2241): enable_accelerometer, mEnabled = 1, enable = 0
I/GCoreUlr( 2885): Received powerMode change from NLP: com.google.android.location.activity.LOW_POWER_MODE_ENABLED
I/GCoreUlr( 2885): Starting service, intent=Intent { act=com.google.android.location.reporting.ACTION_UPDATE_ACTIVE_STATE cmp=com.google.android.gms/com.google.android.location.reporting.service.DispatchingService }, extras=null
I/GCoreUlr( 2885): Ensuring that reporting is active for [account#6#]
I/GCoreUlr( 2885): Starting service, intent=Intent { act=com.google.android.location.reporting.ACTION_LOCATION_STATUS cmp=com.google.android.gms/com.google.android.location.reporting.service.DispatchingService (has extras) }, extras=Bundle[{status=LocationStatus[cell status: STATUS_SUCCESSFUL, wifi status: STATUS_TIMED_OUT_ON_SCAN, elapsed realtime ns: 331192480918424]}]
W/Settings(25173): Setting wifi_sleep_policy has moved from android.provider.Settings.System to android.provider.Settings.Global, returning read-only value.
I/wpa_supplicant(19609): wlan0: CTRL-EVENT-SCAN-STARTED 
I/EventLogService( 2582): Aggregate from 1410710122544 (log), 1410710122544 (data)
W/LocationOracleImpl(23155): Not started: ignore location
I/GCoreUlr( 2885): Successfully inserted location
I/GCoreUlr( 2885): Not calling LocationReportingService, hasMoved: false, elapsed millis: 2678986, request: Phone
D/AKMD2   ( 2241): akm_enable_sensor: Accel is enabled. (orien = 0)
I/AKMD2   ( 2241): enable_accelerometer, mEnabled = 0, enable = 1
D/AKMD2   ( 2241): akm_disable_sensor: Accel is disabled. (orien = 0)
I/AKMD2   ( 2241): enable_accelerometer, mEnabled = 1, enable = 0
D/lights  ( 2241): set_light_buttons: 1
D/AKMD2   ( 2241): akm_enable_sensor: Accel is enabled. (orien = 0)
I/AKMD2   ( 2241): enable_accelerometer, mEnabled = 0, enable = 1
I/wpa_supplicant(19609): wlan0: CTRL-EVENT-SCAN-STARTED 
D/PowerManagerService-JNI( 2241): Excessive delay in autosuspend_disable() while turning screen on: 221ms
D/SurfaceFlinger( 1857): Screen acquired, type=0 flinger=0x406b3008
W/Uploader( 2582): No account for auth token provided
I/mbh     ( 2582): I/O exception (org.apache.http.NoHttpResponseException) caught when processing request: The target server failed to respond
I/mbh     ( 2582): Retrying request
D/SurfaceControl( 2241): Excessive delay in unblankDisplay() while turning screen on: 208ms
D/TinyALSA-Audio Hardware( 1860): audio_hw_set_parameters(0x41215840, screen_state=on)++
D/TinyALSA-Audio Hardware( 1860): audio_hw_set_parameters(0x41215840, screen_state=on)-- (PARAMETER ERROR)
V/Zygote  (26064): Switching descriptor 32 to /dev/null
V/Zygote  (26064): Switching descriptor 10 to /dev/null
D/PhoneStatusBar( 2375): disable: < expand icons alerts ticker system_info back* home* recent* clock* search >
D/ActivityThread(26064): handleBindApplication:com.handmark.expressweather
D/ActivityThread(26064): setTargetHeapUtilization:0.25
D/ActivityThread(26064): setTargetHeapMinFree:524288
I/Timeline(17506): Timeline: Activity_idle id: android.os.BinderProxy@41e01cb0 time:221915337
D/PrivacyManager(26064): Initializing Pinsight Privacy SDK v2.2.0
I/ErrorAgent(26064): Registering custom exceptions handler
E/msgr(:<default>):MqttOperationManager(21606): Unexpected duplicate message ID -1 for operation PINGRESP.
E/fb4a(:<default>):MqttOperationManager(25173): Unexpected duplicate message ID -1 for operation PINGRESP.
W/LocationOracleImpl(23155): Not started: ignore location
I/GCoreUlr( 2885): Successfully inserted location
I/GCoreUlr( 2885): Not calling LocationReportingService, hasMoved: false, elapsed millis: 3050859, request: Phone
D/lights  ( 2241): set_light_buttons: 2
D/lights  ( 2241): set_light_buttons: 1
I/Timeline(17506): Timeline: Activity_idle id: android.os.BinderProxy@41c5f4f8 time:221922469
I/Timeline( 2241): Timeline: Activity_windows_visible id: ActivityRecord{4264d960 u0 com.android.calendar/.AllInOneActivity t112} time:221922778
I/Timeline( 2520): Timeline: Activity_idle id: android.os.BinderProxy@41c63878 time:221923272
I/Timeline( 2241): Timeline: Activity_windows_visible id: ActivityRecord{4241c100 u0 com.cyanogenmod.trebuchet/org.cyanogenmod.trebuchet.CustomHomeLauncher t1} time:221923661
D/lights  ( 2241): set_light_buttons: 2
D/SurfaceFlinger( 1857): Screen released, type=0 flinger=0x406b3008
D/AKMD2   ( 2241): akm_disable_sensor: Accel is disabled. (orien = 0)
I/AKMD2   ( 2241): enable_accelerometer, mEnabled = 1, enable = 0
I/Choreographer( 2375): Skipped 35 frames!  The application may be doing too much work on its main thread.
W/View    ( 2375): requestLayout() improperly called by android.widget.TextClock{41e9d198 V.ED.... ......ID 0,0-106,129 #7f0b0013 app:id/clock1_regular} during layout: running second layout pass
W/View    ( 2375): requestLayout() improperly called by android.widget.TextClock{41ec4248 V.ED.... ......ID 106,0-229,129 #7f0b0014 app:id/clock2_regular} during layout: running second layout pass
W/View    ( 2375): requestLayout() improperly called by android.widget.TextClock{41f93ec0 V.ED.... ......ID 57,1-203,26 #7f0b0018 app:id/date_bold} during layout: running second layout pass
W/View    ( 2375): requestLayout() improperly called by android.widget.TextView{41d07d80 V.ED.... ......ID 245,1-322,26 #7f0b001b app:id/nextAlarm_bold} during layout: running second layout pass
W/View    ( 2375): requestLayout() improperly called by android.widget.TextView{41edfbc0 V.ED.... ......ID 6,6-133,35 #7f0b0021 app:id/weather_city} during layout: running second layout pass
W/View    ( 2375): requestLayout() improperly called by android.widget.TextView{41f51678 V.ED.... ......ID 27,35-133,60 #7f0b0027 app:id/weather_condition} during layout: running second layout pass
W/View    ( 2375): requestLayout() improperly called by android.widget.TextView{41f52d78 V.ED.... ......ID 78,60-133,75 #7f0b0022 app:id/update_time} during layout: running second layout pass
W/View    ( 2375): requestLayout() improperly called by android.widget.TextView{41f53c30 V.ED.... ......ID 1,0-65,41 #7f0b0024 app:id/weather_temp} during layout: running second layout pass
W/View    ( 2375): requestLayout() improperly called by android.widget.TextView{41fa7b28 V.ED.... ......ID 0,43-66,71 #7f0b0026 app:id/weather_low_high} during layout: running second layout pass
D/PhoneStatusBar( 2375): disable: < expand icons alerts ticker system_info BACK* HOME* RECENT* CLOCK* search >
D/TinyALSA-Audio Hardware( 1860): audio_hw_set_parameters(0x41215840, screen_state=off)++
D/TinyALSA-Audio Hardware( 1860): audio_hw_set_parameters(0x41215840, screen_state=off)-- (PARAMETER ERROR)
D/AKMD2   ( 2241): akm_enable_sensor: Accel is enabled. (orien = 0)
I/AKMD2   ( 2241): enable_accelerometer, mEnabled = 0, enable = 1
E/Configuration(26064): getActivityContext() == null
E/Configuration(26064): getActivityContext() == null
D/AKMD2   ( 2241): akm_disable_sensor: Accel is disabled. (orien = 0)
I/AKMD2   ( 2241): enable_accelerometer, mEnabled = 1, enable = 0
E/Configuration(26064): getActivityContext() == null
E/Configuration(26064): getActivityContext() == null
W/GCM     ( 2685): Heartbeat timeout, GCM connection reset
E/DbHelper(26064): Theme's background was not found, defaulting to LiveBackground
D/WearableClient(26064): WearableClientImpl.onPostInitHandler: done
D/StatusBar.NetworkController( 2375): updateConnectivity: intent=Intent { act=android.net.conn.INET_CONDITION_ACTION flg=0x4000010 (has extras) }
D/StatusBar.NetworkController( 2375): updateConnectivity: networkInfo=NetworkInfo: type: WIFI[], state: CONNECTED/CONNECTED, reason: (unspecified), extra: "OpenWrt - 2", roaming: false, failover: false, isAvailable: true, isConnectedToProvisioningNetwork: false
D/StatusBar.NetworkController( 2375): updateConnectivity: connectionStatus=0
D/GCM     ( 2685): Connected
I/GCM     ( 2685): GCM message com.google.android.gsf.gtalkservice 
D/GCM     ( 2685): Message class mpf
I/GCM     ( 2685): GCM message org.telegram.messenger 0:1410712340255756%8eeb79b038eb0007
D/StatusBar.NetworkController( 2375): updateConnectivity: intent=Intent { act=android.net.conn.INET_CONDITION_ACTION flg=0x4000010 (has extras) }
D/StatusBar.NetworkController( 2375): updateConnectivity: networkInfo=NetworkInfo: type: WIFI[], state: CONNECTED/CONNECTED, reason: (unspecified), extra: "OpenWrt - 2", roaming: false, failover: false, isAvailable: true, isConnectedToProvisioningNetwork: false
D/StatusBar.NetworkController( 2375): updateConnectivity: connectionStatus=100
I/GCM     ( 2685): GCM message org.telegram.messenger 0:1410712402114277%8eeb79b038eb0007
D/StatusBar.NetworkController( 2375): updateConnectivity: intent=Intent { act=android.net.conn.INET_CONDITION_ACTION flg=0x4000010 (has extras) }
D/StatusBar.NetworkController( 2375): updateConnectivity: networkInfo=NetworkInfo: type: WIFI[], state: CONNECTED/CONNECTED, reason: (unspecified), extra: "OpenWrt - 2", roaming: false, failover: false, isAvailable: true, isConnectedToProvisioningNetwork: false
D/StatusBar.NetworkController( 2375): updateConnectivity: connectionStatus=100
D/AlarmReceiver(26064): onReceive
D/com.handmark.expressweather(26064): package:com.handmark.expressweather:weight:1000
D/com.handmark.expressweather(26064): MaxWeightPackageName:com.handmark.expressweather
D/com.handmark.expressweather(26064): MaxWeight:will be started
D/AlarmReceiver(26064): INTENT_EXTRA_LOG_TYPE:LOG CONTINUE
D/AlarmReceiver(26064): INTENT_EXTRA_LOG_TYPE=12,INTENT_EXTRA_SECOND_LOG_TYPE=20
V/GmsNetworkLocationProvi( 2885): onSetRequest: ProviderRequestUnbundled, reportLocation is true and interval is 0
V/GmsNetworkLocationProvi( 2885): SET-REQUEST
V/GmsNetworkLocationProvi( 2885): in Handler: ProviderRequestUnbundled, reportLocation is true and interval is 20000
I/wpa_supplicant(19609): wlan0: CTRL-EVENT-SCAN-STARTED 
D/AlarmReceiver(26064): Waiting location update.
I/GCoreUlr( 2885): Successfully inserted location
I/GCoreUlr( 2885): Not calling LocationReportingService, hasMoved: false, elapsed millis: 3182874, request: Phone
D/AlarmReceiver(26064): Location updated.
D/AlarmReceiver(26064): ImageDownloadRequestTask start
D/ImageDownloadRequestTask(26064): download start 
D/ImageDownloadRequestTask(26064): download success
D/ImageDownloadRequestTask(26064): statusCode=200, latency=140
D/ImageDownloadRequestTask(26064): download start 
D/ImageDownloadRequestTask(26064): download success
D/ImageDownloadRequestTask(26064): statusCode=200, latency=47
D/AlarmReceiver(26064): ImageDownloadRequestTask end
V/GmsNetworkLocationProvi( 2885): onSetRequest: ProviderRequestUnbundled, reportLocation is true and interval is 86400000
V/GmsNetworkLocationProvi( 2885): SET-REQUEST
V/GmsNetworkLocationProvi( 2885): in Handler: ProviderRequestUnbundled, reportLocation is true and interval is 86400000
I/GCoreUlr( 2885): Starting service, intent=Intent { act=com.google.android.location.reporting.ACTION_LOCATION_STATUS cmp=com.google.android.gms/com.google.android.location.reporting.service.DispatchingService (has extras) }, extras=Bundle[{status=LocationStatus[cell status: STATUS_SUCCESSFUL, wifi status: STATUS_SUCCESSFUL, elapsed realtime ns: 332938498441380]}]
D/ALog    (26064): Response: 201(Created)
D/LogSendTask(26064): logSending onSuccess
D/LogSendTask(26064): onFinish
V/Zygote  (26213): Switching descriptor 32 to /dev/null
V/Zygote  (26213): Switching descriptor 10 to /dev/null
D/ActivityThread(26213): handleBindApplication:com.google.android.apps.plus
D/ActivityThread(26213): setTargetHeapUtilization:0.25
D/ActivityThread(26213): setTargetHeapMinFree:524288
V/Zygote  (26227): Switching descriptor 32 to /dev/null
V/Zygote  (26227): Switching descriptor 10 to /dev/null
D/ActivityThread(26227): handleBindApplication:com.android.email
D/ActivityThread(26227): setTargetHeapUtilization:0.25
D/ActivityThread(26227): setTargetHeapMinFree:524288
I/Exchange(12784): onPerformSync: Bundle[{__push_only__=true}]
D/dalvikvm(26213): Trying to load lib /data/app-lib/com.google.android.apps.plus-1/libcrashreporter.so 0x41c6b730
D/dalvikvm(26213): Added shared lib /data/app-lib/com.google.android.apps.plus-1/libcrashreporter.so 0x41c6b730
I/Email   (26227): Registering for notifications for account 1
I/Exchange(12784): Interrupt with reason 2
W/GLSUser ( 2685): GoogleAccountDataService.getToken()
W/GLSUser ( 2685): GoogleAccountDataService.getToken()
D/dalvikvm(26213): Trying to load lib /data/app-lib/com.google.android.apps.plus-1/libcronet.so 0x41c6b730
D/dalvikvm(26213): Added shared lib /data/app-lib/com.google.android.apps.plus-1/libcronet.so 0x41c6b730
W/chromium(26213): [0914/183434:WARNING:proxy_service.cc(911)] PAC support disabled because there is no system implementation
I/NotifUtils(26227): Validating Notification, mapSize: 2 getAttention: true
I/NotifUtils(26227): Showing notification with unreadCount of 1 and unseenCount of 1
I/NotifUtils(26227): Account: -957409798 vibrate: false
I/NotifUtils(26227): New email in -957409798 vibrateWhen: false, playing notification: content://settings/system/notification_sound
I/NotifUtils(26227): Validating Notification, mapSize: 2 getAttention: true
I/NotifUtils(26227): validateNotifications - cancelling account -957409798 / folder 77386
I/NotifUtils(26227): Validating Notification, mapSize: 2 getAttention: true
I/NotifUtils(26227): validateNotifications - cancelling account -957409798 / folder 77856
I/NotifUtils(26227): Validating Notification, mapSize: 2 getAttention: true
I/NotifUtils(26227): Notifications are disabled for this folder; not notifying
I/Email   (26227): Observing account changes for notifications
D/WearableClient(26064): WearableClientImpl.onPostInitHandler: done
W/GLSUser ( 2685): GoogleAccountDataService.getToken()
I/GAV2    (26213): Thread[GAThread,5,main]: No campaign data found.
I/wpa_supplicant(19609): wlan0: WPA: Group rekeying completed with 74:ea:3a:c2:50:c4 [GTK=CCMP]
I/wpa_supplicant(19609): wlan0: WPA: Group rekeying completed with 74:ea:3a:c2:50:c4 [GTK=CCMP]
I/wpa_supplicant(19609): wlan0: WPA: Group rekeying completed with 74:ea:3a:c2:50:c4 [GTK=CCMP]
D/YahooWeatherProvider(23099): Resolved location Location[network 52.038998,4.635351 acc=23 et=+3d20h28m58s449ms {Bundle[mParcelledData.dataSize=548]}] to Waddinxveen (15004247)
D/YahooWeatherProvider(23099): Weather updated: WeatherInfo for Waddinxveen (15004247) @ Sun Sep 14 18:34:59 CEST 2014: Cloudy(26), temperature 19°C, low 11°, high 20°, humidity 73%, wind 26km/h at N, forecasts: day 1: high 20°, low 11°, Mostly Clear(33); day 2: high 23°, low 13°, Mostly Sunny(34); day 3: high 24°, low 14°, PM Thunderstorms(38); day 4: high 25°, low 15°, Mostly Sunny(34); day 5: high 25°, low 14°, Sunny(32)
D/AKMD2   ( 2241): akm_enable_sensor: Accel is enabled. (orien = 0)
I/AKMD2   ( 2241): enable_accelerometer, mEnabled = 0, enable = 1
D/AKMD2   ( 2241): akm_disable_sensor: Accel is disabled. (orien = 0)
I/AKMD2   ( 2241): enable_accelerometer, mEnabled = 1, enable = 0
I/GCoreUlr( 2885): Received powerMode change from NLP: com.google.android.location.activity.LOW_POWER_MODE_DISABLED
I/GCoreUlr( 2885): Starting service, intent=Intent { act=com.google.android.location.reporting.ACTION_UPDATE_ACTIVE_STATE cmp=com.google.android.gms/com.google.android.location.reporting.service.DispatchingService }, extras=null
D/AKMD2   ( 2241): akm_enable_sensor: Accel is enabled. (orien = 0)
I/AKMD2   ( 2241): enable_accelerometer, mEnabled = 0, enable = 1
I/GCoreUlr( 2885): Ensuring that reporting is active for [account#6#]
I/GCoreUlr( 2885): Starting service, intent=Intent { act=com.google.android.location.reporting.ACTION_LOCATION_STATUS cmp=com.google.android.gms/com.google.android.location.reporting.service.DispatchingService (has extras) }, extras=Bundle[{status=LocationStatus[cell status: STATUS_SUCCESSFUL, wifi status: STATUS_SUCCESSFUL, elapsed realtime ns: 332938498441380]}]
I/GCoreUlr( 2885): GMS FLP location and AR updates requested: {"timestampMs":1410712541542,"description":"default","samplePeriodMs":60000,"sampleSource":"internal","sampleReason":"default"}
D/AKMD2   ( 2241): akm_disable_sensor: Accel is disabled. (orien = 0)
I/AKMD2   ( 2241): enable_accelerometer, mEnabled = 1, enable = 0
D/lights  ( 2241): set_light_buttons: 1
D/AKMD2   ( 2241): akm_enable_sensor: Accel is enabled. (orien = 0)
I/AKMD2   ( 2241): enable_accelerometer, mEnabled = 0, enable = 1
D/TinyALSA-Audio Hardware( 1860): audio_hw_set_parameters(0x41215840, screen_state=on)++
D/TinyALSA-Audio Hardware( 1860): audio_hw_set_parameters(0x41215840, screen_state=on)-- (PARAMETER ERROR)
D/PowerManagerService-JNI( 2241): Excessive delay in autosuspend_disable() while turning screen on: 262ms
D/SurfaceFlinger( 1857): Screen acquired, type=0 flinger=0x406b3008
D/PhoneStatusBar( 2375): disable: < expand icons alerts ticker system_info back* home* recent* clock* search >
I/Timeline( 2520): Timeline: Activity_idle id: android.os.BinderProxy@41c63878 time:222047289
V/PanelView( 2375): animationTick called with dtms=0; nothing to do (h=649.28156 v=1961.8779)
V/PanelView( 2375): animationTick called with dtms=0; nothing to do (h=522.03253 v=-2051.7134)
D/lights  ( 2241): set_light_buttons: 2
D/SurfaceFlinger( 1857): Screen released, type=0 flinger=0x406b3008
D/AKMD2   ( 2241): akm_disable_sensor: Accel is disabled. (orien = 0)
I/AKMD2   ( 2241): enable_accelerometer, mEnabled = 1, enable = 0
I/Choreographer( 2375): Skipped 44 frames!  The application may be doing too much work on its main thread.
W/View    ( 2375): requestLayout() improperly called by android.widget.TextClock{42939958 V.ED.... ......ID 0,0-106,129 #7f0b0013 app:id/clock1_regular} during layout: running second layout pass
W/View    ( 2375): requestLayout() improperly called by android.widget.TextClock{42939f60 V.ED.... ......ID 106,0-229,129 #7f0b0014 app:id/clock2_regular} during layout: running second layout pass
W/View    ( 2375): requestLayout() improperly called by android.widget.TextClock{41cd0770 V.ED.... ......ID 57,1-203,26 #7f0b0018 app:id/date_bold} during layout: running second layout pass
W/View    ( 2375): requestLayout() improperly called by android.widget.TextView{41f5b090 V.ED.... ......ID 245,1-322,26 #7f0b001b app:id/nextAlarm_bold} during layout: running second layout pass
W/View    ( 2375): requestLayout() improperly called by android.widget.TextView{428841e8 V.ED.... ......ID 6,6-133,35 #7f0b0021 app:id/weather_city} during layout: running second layout pass
W/View    ( 2375): requestLayout() improperly called by android.widget.TextView{42884498 V.ED.... ......ID 78,35-133,60 #7f0b0027 app:id/weather_condition} during layout: running second layout pass
W/View    ( 2375): requestLayout() improperly called by android.widget.TextView{428849a0 V.ED.... ......ID 78,60-133,75 #7f0b0022 app:id/update_time} during layout: running second layout pass
W/View    ( 2375): requestLayout() improperly called by android.widget.TextView{4213df08 V.ED.... ......ID 1,0-65,41 #7f0b0024 app:id/weather_temp} during layout: running second layout pass
W/View    ( 2375): requestLayout() improperly called by android.widget.TextView{4213e868 V.ED.... ......ID 0,43-66,71 #7f0b0026 app:id/weather_low_high} during layout: running second layout pass
D/PhoneStatusBar( 2375): disable: < expand icons alerts ticker system_info BACK* HOME* RECENT* CLOCK* search >
D/TinyALSA-Audio Hardware( 1860): audio_hw_set_parameters(0x41215840, screen_state=off)++
D/TinyALSA-Audio Hardware( 1860): audio_hw_set_parameters(0x41215840, screen_state=off)-- (PARAMETER ERROR)
I/wpa_supplicant(19609): wlan0: CTRL-EVENT-SCAN-STARTED 
D/WearableClient(26064): WearableClientImpl.onPostInitHandler: done
I/GCoreUlr( 2885): Starting service, intent=Intent { act=com.google.android.location.reporting.ACTION_LOCATION_STATUS cmp=com.google.android.gms/com.google.android.location.reporting.service.DispatchingService (has extras) }, extras=Bundle[{status=LocationStatus[cell status: STATUS_SUCCESSFUL, wifi status: STATUS_TIMED_OUT_ON_SCAN, elapsed realtime ns: 333099567694548]}]
W/LocationOracleImpl(23155): Not started: ignore location
I/GCoreUlr( 2885): Successfully inserted location
I/GCoreUlr( 2885): Starting service, intent=Intent { cmp=com.google.android.gms/com.google.android.location.reporting.LocationReportingService }, extras=null
W/GLSUser ( 2685): GoogleAccountDataService.getToken()
I/qtaguid ( 2885): Failed write_ctrl(u 80) res=-1 errno=22
I/qtaguid ( 2885): Untagging socket 80 failed errno=-22
W/NetworkManagementSocketTagger( 2885): untagSocket(80) failed with errno -22
I/mbh     ( 2885): I/O exception (org.apache.http.NoHttpResponseException) caught when processing request: The target server failed to respond
I/mbh     ( 2885): Retrying request
I/GCoreUlr( 2885): Starting service, intent=Intent { act=com.google.android.location.reporting.ACTION_UPDATE_ACTIVE_STATE cmp=com.google.android.gms/com.google.android.location.reporting.service.DispatchingService }, extras=null
I/GCoreUlr( 2885): Batch Location Update succeeded for account account#6#
I/AdsMeasurementBroadcastReceiver( 2582): Reporting settings might have changed, alerting AdsMeasurementService
D/AdsMeasurementBroadcastReceiver( 2582): Unauthorized to start the main service
I/GCoreUlr( 2885): Ensuring that reporting is active for [account#6#]
I/GCoreUlr( 2885): Starting service, intent=Intent { act=com.google.android.location.reporting.ACTION_LOCATION_STATUS cmp=com.google.android.gms/com.google.android.location.reporting.service.DispatchingService (has extras) }, extras=Bundle[{status=LocationStatus[cell status: STATUS_SUCCESSFUL, wifi status: STATUS_TIMED_OUT_ON_SCAN, elapsed realtime ns: 333099567694548]}]
D/AKMD2   ( 2241): akm_enable_sensor: Accel is enabled. (orien = 0)
I/AKMD2   ( 2241): enable_accelerometer, mEnabled = 0, enable = 1
D/AKMD2   ( 2241): akm_disable_sensor: Accel is disabled. (orien = 0)
I/AKMD2   ( 2241): enable_accelerometer, mEnabled = 1, enable = 0
D/AKMD2   ( 2241): akm_enable_sensor: Accel is enabled. (orien = 0)
I/AKMD2   ( 2241): enable_accelerometer, mEnabled = 0, enable = 1
D/AKMD2   ( 2241): akm_disable_sensor: Accel is disabled. (orien = 0)
I/AKMD2   ( 2241): enable_accelerometer, mEnabled = 1, enable = 0
D/AKMD2   ( 2241): akm_enable_sensor: Accel is enabled. (orien = 0)
I/AKMD2   ( 2241): enable_accelerometer, mEnabled = 0, enable = 1
D/AKMD2   ( 2241): akm_disable_sensor: Accel is disabled. (orien = 0)
I/AKMD2   ( 2241): enable_accelerometer, mEnabled = 1, enable = 0
I/wpa_supplicant(19609): wlan0: CTRL-EVENT-SCAN-STARTED 
I/ContactAccountLoggerTas(23155): canRun() : Opted Out
