I/TextToSpeech(24963): Sucessfully bound to com.google.android.tts
D/ActivityThread(25005): handleBindApplication:com.google.android.tts
D/ActivityThread(25005): setTargetHeapUtilization:0.25
D/ActivityThread(25005): setTargetHeapMinFree:524288
D/StrictMode(24963): StrictMode policy violation; ~duration=1032 ms: android.os.StrictMode$StrictModeDiskReadViolation: policy=31 violation=2
D/StrictMode(24963): 	at android.os.StrictMode$AndroidBlockGuardPolicy.onReadFromDisk(StrictMode.java:1135)
D/StrictMode(24963): 	at libcore.io.BlockGuardOs.open(BlockGuardOs.java:106)
D/StrictMode(24963): 	at libcore.io.IoUtils.canOpenReadOnly(IoUtils.java:163)
D/StrictMode(24963): 	at dalvik.system.DexPathList.findLibrary(DexPathList.java:384)
D/StrictMode(24963): 	at dalvik.system.BaseDexClassLoader.findLibrary(BaseDexClassLoader.java:77)
D/StrictMode(24963): 	at java.lang.Runtime.loadLibrary(Runtime.java:356)
D/StrictMode(24963): 	at java.lang.System.loadLibrary(System.java:526)
D/StrictMode(24963): 	at com.google.android.libraries.social.jni.crashreporter.NativeCrashHandler.a(PG:124)
D/StrictMode(24963): 	at com.google.android.libraries.social.jni.crashreporter.NativeCrashHandler.a(PG:36)
D/StrictMode(24963): 	at com.google.android.apps.gmm.base.app.a.<init>(PG:186)
D/StrictMode(24963): 	at com.google.android.apps.gmm.base.app.GoogleMapsApplication.onCreate(PG:66)
D/StrictMode(24963): 	at android.app.Instrumentation.callApplicationOnCreate(Instrumentation.java:1007)
D/StrictMode(24963): 	at android.app.ActivityThread.handleBindApplication(ActivityThread.java:4466)
D/StrictMode(24963): 	at android.app.ActivityThread.access$1500(ActivityThread.java:144)
D/StrictMode(24963): 	at android.app.ActivityThread$H.handleMessage(ActivityThread.java:1265)
D/StrictMode(24963): 	at android.os.Handler.dispatchMessage(Handler.java:102)
D/StrictMode(24963): 	at android.os.Looper.loop(Looper.java:136)
D/StrictMode(24963): 	at android.app.ActivityThread.main(ActivityThread.java:5139)
D/StrictMode(24963): 	at java.lang.reflect.Method.invokeNative(Native Method)
D/StrictMode(24963): 	at java.lang.reflect.Method.invoke(Method.java:515)
D/StrictMode(24963): 	at com.android.internal.os.ZygoteInit$MethodAndArgsCaller.run(ZygoteInit.java:796)
D/StrictMode(24963): 	at com.android.internal.os.ZygoteInit.main(ZygoteInit.java:612)
D/StrictMode(24963): 	at dalvik.system.NativeStart.main(Native Method)
D/StrictMode(24963): StrictMode policy violation; ~duration=1003 ms: android.os.StrictMode$StrictModeDiskReadViolation: policy=31 violation=2
D/StrictMode(24963): 	at android.os.StrictMode$AndroidBlockGuardPolicy.onReadFromDisk(StrictMode.java:1135)
D/StrictMode(24963): 	at android.app.SharedPreferencesImpl.awaitLoadedLocked(SharedPreferencesImpl.java:203)
D/StrictMode(24963): 	at android.app.SharedPreferencesImpl.getBoolean(SharedPreferencesImpl.java:260)
D/StrictMode(24963): 	at android.preference.PreferenceManager.setDefaultValues(PreferenceManager.java:481)
D/StrictMode(24963): 	at com.google.android.apps.gmm.base.h.a.a(PG:394)
D/StrictMode(24963): 	at com.google.android.apps.gmm.base.app.a.<init>(PG:208)
D/StrictMode(24963): 	at com.google.android.apps.gmm.base.app.GoogleMapsApplication.onCreate(PG:66)
D/StrictMode(24963): 	at android.app.Instrumentation.callApplicationOnCreate(Instrumentation.java:1007)
D/StrictMode(24963): 	at android.app.ActivityThread.handleBindApplication(ActivityThread.java:4466)
D/StrictMode(24963): 	at android.app.ActivityThread.access$1500(ActivityThread.java:144)
D/StrictMode(24963): 	at android.app.ActivityThread$H.handleMessage(ActivityThread.java:1265)
D/StrictMode(24963): 	at android.os.Handler.dispatchMessage(Handler.java:102)
D/StrictMode(24963): 	at android.os.Looper.loop(Looper.java:136)
D/StrictMode(24963): 	at android.app.ActivityThread.main(ActivityThread.java:5139)
D/StrictMode(24963): 	at java.lang.reflect.Method.invokeNative(Native Method)
D/StrictMode(24963): 	at java.lang.reflect.Method.invoke(Method.java:515)
D/StrictMode(24963): 	at com.android.internal.os.ZygoteInit$MethodAndArgsCaller.run(ZygoteInit.java:796)
D/StrictMode(24963): 	at com.android.internal.os.ZygoteInit.main(ZygoteInit.java:612)
D/StrictMode(24963): 	at dalvik.system.NativeStart.main(Native Method)
D/StrictMode(24963): StrictMode policy violation; ~duration=985 ms: android.os.StrictMode$StrictModeDiskReadViolation: policy=31 violation=2
D/StrictMode(24963): 	at android.os.StrictMode$AndroidBlockGuardPolicy.onReadFromDisk(StrictMode.java:1135)
D/StrictMode(24963): 	at libcore.io.BlockGuardOs.open(BlockGuardOs.java:106)
D/StrictMode(24963): 	at libcore.io.IoUtils.canOpenReadOnly(IoUtils.java:163)
D/StrictMode(24963): 	at dalvik.system.DexPathList.findLibrary(DexPathList.java:384)
D/StrictMode(24963): 	at dalvik.system.BaseDexClassLoader.findLibrary(BaseDexClassLoader.java:77)
D/StrictMode(24963): 	at java.lang.Runtime.loadLibrary(Runtime.java:356)
D/StrictMode(24963): 	at java.lang.System.loadLibrary(System.java:526)
D/StrictMode(24963): 	at com.google.android.apps.gmm.map.util.jni.NativeHelper.initialize(PG:42)
D/StrictMode(24963): 	at com.google.android.apps.gmm.map.c.b.<clinit>(PG:62)
D/StrictMode(24963): 	at com.google.android.apps.gmm.base.app.a.<init>(PG:208)
D/StrictMode(24963): 	at com.google.android.apps.gmm.base.app.GoogleMapsApplication.onCreate(PG:66)
D/StrictMode(24963): 	at android.app.Instrumentation.callApplicationOnCreate(Instrumentation.java:1007)
D/StrictMode(24963): 	at android.app.ActivityThread.handleBindApplication(ActivityThread.java:4466)
D/StrictMode(24963): 	at android.app.ActivityThread.access$1500(ActivityThread.java:144)
D/StrictMode(24963): 	at android.app.ActivityThread$H.handleMessage(ActivityThread.java:1265)
D/StrictMode(24963): 	at android.os.Handler.dispatchMessage(Handler.java:102)
D/StrictMode(24963): 	at android.os.Looper.loop(Looper.java:136)
D/StrictMode(24963): 	at android.app.ActivityThread.main(ActivityThread.java:5139)
D/StrictMode(24963): 	at java.lang.reflect.Method.invokeNative(Native Method)
D/StrictMode(24963): 	at java.lang.reflect.Method.invoke(Method.java:515)
D/StrictMode(24963): 	at com.android.internal.os.ZygoteInit$MethodAndArgsCaller.run(ZygoteInit.java:796)
D/StrictMode(24963): 	at com.android.internal.os.ZygoteInit.main(ZygoteInit.java:612)
D/StrictMode(24963): 	at dalvik.system.NativeStart.main(Native Method)
D/StrictMode(24963): StrictMode policy violation; ~duration=767 ms: android.os.StrictMode$StrictModeDiskReadViolation: policy=287 violation=2
D/StrictMode(24963): 	at android.os.StrictMode$AndroidBlockGuardPolicy.onReadFromDisk(StrictMode.java:1135)
D/StrictMode(24963): 	at android.database.sqlite.SQLiteConnection.applyBlockGuardPolicy(SQLiteConnection.java:1041)
D/StrictMode(24963): 	at android.database.sqlite.SQLiteConnection.executeForCursorWindow(SQLiteConnection.java:842)
D/StrictMode(24963): 	at android.database.sqlite.SQLiteSession.executeForCursorWindow(SQLiteSession.java:836)
D/StrictMode(24963): 	at android.database.sqlite.SQLiteQuery.fillWindow(SQLiteQuery.java:62)
D/StrictMode(24963): 	at android.database.sqlite.SQLiteCursor.fillWindow(SQLiteCursor.java:144)
D/StrictMode(24963): 	at android.database.sqlite.SQLiteCursor.getCount(SQLiteCursor.java:133)
D/StrictMode(24963): 	at android.database.CursorToBulkCursorAdaptor.getBulkCursorDescriptor(CursorToBulkCursorAdaptor.java:148)
D/StrictMode(24963): 	at android.content.ContentProviderNative.onTransact(ContentProviderNative.java:122)
D/StrictMode(24963): 	at android.os.Binder.execTransact(Binder.java:404)
D/StrictMode(24963): 	at dalvik.system.NativeStart.run(Native Method)
D/StrictMode(24963): # via Binder call with stack:
D/StrictMode(24963): android.os.StrictMode$LogStackTrace
D/StrictMode(24963): 	at android.os.StrictMode.readAndHandleBinderCallViolations(StrictMode.java:1705)
D/StrictMode(24963): 	at android.os.Parcel.readExceptionCode(Parcel.java:1447)
D/StrictMode(24963): 	at android.database.DatabaseUtils.readExceptionFromParcel(DatabaseUtils.java:134)
D/StrictMode(24963): 	at android.content.ContentProviderProxy.query(ContentProviderNative.java:420)
D/StrictMode(24963): 	at android.content.ContentResolver.query(ContentResolver.java:461)
D/StrictMode(24963): 	at android.content.ContentResolver.query(ContentResolver.java:404)
D/StrictMode(24963): 	at com.google.android.c.c.a(PG:89)
D/StrictMode(24963): 	at com.google.android.c.c.a(PG:109)
D/StrictMode(24963): 	at com.google.android.apps.gmm.map.u.p.a(PG:301)
D/StrictMode(24963): 	at com.google.android.apps.gmm.map.u.p.a(PG:170)
D/StrictMode(24963): 	at com.google.android.apps.gmm.map.c.b.a(PG:169)
D/StrictMode(24963): 	at com.google.android.apps.gmm.base.app.a.<init>(PG:208)
D/StrictMode(24963): 	at com.google.android.apps.gmm.base.app.GoogleMapsApplication.onCreate(PG:66)
D/StrictMode(24963): 	at android.app.Instrumentation.callApplicationOnCreate(Instrumentation.java:1007)
D/StrictMode(24963): 	at android.app.ActivityThread.handleBindApplication(ActivityThread.java:4466)
D/StrictMode(24963): 	at android.app.ActivityThread.access$1500(ActivityThread.java:144)
D/StrictMode(24963): 	at android.app.ActivityThread$H.handleMessage(ActivityThread.java:1265)
D/StrictMode(24963): 	at android.os.Handler.dispatchMessage(Handler.java:102)
D/StrictMode(24963): 	at android.os.Looper.loop(Looper.java:136)
D/StrictMode(24963): 	at android.app.ActivityThread.main(ActivityThread.java:5139)
D/StrictMode(24963): 	at java.lang.reflect.Method.invokeNative(Native Method)
D/StrictMode(24963): 	at java.lang.reflect.Method.invoke(Method.java:515)
D/StrictMode(24963): 	at com.android.internal.os.ZygoteInit$MethodAndArgsCaller.run(ZygoteInit.java:796)
D/StrictMode(24963): 	at com.android.internal.os.ZygoteInit.main(ZygoteInit.java:612)
D/StrictMode(24963): 	at dalvik.system.NativeStart.main(Native Method)
D/StrictMode(24963): StrictMode policy violation; ~duration=746 ms: android.os.StrictMode$StrictModeDiskReadViolation: policy=31 violation=2
D/StrictMode(24963): 	at android.os.StrictMode$AndroidBlockGuardPolicy.onReadFromDisk(StrictMode.java:1135)
D/StrictMode(24963): 	at libcore.io.BlockGuardOs.open(BlockGuardOs.java:106)
D/StrictMode(24963): 	at libcore.io.IoBridge.open(IoBridge.java:393)
D/StrictMode(24963): 	at java.io.FileInputStream.<init>(FileInputStream.java:78)
D/StrictMode(24963): 	at android.app.ContextImpl.openFileInput(ContextImpl.java:844)
D/StrictMode(24963): 	at android.content.ContextWrapper.openFileInput(ContextWrapper.java:179)
D/StrictMode(24963): 	at com.google.android.apps.gmm.u.b.i.a(PG:149)
D/StrictMode(24963): 	at com.google.android.apps.gmm.map.u.a.b.b(PG:494)
D/StrictMode(24963): 	at com.google.android.apps.gmm.map.c.b.a(PG:169)
D/StrictMode(24963): 	at com.google.android.apps.gmm.base.app.a.<init>(PG:208)
D/StrictMode(24963): 	at com.google.android.apps.gmm.base.app.GoogleMapsApplication.onCreate(PG:66)
D/StrictMode(24963): 	at android.app.Instrumentation.callApplicationOnCreate(Instrumentation.java:1007)
D/StrictMode(24963): 	at android.app.ActivityThread.handleBindApplication(ActivityThread.java:4466)
D/StrictMode(24963): 	at android.app.ActivityThread.access$1500(ActivityThread.java:144)
D/StrictMode(24963): 	at android.app.ActivityThread$H.handleMessage(ActivityThread.java:1265)
D/StrictMode(24963): 	at android.os.Handler.dispatchMessage(Handler.java:102)
D/StrictMode(24963): 	at android.os.Looper.loop(Looper.java:136)
D/StrictMode(24963): 	at android.app.ActivityThread.main(ActivityThread.java:5139)
D/StrictMode(24963): 	at java.lang.reflect.Method.invokeNative(Native Method)
D/StrictMode(24963): 	at java.lang.reflect.Method.invoke(Method.java:515)
D/StrictMode(24963): 	at com.android.internal.os.ZygoteInit$MethodAndArgsCaller.run(ZygoteInit.java:796)
D/StrictMode(24963): 	at com.android.internal.os.ZygoteInit.main(ZygoteInit.java:612)
D/StrictMode(24963): 	at dalvik.system.NativeStart.main(Native Method)
D/StrictMode(24963): StrictMode policy violation; ~duration=740 ms: android.os.StrictMode$StrictModeDiskReadViolation: policy=31 violation=2
D/StrictMode(24963): 	at android.os.StrictMode$AndroidBlockGuardPolicy.onReadFromDisk(StrictMode.java:1135)
D/StrictMode(24963): 	at libcore.io.BlockGuardOs.read(BlockGuardOs.java:148)
D/StrictMode(24963): 	at libcore.io.IoBridge.read(IoBridge.java:425)
D/StrictMode(24963): 	at java.io.FileInputStream.read(FileInputStream.java:179)
D/StrictMode(24963): 	at java.io.BufferedInputStream.read(BufferedInputStream.java:283)
D/StrictMode(24963): 	at java.io.DataInputStream.read(DataInputStream.java:63)
D/StrictMode(24963): 	at com.google.n.j.c(PG:1148)
D/StrictMode(24963): 	at com.google.n.j.a(PG:121)
D/StrictMode(24963): 	at com.google.q.b.a.cs.<init>(PG:1222)
D/StrictMode(24963): 	at com.google.q.b.a.cs.<init>(PG:1187)
D/StrictMode(24963): 	at com.google.q.b.a.ct.a(PG:1266)
D/StrictMode(24963): 	at com.google.n.e.a(PG:168)
D/StrictMode(24963): 	at com.google.n.e.b(PG:21)
D/StrictMode(24963): 	at com.google.android.apps.gmm.u.b.i.a(PG:150)
D/StrictMode(24963): 	at com.google.android.apps.gmm.map.u.a.b.b(PG:494)
D/StrictMode(24963): 	at com.google.android.apps.gmm.map.c.b.a(PG:169)
D/StrictMode(24963): 	at com.google.android.apps.gmm.base.app.a.<init>(PG:208)
D/StrictMode(24963): 	at com.google.android.apps.gmm.base.app.GoogleMapsApplication.onCreate(PG:66)
D/StrictMode(24963): 	at android.app.Instrumentation.callApplicationOnCreate(Instrumentation.java:1007)
D/StrictMode(24963): 	at android.app.ActivityThread.handleBindApplication(ActivityThread.java:4466)
D/StrictMode(24963): 	at android.app.ActivityThread.access$1500(ActivityThread.java:144)
D/StrictMode(24963): 	at android.app.ActivityThread$H.handleMessage(ActivityThread.java:1265)
D/StrictMode(24963): 	at android.os.Handler.dispatchMessage(Handler.java:102)
D/StrictMode(24963): 	at android.os.Looper.loop(Looper.java:136)
D/StrictMode(24963): 	at android.app.ActivityThread.main(ActivityThread.java:5139)
D/StrictMode(24963): 	at java.lang.reflect.Method.invokeNative(Native Method)
D/StrictMode(24963): 	at java.lang.reflect.Method.invoke(Method.java:515)
D/StrictMode(24963): 	at com.android.internal.os.ZygoteInit$MethodAndArgsCaller.run(ZygoteInit.java:796)
D/StrictMode(24963): 	at com.android.internal.os.ZygoteInit.main(ZygoteInit.java:612)
D/StrictMode(24963): 	at dalvik.system.NativeStart.main(Native Method)
D/StrictMode(24963): StrictMode policy violation; ~duration=632 ms: android.os.StrictMode$StrictModeDiskReadViolation: policy=31 violation=2
D/StrictMode(24963): 	at android.os.StrictMode$AndroidBlockGuardPolicy.onReadFromDisk(StrictMode.java:1135)
D/StrictMode(24963): 	at android.app.SharedPreferencesImpl.awaitLoadedLocked(SharedPreferencesImpl.java:203)
D/StrictMode(24963): 	at android.app.SharedPreferencesImpl.getInt(SharedPreferencesImpl.java:239)
D/StrictMode(24963): 	at com.google.android.apps.gmm.y.k.<init>(PG:132)
D/StrictMode(24963): 	at com.google.android.apps.gmm.y.k.<init>(PG:121)
D/StrictMode(24963): 	at com.google.android.apps.gmm.base.app.a.l_(PG:384)
D/StrictMode(24963): 	at com.google.android.apps.gmm.g.a.<init>(PG:133)
D/StrictMode(24963): 	at com.google.android.apps.gmm.base.app.a.<init>(PG:213)
D/StrictMode(24963): 	at com.google.android.apps.gmm.base.app.GoogleMapsApplication.onCreate(PG:66)
D/StrictMode(24963): 	at android.app.Instrumentation.callApplicationOnCreate(Instrumentation.java:1007)
D/StrictMode(24963): 	at android.app.ActivityThread.handleBindApplication(ActivityThread.java:4466)
D/StrictMode(24963): 	at android.app.ActivityThread.access$1500(ActivityThread.java:144)
D/StrictMode(24963): 	at android.app.ActivityThread$H.handleMessage(ActivityThread.java:1265)
D/StrictMode(24963): 	at android.os.Handler.dispatchMessage(Handler.java:102)
D/StrictMode(24963): 	at android.os.Looper.loop(Looper.java:136)
D/StrictMode(24963): 	at android.app.ActivityThread.main(ActivityThread.java:5139)
D/StrictMode(24963): 	at java.lang.reflect.Method.invokeNative(Native Method)
D/StrictMode(24963): 	at java.lang.reflect.Method.invoke(Method.java:515)
D/StrictMode(24963): 	at com.android.internal.os.ZygoteInit$MethodAndArgsCaller.run(ZygoteInit.java:796)
D/StrictMode(24963): 	at com.android.internal.os.ZygoteInit.main(ZygoteInit.java:612)
D/StrictMode(24963): 	at dalvik.system.NativeStart.main(Native Method)
D/StrictMode(24963): StrictMode policy violation; ~duration=473 ms: android.os.StrictMode$StrictModeDiskReadViolation: policy=287 violation=2
D/StrictMode(24963): 	at android.os.StrictMode$AndroidBlockGuardPolicy.onReadFromDisk(StrictMode.java:1135)
D/StrictMode(24963): 	at android.database.sqlite.SQLiteConnection.applyBlockGuardPolicy(SQLiteConnection.java:1041)
D/StrictMode(24963): 	at android.database.sqlite.SQLiteConnection.executeForCursorWindow(SQLiteConnection.java:842)
D/StrictMode(24963): 	at android.database.sqlite.SQLiteSession.executeForCursorWindow(SQLiteSession.java:836)
D/StrictMode(24963): 	at android.database.sqlite.SQLiteQuery.fillWindow(SQLiteQuery.java:62)
D/StrictMode(24963): 	at android.database.sqlite.SQLiteCursor.fillWindow(SQLiteCursor.java:144)
D/StrictMode(24963): 	at android.database.sqlite.SQLiteCursor.getCount(SQLiteCursor.java:133)
D/StrictMode(24963): 	at android.database.CursorToBulkCursorAdaptor.getBulkCursorDescriptor(CursorToBulkCursorAdaptor.java:148)
D/StrictMode(24963): 	at android.content.ContentProviderNative.onTransact(ContentProviderNative.java:122)
D/StrictMode(24963): 	at android.os.Binder.execTransact(Binder.java:404)
D/StrictMode(24963): 	at dalvik.system.NativeStart.run(Native Method)
D/StrictMode(24963): # via Binder call with stack:
D/StrictMode(24963): android.os.StrictMode$LogStackTrace
D/StrictMode(24963): 	at android.os.StrictMode.readAndHandleBinderCallViolations(StrictMode.java:1705)
D/StrictMode(24963): 	at android.os.Parcel.readExceptionCode(Parcel.java:1447)
D/StrictMode(24963): 	at android.database.DatabaseUtils.readExceptionFromParcel(DatabaseUtils.java:134)
D/StrictMode(24963): 	at android.content.ContentProviderProxy.query(ContentProviderNative.java:420)
D/StrictMode(24963): 	at android.content.ContentResolver.query(ContentResolver.java:461)
D/StrictMode(24963): 	at android.content.ContentResolver.query(ContentResolver.java:404)
D/StrictMode(24963): 	at com.google.android.apps.gmm.map.n.a.c.b(PG:62)
D/StrictMode(24963): 	at com.google.android.apps.gmm.map.n.a.c.a(PG:96)
D/StrictMode(24963): 	at com.google.android.apps.gmm.location.c.m.a(PG:207)
D/StrictMode(24963): 	at com.google.android.apps.gmm.location.c.m.<init>(PG:188)
D/StrictMode(24963): 	at com.google.android.apps.gmm.base.app.a.<init>(PG:229)
D/StrictMode(24963): 	at com.google.android.apps.gmm.base.app.GoogleMapsApplication.onCreate(PG:66)
D/StrictMode(24963): 	at android.app.Instrumentation.callApplicationOnCreate(Instrumentation.java:1007)
D/StrictMode(24963): 	at android.app.ActivityThread.handleBindApplication(ActivityThread.java:4466)
D/StrictMode(24963): 	at android.app.ActivityThread.access$1500(ActivityThread.java:144)
D/StrictMode(24963): 	at android.app.ActivityThread$H.handleMessage(ActivityThread.java:1265)
D/StrictMode(24963): 	at android.os.Handler.dispatchMessage(Handler.java:102)
D/StrictMode(24963): 	at android.os.Looper.loop(Looper.java:136)
D/StrictMode(24963): 	at android.app.ActivityThread.main(ActivityThread.java:5139)
D/StrictMode(24963): 	at java.lang.reflect.Method.invokeNative(Native Method)
D/StrictMode(24963): 	at java.lang.reflect.Method.invoke(Method.java:515)
D/StrictMode(24963): 	at com.android.internal.os.ZygoteInit$MethodAndArgsCaller.run(ZygoteInit.java:796)
D/StrictMode(24963): 	at com.android.internal.os.ZygoteInit.main(ZygoteInit.java:612)
D/StrictMode(24963): 	at dalvik.system.NativeStart.main(Native Method)
D/StrictMode(24963): StrictMode policy violation; ~duration=237 ms: android.os.StrictMode$StrictModeDiskReadViolation: policy=31 violation=2
D/StrictMode(24963): 	at android.os.StrictMode$AndroidBlockGuardPolicy.onReadFromDisk(StrictMode.java:1135)
D/StrictMode(24963): 	at android.app.SharedPreferencesImpl.awaitLoadedLocked(SharedPreferencesImpl.java:203)
D/StrictMode(24963): 	at android.app.SharedPreferencesImpl.getString(SharedPreferencesImpl.java:223)
D/StrictMode(24963): 	at com.google.android.apps.gmm.navigation.a.ao.b(PG:246)
D/StrictMode(24963): 	at com.google.android.apps.gmm.navigation.a.ao.<init>(PG:236)
D/StrictMode(24963): 	at com.google.android.apps.gmm.navigation.a.c.a(PG:413)
D/StrictMode(24963): 	at com.google.android.apps.gmm.base.app.a.<init>(PG:243)
D/StrictMode(24963): 	at com.google.android.apps.gmm.base.app.GoogleMapsApplication.onCreate(PG:66)
D/StrictMode(24963): 	at android.app.Instrumentation.callApplicationOnCreate(Instrumentation.java:1007)
D/StrictMode(24963): 	at android.app.ActivityThread.handleBindApplication(ActivityThread.java:4466)
D/StrictMode(24963): 	at android.app.ActivityThread.access$1500(ActivityThread.java:144)
D/StrictMode(24963): 	at android.app.ActivityThread$H.handleMessage(ActivityThread.java:1265)
D/StrictMode(24963): 	at android.os.Handler.dispatchMessage(Handler.java:102)
D/StrictMode(24963): 	at android.os.Looper.loop(Looper.java:136)
D/StrictMode(24963): 	at android.app.ActivityThread.main(ActivityThread.java:5139)
D/StrictMode(24963): 	at java.lang.reflect.Method.invokeNative(Native Method)
D/StrictMode(24963): 	at java.lang.reflect.Method.invoke(Method.java:515)
D/StrictMode(24963): 	at com.android.internal.os.ZygoteInit$MethodAndArgsCaller.run(ZygoteInit.java:796)
D/StrictMode(24963): 	at com.android.internal.os.ZygoteInit.main(ZygoteInit.java:612)
D/StrictMode(24963): 	at dalvik.system.NativeStart.main(Native Method)
W/SettingsHelper(25005): Couldn't read prefered locale from settings.
W/VoiceDataUpdater(25005): Avaiable voices info is not ready yet
W/SettingsHelper(25005): Couldn't read prefered locale from settings.
I/GoogleTTSService(25005): Creating Google TTS service, version 3.2.12.1369973.arm
D/dalvikvm(25005): Trying to load lib /data/app-lib/com.google.android.tts-2/libspeexwrapper_ub.210302120.so 0x41c64890
D/dalvikvm(25005): Added shared lib /data/app-lib/com.google.android.tts-2/libspeexwrapper_ub.210302120.so 0x41c64890
D/dalvikvm(25005): Trying to load lib /data/app-lib/com.google.android.tts-2/libpatts_engine_jni_api_ub.210302120.so 0x41c64890
I/TextToSpeech(24963): Connected to ComponentInfo{com.google.android.tts/com.google.android.tts.service.GoogleTTSService}
I/TextToSpeech(24963): Set up connection to ComponentInfo{com.google.android.tts/com.google.android.tts.service.GoogleTTSService}
D/dalvikvm(25005): Added shared lib /data/app-lib/com.google.android.tts-2/libpatts_engine_jni_api_ub.210302120.so 0x41c64890
I/patts   (25005): [embedded_hmm_synthesizer.cc:21] Embedded HMM synthesizer initialized.
I/patts   (25005): [jni_loader.cc:74] Patts JNI loaded successfully.
I/patts   (25005): Loading project file (apk mode is true,assets from com.google.android.tts) ...
I/patts   (25005): [android_project_file.cc:35] Loading "voices/en-gb-x-fis-phone-hmm/phonology.cfg" ...
I/patts   (25005): [android_project_file.cc:35] Loading "voices/en-gb-x-fis-phone-hmm/compressed_lexicon_en_gb.blex" ...
I/patts   (25005): [android_project_file.cc:35] Loading "voices/en-gb-x-fis-phone-hmm/phonology.pb" ...
I/patts   (25005): [android_project_file.cc:35] Loading "voices/en-gb-x-fis-phone-hmm/rewrite_android.far" ...
I/patts   (25005): [grm-manager.h:57] Loading FST archive from "voices/en-gb-x-fis-phone-hmm/rewrite_android.far" ...
I/patts   (25005): [android_project_file.cc:35] Loading "voices/en-gb-x-fis-phone-hmm/tokenize_and_classify_embedded_android.far" ...
I/patts   (25005): [grm-manager.h:57] Loading FST archive from "voices/en-gb-x-fis-phone-hmm/tokenize_and_classify_embedded_android.far" ...
I/patts   (25005): [android_project_file.cc:35] Loading "voices/en-gb-x-fis-phone-hmm/textnorm_params_embedded.pb" ...
I/patts   (25005): [android_project_file.cc:35] Loading "voices/en-gb-x-fis-phone-hmm/resolve_homographs_simple_gb.pb" ...
I/patts   (25005): [android_project_file.cc:35] Loading "voices/en-gb-x-fis-phone-hmm/mapping_grammar_android.far" ...
I/patts   (25005): [grm-manager.h:57] Loading FST archive from "voices/en-gb-x-fis-phone-hmm/mapping_grammar_android.far" ...
I/patts   (25005): [android_project_file.cc:35] Loading "voices/en-gb-x-fis-phone-hmm/roman_numeral_contexts.pb" ...
I/patts   (25005): [android_project_file.cc:35] Loading "voices/en-gb-x-fis-phone-hmm/roman_numeral_android.far" ...
I/patts   (25005): [grm-manager.h:57] Loading FST archive from "voices/en-gb-x-fis-phone-hmm/roman_numeral_android.far" ...
I/patts   (25005): [android_project_file.cc:35] Loading "voices/en-gb-x-fis-phone-hmm/lseq_compact_model_farm32.pb" ...
I/patts   (25005): [android_project_file.cc:35] Loading "voices/en-gb-x-fis-phone-hmm/feats_android.far" ...
I/patts   (25005): [grm-manager.h:57] Loading FST archive from "voices/en-gb-x-fis-phone-hmm/feats_android.far" ...
I/patts   (25005): [ranker.cc:106] LinearLseqRanker: using FarmHash32
I/patts   (25005): [android_project_file.cc:35] Loading "voices/en-gb-x-fis-phone-hmm/verbalize_android.far" ...
I/patts   (25005): [grm-manager.h:57] Loading FST archive from "voices/en-gb-x-fis-phone-hmm/verbalize_android.far" ...
I/patts   (25005): [android_project_file.cc:35] Loading "voices/en-gb-x-fis-phone-hmm/textnorm_params_embedded.pb" ...
I/patts   (25005): [android_project_file.cc:35] Loading "voices/en-gb-x-fis-phone-hmm/resolve_homographs_simple_gb.pb" ...
I/patts   (25005): [android_project_file.cc:35] Loading "voices/en-gb-x-fis-phone-hmm/g2p_m3_syls0_stress0_en-GB.fst" ...
I/patts   (25005): [compact_fst.cc:31] Loading FST from "voices/en-gb-x-fis-phone-hmm/g2p_m3_syls0_stress0_en-GB.fst" ...
I/patts   (25005): [decoder_impl.cc:78] g2p FST: 57 graphemes, 45 phonemes (with special symbols)
I/patts   (25005): [android_project_file.cc:35] Loading "voices/en-gb-x-fis-phone-hmm/en_gb.embedded.model.pb" ...
I/patts   (25005): [android_project_file.cc:35] Loading "voices/en-gb-x-fis-phone-hmm/engine_hmm_22050_ap-embedded_lsp.cfg" ...
I/patts   (25005): [embedded_hmm_synthesizer.cc:21] Embedded HMM synthesizer initialized.
I/patts   (25005): [android_project_file.cc:35] Loading "voices/en-gb-x-fis-phone-hmm/phonology.cfg" ...
I/patts   (25005): [android_project_file.cc:35] Loading "voices/en-gb-x-fis-phone-hmm/compile_hmm_phoneme.cfg" ...
I/patts   (25005): [android_project_file.cc:35] Loading "voices/en-gb-x-fis-phone-hmm/engine_hmm_22050_ap-embedded_lsp.cfg" ...
I/patts   (25005): [android_project_file.cc:35] Loading "voices/en-gb-x-fis-phone-hmm/patts1_hmm_voice_en_gb_fis_all_22050_phoneme_lsp_swop_ap_msd_bin_8bit.voice" ...
E/patts   (25005): [io_section_tags.cc:114] Opening tag "F0-BOX-COX-LAMBDA" not found
W/LocationOracleImpl(23155): Not started: ignore location
I/GCoreUlr( 2885): Starting service, intent=Intent { act=com.google.android.location.reporting.ACTION_LOCATION_STATUS cmp=com.google.android.gms/com.google.android.location.reporting.service.DispatchingService (has extras) }, extras=Bundle[{status=LocationStatus[cell status: STATUS_SUCCESSFUL, wifi status: STATUS_SUCCESSFUL, elapsed realtime ns: 327300197119755]}]
I/GCoreUlr( 2885): Successfully inserted location
I/GCoreUlr( 2885): Not calling LocationReportingService, hasMoved: false, elapsed millis: 1217627, request: Phone
D/AKMD2   ( 2241): akm_enable_sensor: Accel is enabled. (orien = 0)
I/AKMD2   ( 2241): enable_accelerometer, mEnabled = 0, enable = 1
D/AKMD2   ( 2241): akm_disable_sensor: Accel is disabled. (orien = 0)
I/AKMD2   ( 2241): enable_accelerometer, mEnabled = 1, enable = 0
I/wpa_supplicant(19609): wlan0: CTRL-EVENT-SCAN-STARTED 
I/wpa_supplicant(19609): wlan0: WPA: Group rekeying completed with 74:ea:3a:c2:50:c4 [GTK=CCMP]
I/GCoreUlr( 2885): Starting service, intent=Intent { act=com.google.android.location.reporting.ACTION_LOCATION_STATUS cmp=com.google.android.gms/com.google.android.location.reporting.service.DispatchingService (has extras) }, extras=Bundle[{status=LocationStatus[cell status: STATUS_SUCCESSFUL, wifi status: STATUS_TIMED_OUT_ON_SCAN, elapsed realtime ns: 327586138573756]}]
W/LocationOracleImpl(23155): Not started: ignore location
I/GCoreUlr( 2885): Successfully inserted location
I/GCoreUlr( 2885): Not calling LocationReportingService, hasMoved: false, elapsed millis: 1503692, request: Phone
D/AKMD2   ( 2241): akm_enable_sensor: Accel is enabled. (orien = 0)
I/AKMD2   ( 2241): enable_accelerometer, mEnabled = 0, enable = 1
D/AKMD2   ( 2241): akm_disable_sensor: Accel is disabled. (orien = 0)
I/AKMD2   ( 2241): enable_accelerometer, mEnabled = 1, enable = 0
W/GCM     ( 2685): Heartbeat timeout, GCM connection reset
I/wpa_supplicant(19609): wlan0: CTRL-EVENT-SCAN-STARTED 
D/GCM     ( 2685): Connected
I/GCM     ( 2685): GCM message com.google.android.gsf.gtalkservice 
D/GCM     ( 2685): Message class mpf
I/GCM     ( 2685): GCM message GSYNC_TICKLE 0:1410706869653870%0#e7a71353318775ac
I/SubscribedFeeds( 2685): Received message
V/Zygote  (25099): Switching descriptor 32 to /dev/null
V/Zygote  (25099): Switching descriptor 10 to /dev/null
V/Zygote  (25112): Switching descriptor 32 to /dev/null
V/Zygote  (25112): Switching descriptor 10 to /dev/null
D/ActivityThread(25099): handleBindApplication:com.google.android.gm
D/ActivityThread(25099): setTargetHeapUtilization:0.25
D/ActivityThread(25099): setTargetHeapMinFree:524288
D/ActivityThread(25112): handleBindApplication:com.google.android.apps.plus
D/ActivityThread(25112): setTargetHeapUtilization:0.25
D/ActivityThread(25112): setTargetHeapMinFree:524288
D/StatusBar.NetworkController( 2375): updateConnectivity: intent=Intent { act=android.net.conn.INET_CONDITION_ACTION flg=0x4000010 (has extras) }
D/StatusBar.NetworkController( 2375): updateConnectivity: networkInfo=NetworkInfo: type: WIFI[], state: CONNECTED/CONNECTED, reason: (unspecified), extra: "OpenWrt - 2", roaming: false, failover: false, isAvailable: true, isConnectedToProvisioningNetwork: false
D/StatusBar.NetworkController( 2375): updateConnectivity: connectionStatus=100
W/GAV2    (25099): Thread[main,5,main]: Need to call initialize() and be in fallback mode to start dispatch.
I/patts   (25005): [jni_text_analysis_api.cc:339] jni: deleting text normalizer ...
I/patts   (25005): [jni_synthesizer_api.cc:92] jni: deleting synthesizer ...
I/patts   (25005): [jni_project_file_api.cc:110] jni: deleting project file ...
I/patts   (25005): [jni_project_file_api.cc:123] jni: deleting project resource holder ...
D/dalvikvm(25112): Trying to load lib /data/app-lib/com.google.android.apps.plus-1/libcrashreporter.so 0x41c6a7e8
D/dalvikvm(25112): Added shared lib /data/app-lib/com.google.android.apps.plus-1/libcrashreporter.so 0x41c6a7e8
I/Gmail   (25099): calculateUnknownSyncRationalesAndPurgeInBackground: queueing
I/Gmail   (25099): calculateUnknownSyncRationalesAndPurgeInBackground: queueing
I/Gmail   (25099): MainSyncRequestProto: lowestBkwdConvoId: 0, highestHandledServerOp: 597257, normalSync: true
I/Gmail   (25099): calculateUnknownSyncRationalesAndPurgeInBackground: queueing
I/Gmail   (25099): calculateUnknownSyncRationalesAndPurgeInBackground: running
I/Gmail   (25099): calculateUnknownSyncRationalesAndPurgeInBackground: running
I/Gmail   (25099): calculateUnknownSyncRationalesAndPurgeInBackground: queueing
I/Gmail   (25099): calculateUnknownSyncRationalesAndPurgeInBackground: running
I/Gmail   (25099): calculateUnknownSyncRationalesAndPurgeInBackground: running
W/GLSUser ( 2685): GoogleAccountDataService.getToken()
W/GLSUser ( 2685): GoogleAccountDataService.getToken()
W/GLSUser ( 2685): GoogleAccountDataService.getToken()
D/dalvikvm(25112): Trying to load lib /data/app-lib/com.google.android.apps.plus-1/libcronet.so 0x41c6a7e8
D/dalvikvm(25112): Added shared lib /data/app-lib/com.google.android.apps.plus-1/libcronet.so 0x41c6a7e8
W/chromium(25112): [0914/170935:WARNING:proxy_service.cc(911)] PAC support disabled because there is no system implementation
V/Zygote  (25173): Switching descriptor 32 to /dev/null
V/Zygote  (25173): Switching descriptor 10 to /dev/null
D/ActivityThread(25173): handleBindApplication:com.facebook.katana
D/ActivityThread(25173): setTargetHeapUtilization:0.25
D/ActivityThread(25173): setTargetHeapMinFree:524288
I/dalvikvm(25173): Could not find method com.facebook.common.util.StringLocaleUtil.a, referenced from method com.facebook.base.app.LightweightPerfEvents.b
W/dalvikvm(25173): VFY: unable to resolve static method 760: Lcom/facebook/common/util/StringLocaleUtil;.a (Ljava/lang/String;[Ljava/lang/Object;)Ljava/lang/String;
D/dalvikvm(25173): VFY: replacing opcode 0x71 at 0x001f
I/dalvikvm(25173): Could not find method com.facebook.common.util.StringLocaleUtil.a, referenced from method com.facebook.base.app.LightweightPerfEvents.d
W/dalvikvm(25173): VFY: unable to resolve static method 760: Lcom/facebook/common/util/StringLocaleUtil;.a (Ljava/lang/String;[Ljava/lang/Object;)Ljava/lang/String;
D/dalvikvm(25173): VFY: replacing opcode 0x71 at 0x0014
D/CatchMeIfYouCan(25173): Process (<default>) ca: '/data/data/com.facebook.katana/app_cmiyc/A1657CCD543F12E66E587EE52ED9D802E22AAC4701'
D/CatchMeIfYouCan(25173): Process (<default>) fc: '/data/data/com.facebook.katana/app_cmiyc/A1657CCD543F12E66E587EE52ED9D802E22AAC4702'
D/CatchMeIfYouCan(25173): Process (<default>) cp: '('default', 3, 120000, silent [true], restart [false], logout [false])'
D/ACRA    (25173): ACRA is enabled for com.facebook.katana, intializing...
D/ACRA    (25173): Looking for error files in /data/data/com.facebook.katana/app_acra-reports
D/ACRA    (25173): Looking for error files in /data/data/com.facebook.katana/app_minidumps
D/dalvikvm(25173): Trying to load lib /data/app-lib/com.facebook.katana-1/libfb_stl_shared.so 0x41c747d0
D/dalvikvm(25173): Added shared lib /data/app-lib/com.facebook.katana-1/libfb_stl_shared.so 0x41c747d0
D/dalvikvm(25173): No JNI_OnLoad found in /data/app-lib/com.facebook.katana-1/libfb_stl_shared.so 0x41c747d0, skipping init
D/dalvikvm(25173): Trying to load lib /data/app-lib/com.facebook.katana-1/libfb_breakpad_client.so 0x41c747d0
D/dalvikvm(25173): Added shared lib /data/app-lib/com.facebook.katana-1/libfb_breakpad_client.so 0x41c747d0
D/dalvikvm(25173): Trying to load lib /data/app-lib/com.facebook.katana-1/libfb_dalvik-internals.so 0x41c747d0
D/dalvikvm(25173): Added shared lib /data/app-lib/com.facebook.katana-1/libfb_dalvik-internals.so 0x41c747d0
I/dalvik-internals(25173): Successfully looked up JNI_GetCreatedJavaVMs: ptr=0x4156cfd9 sz=0
I/dalvik-internals(25173): Successfully looked up gDvm: ptr=0x415d02c8 sz=0
I/dalvik-internals(25173): Successfully looked up dvmResolveClass: ptr=0x4158bd41 sz=196
I/dalvik-internals(25173): Successfully looked up dvmFlushBreakpoints: ptr=0x41549948 sz=172
I/dalvik-internals(25173): Successfully looked up dvmSuspendAllThreads: ptr=0x415745e5 sz=0
I/dalvik-internals(25173): Successfully looked up dvmResumeAllThreads: ptr=0x4157426d sz=0
E/dalvik-internals(25173): Failed to look up ladDumpProfiles
E/dalvik-internals(25173): Failed to look up ladResetProfiles
E/dalvik-internals(25173): Failed to look up ladPrintHeaderInfo
V/DexLibLoader(25173): about to lock odex store
V/DexLibLoader(25173): locking odex store took 0 ms
V/DexLibLoader(25173): Secondary program dex metadata: secondary-1.dex.jar.xz a32b54e444c84ca7fa61b2f3359b1d6a37076d7f secondary.dex01.Canary
V/DexLibLoader(25173): Secondary program dex metadata: secondary-2.dex.jar.xz 6277cf329e4ed5c0c400962a1d65a811761f97aa secondary.dex02.Canary
V/DexLibLoader(25173): Secondary program dex metadata: secondary-3.dex.jar.xz 14e3ba4dc9a20e038b3df84238b16407a06c6de6 secondary.dex03.Canary
V/DexLibLoader(25173): Secondary program dex metadata: secondary-4.dex.jar.xz 54a6deb0837c4253268f2c27145c104e640477b4 secondary.dex04.Canary
V/DexLibLoader(25173): Secondary program dex metadata: secondary-5.dex.jar.xz 2fa02a148473e29a4e1afaed231315bdcbd0a55c secondary.dex05.Canary
V/DexLibLoader(25173): directory "/data/data/com.facebook.katana/app_secondary_program_dex" contains "program-a32b54e444c84ca7fa61b2f3359b1d6a37076d7fc1918fb2.dex.jar" as expected
V/DexLibLoader(25173): directory "/data/data/com.facebook.katana/app_secondary_program_dex" contains "program-6277cf329e4ed5c0c400962a1d65a811761f97aac1918fb2.dex.jar" as expected
V/DexLibLoader(25173): directory "/data/data/com.facebook.katana/app_secondary_program_dex" contains "program-14e3ba4dc9a20e038b3df84238b16407a06c6de6c1918fb2.dex.jar" as expected
V/DexLibLoader(25173): directory "/data/data/com.facebook.katana/app_secondary_program_dex" contains "program-54a6deb0837c4253268f2c27145c104e640477b4c1918fb2.dex.jar" as expected
V/DexLibLoader(25173): directory "/data/data/com.facebook.katana/app_secondary_program_dex" contains "program-2fa02a148473e29a4e1afaed231315bdcbd0a55cc1918fb2.dex.jar" as expected
D/DexLibLoader(25173): ignoring file "program-a32b54e444c84ca7fa61b2f3359b1d6a37076d7fc1918fb2.dex.odex" in "/data/data/com.facebook.katana/app_secondary_program_dex"
D/DexLibLoader(25173): ignoring file "program-6277cf329e4ed5c0c400962a1d65a811761f97aac1918fb2.dex.odex" in "/data/data/com.facebook.katana/app_secondary_program_dex"
D/DexLibLoader(25173): ignoring file "program-14e3ba4dc9a20e038b3df84238b16407a06c6de6c1918fb2.dex.odex" in "/data/data/com.facebook.katana/app_secondary_program_dex"
D/DexLibLoader(25173): ignoring file "program-54a6deb0837c4253268f2c27145c104e640477b4c1918fb2.dex.odex" in "/data/data/com.facebook.katana/app_secondary_program_dex"
D/DexLibLoader(25173): ignoring file "program-2fa02a148473e29a4e1afaed231315bdcbd0a55cc1918fb2.dex.odex" in "/data/data/com.facebook.katana/app_secondary_program_dex"
D/DexLibLoader(25173): directory "/data/data/com.facebook.katana/app_secondary_program_dex" is valid
V/DexLibLoader(25173): directory "/data/data/com.facebook.katana/app_secondary_program_dex_opt" contains "program-a32b54e444c84ca7fa61b2f3359b1d6a37076d7fc1918fb2.dex.dex" as expected
V/DexLibLoader(25173): directory "/data/data/com.facebook.katana/app_secondary_program_dex_opt" contains "program-6277cf329e4ed5c0c400962a1d65a811761f97aac1918fb2.dex.dex" as expected
V/DexLibLoader(25173): directory "/data/data/com.facebook.katana/app_secondary_program_dex_opt" contains "program-14e3ba4dc9a20e038b3df84238b16407a06c6de6c1918fb2.dex.dex" as expected
V/DexLibLoader(25173): directory "/data/data/com.facebook.katana/app_secondary_program_dex_opt" contains "program-54a6deb0837c4253268f2c27145c104e640477b4c1918fb2.dex.dex" as expected
V/DexLibLoader(25173): directory "/data/data/com.facebook.katana/app_secondary_program_dex_opt" contains "program-2fa02a148473e29a4e1afaed231315bdcbd0a55cc1918fb2.dex.dex" as expected
D/DexLibLoader(25173): ignoring file "primary_deps" in "/data/data/com.facebook.katana/app_secondary_program_dex_opt"
D/DexLibLoader(25173): directory "/data/data/com.facebook.katana/app_secondary_program_dex_opt" is valid
D/DexLibLoader(25173): loading pre-built cross-dex opt odex files
D/dalvik-internals(25173): successfully hooked dvmResolveClass using jump
D/dalvik-internals(25173): successfully hooked dvmFlushBreakpoints using jump
D/DexLibLoader(25173): released odex store lock
D/DexLibLoader(25173): DexLibLoader.loadAll took 118 ms
D/SystemClassLoaderAdder(25173): Marked as initialized entry corresponding to path /data/app/com.facebook.katana-1.apk
I/dalvik-internals(25173): gDvm has value 0x415d02c8.  Searching for vmList (initial offset in [704,1480]).
I/dalvik-internals(25173): Beginning search.  Actual offset in [704,1468].
E/dalvik-internals(25173): Failed to find vmList in gDvm.  Going to brute-force search for LinearAllocHdr.
D/dalvik-internals(25173): Evaluating LinearAllocHdr candidate at 0x41997ba8.
I/dalvik-internals(25173): Found LinearAllocHdr (with no vmList) at offset 948.
W/Uploader( 2582): No account for auth token provided
I/mbh     ( 2582): I/O exception (org.apache.http.NoHttpResponseException) caught when processing request: The target server failed to respond
I/mbh     ( 2582): Retrying request
I/Gmail   (25099): MainSyncRequestProto: lowestBkwdConvoId: 0, highestHandledServerOp: 597300, normalSync: true
W/GLSUser ( 2685): GoogleAccountDataService.getToken()
V/Zygote  (25191): Switching descriptor 32 to /dev/null
V/Zygote  (25191): Switching descriptor 10 to /dev/null
D/ActivityThread(25191): handleBindApplication:com.android.email
D/ActivityThread(25191): setTargetHeapUtilization:0.25
D/ActivityThread(25191): setTargetHeapMinFree:524288
W/dalvikvm(25173): method Lcom/facebook/reflex/view/AbstractListView;.invalidate incorrectly overrides package-private method with same name in Landroid/view/View;
W/LocationOracleImpl(23155): Not started: ignore location
I/GCoreUlr( 2885): Starting service, intent=Intent { act=com.google.android.location.reporting.ACTION_LOCATION_STATUS cmp=com.google.android.gms/com.google.android.location.reporting.service.DispatchingService (has extras) }, extras=Bundle[{status=LocationStatus[cell status: STATUS_SUCCESSFUL, wifi status: STATUS_SUCCESSFUL, elapsed realtime ns: 327872149681339]}]
W/dalvikvm(25173): method Lcom/facebook/reflex/view/GalleryViewAutoReflex;.invalidate incorrectly overrides package-private method with same name in Landroid/view/View;
W/dalvikvm(25173): method Lcom/facebook/reflex/view/HorizontalScrollViewAutoReflex;.invalidate incorrectly overrides package-private method with same name in Landroid/view/View;
W/dalvikvm(25173): method Lcom/facebook/reflex/view/ImageViewAutoReflex;.invalidate incorrectly overrides package-private method with same name in Landroid/view/View;
W/dalvikvm(25173): method Lcom/facebook/reflex/view/ViewPagerAutoReflex;.invalidate incorrectly overrides package-private method with same name in Landroid/view/View;
W/dalvikvm(25173): method Lcom/facebook/reflex/view/ScrollViewAutoReflex;.invalidate incorrectly overrides package-private method with same name in Landroid/view/View;
W/dalvikvm(25173): method Lcom/facebook/reflex/view/FrameLayoutAutoReflex;.invalidate incorrectly overrides package-private method with same name in Landroid/view/View;
I/Exchange(12784): onPerformSync: Bundle[{__push_only__=true}]
I/GCoreUlr( 2885): Successfully inserted location
I/GCoreUlr( 2885): Not calling LocationReportingService, hasMoved: false, elapsed millis: 1789711, request: Phone
I/GAV2    (25099): Thread[GAThread,5,main]: No campaign data found.
I/Gmail   (25099): MainSyncRequestProto: lowestBkwdConvoId: 0, highestHandledServerOp: 597300, normalSync: true
I/Gmail   (25099): lowestBackward conversation id 0
I/Email   (25191): Registering for notifications for account 1
I/GAV2    (25112): Thread[GAThread,5,main]: No campaign data found.
I/Gmail   (25099): Sending provider changed intent: Intent { act=android.intent.action.PROVIDER_CHANGED dat=content://gmail-ls/unread/^sq_ig_i_promo (has extras) }
I/Exchange(12784): Interrupt with reason 2
W/dalvikvm(25173): method Lcom/facebook/feed/reflex/ZoomableImageViewAutoReflex;.invalidate incorrectly overrides package-private method with same name in Landroid/view/View;
W/GLSUser ( 2685): GoogleAccountDataService.getToken()
I/NotifUtils(25191): Validating Notification, mapSize: 2 getAttention: true
I/NotifUtils(25191): Showing notification with unreadCount of 1 and unseenCount of 1
I/Icing   ( 2582): Indexing CB79EA0C12357D550A84315F9EBFD66DD0333438 from com.google.android.gm
I/Icing   ( 2582): Not enough disk space for indexing trimmable
I/Icing   ( 2582): Cannot sync trimmable corpus: no trimmable
E/Icing   ( 2582): Aborting indexing of corpus CB79EA0C12357D550A84315F9EBFD66DD0333438
I/Icing   ( 2582): Indexing done CB79EA0C12357D550A84315F9EBFD66DD0333438
I/NotifUtils(25191): Account: -957409798 vibrate: false
I/NotifUtils(25191): New email in -957409798 vibrateWhen: false, playing notification: content://settings/system/notification_sound
I/NotifUtils(25191): Validating Notification, mapSize: 2 getAttention: true
I/NotifUtils(25191): validateNotifications - cancelling account -957409798 / folder 77386
W/dalvikvm(25173): method Lcom/facebook/messaging/reflex/SwipableOverlayLayoutAutoReflex;.invalidate incorrectly overrides package-private method with same name in Landroid/view/View;
I/NotifUtils(25191): Validating Notification, mapSize: 2 getAttention: true
I/NotifUtils(25191): validateNotifications - cancelling account -957409798 / folder 77856
I/NotifUtils(25191): Validating Notification, mapSize: 2 getAttention: true
I/NotifUtils(25191): Notifications are disabled for this folder; not notifying
I/Email   (25191): Observing account changes for notifications
W/fb4a(:<default>):StaticBindingVerifier(25173): Verify
W/fb4a(:<default>):BaseAnalyticsConfig(25173): willEventBeLogged() called before shared prefs were initialized! Defaulting to true.
W/fb4a(:<default>):BaseAnalyticsConfig(25173): willEventBeLogged() called before shared prefs were initialized! Defaulting to true.
E/dalvikvm(25173): Could not find class 'org.apache.harmony.xnet.provider.jsse.OpenSSLSocketImpl', referenced from method com.facebook.ssl.openssl.check.CheckOpenSSLImplHasRequiredMethods.<clinit>
W/dalvikvm(25173): VFY: unable to resolve const-class 10188 (Lorg/apache/harmony/xnet/provider/jsse/OpenSSLSocketImpl;) in Lcom/facebook/ssl/openssl/check/CheckOpenSSLImplHasRequiredMethods;
D/dalvikvm(25173): VFY: replacing opcode 0x1c at 0x000d
E/dalvikvm(25173): Could not find class 'org.apache.harmony.xnet.provider.jsse.OpenSSLSocketFactoryImpl', referenced from method com.facebook.ssl.openssl.reflect.SSLParametersGetter.<clinit>
W/dalvikvm(25173): VFY: unable to resolve const-class 10187 (Lorg/apache/harmony/xnet/provider/jsse/OpenSSLSocketFactoryImpl;) in Lcom/facebook/ssl/openssl/reflect/SSLParametersGetter;
D/dalvikvm(25173): VFY: replacing opcode 0x1c at 0x000d
E/dalvikvm(25173): Could not find class 'org.apache.harmony.xnet.provider.jsse.SSLParametersImpl', referenced from method com.facebook.ssl.openssl.reflect.SSLParametersGetter.a
W/dalvikvm(25173): VFY: unable to resolve check-cast 10190 (Lorg/apache/harmony/xnet/provider/jsse/SSLParametersImpl;) in Lcom/facebook/ssl/openssl/reflect/SSLParametersGetter;
D/dalvikvm(25173): VFY: replacing opcode 0x1f at 0x0006
E/dalvikvm(25173): Could not find class 'org.apache.harmony.xnet.provider.jsse.SSLParametersImpl', referenced from method com.facebook.ssl.openssl.reflect.SSLSessionTimeoutSetter.<clinit>
W/dalvikvm(25173): VFY: unable to resolve const-class 10190 (Lorg/apache/harmony/xnet/provider/jsse/SSLParametersImpl;) in Lcom/facebook/ssl/openssl/reflect/SSLSessionTimeoutSetter;
D/dalvikvm(25173): VFY: replacing opcode 0x1c at 0x000d
W/dalvikvm(25173): VFY: unable to find class referenced in signature (Lorg/apache/harmony/xnet/provider/jsse/SSLParametersImpl;)
E/dalvikvm(25173): Could not find class 'org.apache.harmony.xnet.provider.jsse.ClientSessionContext', referenced from method com.facebook.ssl.openssl.reflect.SSLSessionTimeoutSetter.a
W/dalvikvm(25173): VFY: unable to resolve check-cast 10186 (Lorg/apache/harmony/xnet/provider/jsse/ClientSessionContext;) in Lcom/facebook/ssl/openssl/reflect/SSLSessionTimeoutSetter;
D/dalvikvm(25173): VFY: replacing opcode 0x1f at 0x0006
W/dalvikvm(25173): VFY: unable to find class referenced in signature (Lorg/apache/harmony/xnet/provider/jsse/SSLParametersImpl;)
W/dalvikvm(25173): Unable to resolve superclass of Lcom/facebook/ssl/openssl/TicketEnabledOpenSSLSocketImplWrapper; (10189)
W/dalvikvm(25173): Link of class 'Lcom/facebook/ssl/openssl/TicketEnabledOpenSSLSocketImplWrapper;' failed
E/dalvikvm(25173): Could not find class 'com.facebook.ssl.openssl.TicketEnabledOpenSSLSocketImplWrapper', referenced from method com.facebook.ssl.openssl.TicketEnabledOpenSSLSocketFactoryHelper.a
W/dalvikvm(25173): VFY: unable to resolve new-instance 7566 (Lcom/facebook/ssl/openssl/TicketEnabledOpenSSLSocketImplWrapper;) in Lcom/facebook/ssl/openssl/TicketEnabledOpenSSLSocketFactoryHelper;
D/dalvikvm(25173): VFY: replacing opcode 0x22 at 0x0000
W/dalvikvm(25173): Unable to resolve superclass of Lcom/facebook/ssl/openssl/TicketEnabledOpenSSLSocketImplWrapper; (10189)
W/dalvikvm(25173): Link of class 'Lcom/facebook/ssl/openssl/TicketEnabledOpenSSLSocketImplWrapper;' failed
D/dalvikvm(25173): DexOpt: unable to opt direct call 0xb22d at 0x08 in Lcom/facebook/ssl/openssl/TicketEnabledOpenSSLSocketFactoryHelper;.a
D/dalvikvm(25173): Trying to load lib /data/app-lib/com.facebook.katana-1/libfb_stl_shared.so 0x41c747d0
D/dalvikvm(25173): Shared lib '/data/app-lib/com.facebook.katana-1/libfb_stl_shared.so' already loaded in same CL 0x41c747d0
D/dalvikvm(25173): Trying to load lib /data/app-lib/com.facebook.katana-1/libfb.so 0x41c747d0
D/dalvikvm(25173): Added shared lib /data/app-lib/com.facebook.katana-1/libfb.so 0x41c747d0
D/dalvikvm(25173): No JNI_OnLoad found in /data/app-lib/com.facebook.katana-1/libfb.so 0x41c747d0, skipping init
D/dalvikvm(25173): Trying to load lib /data/app-lib/com.facebook.katana-1/libfb_breakpad_client.so 0x41c747d0
D/dalvikvm(25173): Shared lib '/data/app-lib/com.facebook.katana-1/libfb_breakpad_client.so' already loaded in same CL 0x41c747d0
D/dalvikvm(25173): Trying to load lib /data/app-lib/com.facebook.katana-1/libfbjni.so 0x41c747d0
D/dalvikvm(25173): Added shared lib /data/app-lib/com.facebook.katana-1/libfbjni.so 0x41c747d0
D/dalvikvm(25173): Trying to load lib /data/app-lib/com.facebook.katana-1/libheartbleed.so 0x41c747d0
D/dalvikvm(25173): Added shared lib /data/app-lib/com.facebook.katana-1/libheartbleed.so 0x41c747d0
W/fb4a(:<default>):AbstractMqttPushService(25173): Attempt to start service that is already started
I/GCM     ( 2685): GCM config loaded
D/GCoreFlp( 2885): Unknown pending intent to remove.
W/fb4a(:<default>):JACKSON_FALLBACK(25173): Using com.fasterxml.jackson.databind.deser.std.EnumDeserializer@423d6660 to deserialize [simple type, class com.facebook.common.util.TriState]
