D/StatusBar.NetworkController( 2375): updateConnectivity: networkInfo=NetworkInfo: type: WIFI[], state: CONNECTED/CONNECTED, reason: (unspecified), extra: "OpenWrt - 2", roaming: false, failover: false, isAvailable: true, isConnectedToProvisioningNetwork: false
D/StatusBar.NetworkController( 2375): updateConnectivity: connectionStatus=100
I/wpa_supplicant(19609): wlan0: CTRL-EVENT-SCAN-STARTED 
I/GCoreUlr( 2885): Successfully inserted location
I/GCoreUlr( 2885): Starting service, intent=Intent { cmp=com.google.android.gms/com.google.android.location.reporting.LocationReportingService }, extras=null
W/GLSUser ( 2685): GoogleAccountDataService.getToken()
W/GLSUser ( 2685): [avd][avd] Permission for com.google.android.gms to access oauth2:https://www.googleapis.com/auth/userlocation.reporting will be managed locally.
I/qtaguid ( 2885): Failed write_ctrl(u 80) res=-1 errno=22
I/qtaguid ( 2885): Untagging socket 80 failed errno=-22
W/NetworkManagementSocketTagger( 2885): untagSocket(80) failed with errno -22
I/mbh     ( 2885): I/O exception (org.apache.http.NoHttpResponseException) caught when processing request: The target server failed to respond
I/mbh     ( 2885): Retrying request
I/GCoreUlr( 2885): Starting service, intent=Intent { act=com.google.android.location.reporting.ACTION_UPDATE_ACTIVE_STATE cmp=com.google.android.gms/com.google.android.location.reporting.service.DispatchingService }, extras=null
I/GCoreUlr( 2885): Batch Location Update succeeded for account account#6#
I/AdsMeasurementBroadcastReceiver( 2582): Reporting settings might have changed, alerting AdsMeasurementService
D/AdsMeasurementBroadcastReceiver( 2582): Unauthorized to start the main service
I/GCoreUlr( 2885): Ensuring that reporting is active for [account#6#]
I/GCoreUlr( 2885): Starting service, intent=Intent { act=com.google.android.location.reporting.ACTION_LOCATION_STATUS cmp=com.google.android.gms/com.google.android.location.reporting.service.DispatchingService (has extras) }, extras=Bundle[{status=LocationStatus[cell status: STATUS_SUCCESSFUL, wifi status: STATUS_TIMED_OUT_ON_SCAN, elapsed realtime ns: 333099567694548]}]
I/GCM     ( 2685): GCM message org.telegram.messenger 0:1410714025056701%8eeb79b038eb0007
D/StatusBar.NetworkController( 2375): updateConnectivity: intent=Intent { act=android.net.conn.INET_CONDITION_ACTION flg=0x4000010 (has extras) }
D/StatusBar.NetworkController( 2375): updateConnectivity: networkInfo=NetworkInfo: type: WIFI[], state: CONNECTED/CONNECTED, reason: (unspecified), extra: "OpenWrt - 2", roaming: false, failover: false, isAvailable: true, isConnectedToProvisioningNetwork: false
D/StatusBar.NetworkController( 2375): updateConnectivity: connectionStatus=100
I/wpa_supplicant(19609): wlan0: CTRL-EVENT-SCAN-STARTED 
I/GCoreUlr( 2885): Successfully inserted location
I/GCoreUlr( 2885): Not calling LocationReportingService, hasMoved: true, elapsed millis: 60015, request: Phone
I/wpa_supplicant(19609): wlan0: CTRL-EVENT-SCAN-STARTED 
D/AKMD2   ( 2241): akm_enable_sensor: Accel is enabled. (orien = 0)
I/AKMD2   ( 2241): enable_accelerometer, mEnabled = 0, enable = 1
D/AKMD2   ( 2241): akm_disable_sensor: Accel is disabled. (orien = 0)
I/AKMD2   ( 2241): enable_accelerometer, mEnabled = 1, enable = 0
I/GCoreUlr( 2885): Successfully inserted location
I/GCoreUlr( 2885): Not calling LocationReportingService, hasMoved: true, elapsed millis: 121770, request: Phone
I/wpa_supplicant(19609): wlan0: CTRL-EVENT-SCAN-STARTED 
W/LocationOracleImpl(23155): Not started: ignore location
I/GCoreUlr( 2885): Successfully inserted location
I/GCoreUlr( 2885): Not calling LocationReportingService, hasMoved: true, elapsed millis: 181263, request: Phone
I/wpa_supplicant(19609): wlan0: CTRL-EVENT-SCAN-STARTED 
I/GCoreUlr( 2885): Successfully inserted location
I/GCoreUlr( 2885): Not calling LocationReportingService, hasMoved: true, elapsed millis: 241875, request: Phone
I/wpa_supplicant(19609): wlan0: WPA: Group rekeying completed with 74:ea:3a:c2:50:c4 [GTK=CCMP]
I/wpa_supplicant(19609): wlan0: WPA: Group rekeying completed with 74:ea:3a:c2:50:c4 [GTK=CCMP]
I/wpa_supplicant(19609): wlan0: WPA: Group rekeying completed with 74:ea:3a:c2:50:c4 [GTK=CCMP]
I/wpa_supplicant(19609): wlan0: CTRL-EVENT-SCAN-STARTED 
D/AKMD2   ( 2241): akm_enable_sensor: Accel is enabled. (orien = 0)
I/AKMD2   ( 2241): enable_accelerometer, mEnabled = 0, enable = 1
D/AKMD2   ( 2241): akm_disable_sensor: Accel is disabled. (orien = 0)
I/AKMD2   ( 2241): enable_accelerometer, mEnabled = 1, enable = 0
D/AKMD2   ( 2241): akm_enable_sensor: Accel is enabled. (orien = 0)
I/AKMD2   ( 2241): enable_accelerometer, mEnabled = 0, enable = 1
I/GCoreUlr( 2885): Successfully inserted location
I/GCoreUlr( 2885): Not calling LocationReportingService, hasMoved: true, elapsed millis: 339346, request: Phone
D/AKMD2   ( 2241): akm_disable_sensor: Accel is disabled. (orien = 0)
I/AKMD2   ( 2241): enable_accelerometer, mEnabled = 1, enable = 0
D/lights  ( 2241): set_light_buttons: 1
D/AKMD2   ( 2241): akm_enable_sensor: Accel is enabled. (orien = 0)
I/AKMD2   ( 2241): enable_accelerometer, mEnabled = 0, enable = 1
D/TinyALSA-Audio Hardware( 1860): audio_hw_set_parameters(0x41215840, screen_state=on)++
D/TinyALSA-Audio Hardware( 1860): audio_hw_set_parameters(0x41215840, screen_state=on)-- (PARAMETER ERROR)
D/PowerManagerService-JNI( 2241): Excessive delay in autosuspend_disable() while turning screen on: 274ms
D/SurfaceFlinger( 1857): Screen acquired, type=0 flinger=0x406b3008
V/Zygote  (27073): Switching descriptor 32 to /dev/null
V/Zygote  (27073): Switching descriptor 10 to /dev/null
D/PhoneStatusBar( 2375): disable: < expand icons alerts ticker system_info back* home* recent* clock* search >
D/ActivityThread(27073): handleBindApplication:com.estrongs.android.pop
D/ActivityThread(27073): setTargetHeapUtilization:0.25
D/ActivityThread(27073): setTargetHeapMinFree:524288
I/Timeline( 2520): Timeline: Activity_idle id: android.os.BinderProxy@41c63878 time:222444557
E/ObjectHelper(27073): Can't find method:setCompatibilityInfo
D/am      (27073): Refresh storage info done.23
D/dalvikvm(27073): Trying to load lib /data/app-lib/com.estrongs.android.pop-2/libmyaes.so 0x41c69e10
D/dalvikvm(27073): Added shared lib /data/app-lib/com.estrongs.android.pop-2/libmyaes.so 0x41c69e10
V/Zygote  (27089): Switching descriptor 32 to /dev/null
V/Zygote  (27089): Switching descriptor 10 to /dev/null
D/ActivityThread(27089): handleBindApplication:com.handmark.expressweather
D/ActivityThread(27089): setTargetHeapUtilization:0.25
D/ActivityThread(27089): setTargetHeapMinFree:524288
D/PrivacyManager(27089): Initializing Pinsight Privacy SDK v2.2.0
I/ErrorAgent(27089): Registering custom exceptions handler
V/Zygote  (27107): Switching descriptor 32 to /dev/null
V/Zygote  (27107): Switching descriptor 10 to /dev/null
D/ActivityThread(27107): handleBindApplication:netgenius.bizcal
D/ActivityThread(27107): setTargetHeapUtilization:0.25
D/ActivityThread(27107): setTargetHeapMinFree:524288
D/lights  ( 2241): set_light_buttons: 2
D/SurfaceFlinger( 1857): Screen released, type=0 flinger=0x406b3008
D/AKMD2   ( 2241): akm_disable_sensor: Accel is disabled. (orien = 0)
I/AKMD2   ( 2241): enable_accelerometer, mEnabled = 1, enable = 0
I/Choreographer( 2375): Skipped 33 frames!  The application may be doing too much work on its main thread.
W/View    ( 2375): requestLayout() improperly called by android.widget.TextClock{41f17018 V.ED.... ......ID 0,0-106,129 #7f0b0013 app:id/clock1_regular} during layout: running second layout pass
W/View    ( 2375): requestLayout() improperly called by android.widget.TextClock{41f661f0 V.ED.... ......ID 106,0-229,129 #7f0b0014 app:id/clock2_regular} during layout: running second layout pass
W/View    ( 2375): requestLayout() improperly called by android.widget.TextClock{42126c28 V.ED.... ......ID 57,1-203,26 #7f0b0018 app:id/date_bold} during layout: running second layout pass
W/View    ( 2375): requestLayout() improperly called by android.widget.TextView{41ea41a0 V.ED.... ......ID 245,1-322,26 #7f0b001b app:id/nextAlarm_bold} during layout: running second layout pass
W/View    ( 2375): requestLayout() improperly called by android.widget.TextView{41f0fe38 V.ED.... ......ID 6,6-133,35 #7f0b0021 app:id/weather_city} during layout: running second layout pass
W/View    ( 2375): requestLayout() improperly called by android.widget.TextView{41f51678 V.ED.... ......ID 78,35-133,60 #7f0b0027 app:id/weather_condition} during layout: running second layout pass
W/View    ( 2375): requestLayout() improperly called by android.widget.TextView{41f52d78 V.ED.... ......ID 78,60-133,75 #7f0b0022 app:id/update_time} during layout: running second layout pass
W/View    ( 2375): requestLayout() improperly called by android.widget.TextView{42148250 V.ED.... ......ID 1,0-65,41 #7f0b0024 app:id/weather_temp} during layout: running second layout pass
W/View    ( 2375): requestLayout() improperly called by android.widget.TextView{4296dc20 V.ED.... ......ID 0,43-66,71 #7f0b0026 app:id/weather_low_high} during layout: running second layout pass
D/PhoneStatusBar( 2375): disable: < expand icons alerts ticker system_info BACK* HOME* RECENT* CLOCK* search >
D/TinyALSA-Audio Hardware( 1860): audio_hw_set_parameters(0x41215840, screen_state=off)++
D/TinyALSA-Audio Hardware( 1860): audio_hw_set_parameters(0x41215840, screen_state=off)-- (PARAMETER ERROR)
I/wpa_supplicant(19609): wlan0: CTRL-EVENT-SCAN-STARTED 
I/GCoreUlr( 2885): Successfully inserted location
I/GCoreUlr( 2885): Not calling LocationReportingService, hasMoved: true, elapsed millis: 399433, request: Phone
V/Zygote  (27160): Switching descriptor 32 to /dev/null
V/Zygote  (27160): Switching descriptor 10 to /dev/null
D/AKMD2   ( 2241): akm_enable_sensor: Accel is enabled. (orien = 0)
I/AKMD2   ( 2241): enable_accelerometer, mEnabled = 0, enable = 1
D/ActivityThread(27160): handleBindApplication:com.ing.mobile
D/ActivityThread(27160): setTargetHeapUtilization:0.25
D/ActivityThread(27160): setTargetHeapMinFree:524288
D/AKMD2   ( 2241): akm_disable_sensor: Accel is disabled. (orien = 0)
I/AKMD2   ( 2241): enable_accelerometer, mEnabled = 1, enable = 0
I/GCoreUlr( 2885): Received powerMode change from NLP: com.google.android.location.activity.LOW_POWER_MODE_ENABLED
I/GCoreUlr( 2885): Starting service, intent=Intent { act=com.google.android.location.reporting.ACTION_UPDATE_ACTIVE_STATE cmp=com.google.android.gms/com.google.android.location.reporting.service.DispatchingService }, extras=null
I/GCoreUlr( 2885): Ensuring that reporting is active for [account#6#]
I/GCoreUlr( 2885): Starting service, intent=Intent { act=com.google.android.location.reporting.ACTION_LOCATION_STATUS cmp=com.google.android.gms/com.google.android.location.reporting.service.DispatchingService (has extras) }, extras=Bundle[{status=LocationStatus[cell status: STATUS_SUCCESSFUL, wifi status: STATUS_TIMED_OUT_ON_SCAN, elapsed realtime ns: 333099567694548]}]
I/GCoreUlr( 2885): GMS FLP location and AR updates requested: {"timestampMs":1410714409150,"description":"stationary","samplePeriodMs":1080000,"sampleSource":"internal","sampleReason":"stationary"}
I/wpa_supplicant(19609): wlan0: CTRL-EVENT-SCAN-STARTED 
I/GCoreUlr( 2885): Successfully inserted location
I/GCoreUlr( 2885): Not calling LocationReportingService, hasMoved: false, elapsed millis: 459867, request: Phone
W/Uploader( 2582): No account for auth token provided
D/AKMD2   ( 2241): akm_enable_sensor: Accel is enabled. (orien = 0)
I/AKMD2   ( 2241): enable_accelerometer, mEnabled = 0, enable = 1
I/mbh     ( 2582): I/O exception (org.apache.http.NoHttpResponseException) caught when processing request: The target server failed to respond
I/mbh     ( 2582): Retrying request
D/AKMD2   ( 2241): akm_disable_sensor: Accel is disabled. (orien = 0)
I/AKMD2   ( 2241): enable_accelerometer, mEnabled = 1, enable = 0
I/wpa_supplicant(19609): wlan0: CTRL-EVENT-SCAN-STARTED 
W/LocationOracleImpl(23155): Not started: ignore location
I/GCoreUlr( 2885): Successfully inserted location
I/GCoreUlr( 2885): Not calling LocationReportingService, hasMoved: false, elapsed millis: 744590, request: Phone
D/AKMD2   ( 2241): akm_enable_sensor: Accel is enabled. (orien = 0)
I/AKMD2   ( 2241): enable_accelerometer, mEnabled = 0, enable = 1
D/AKMD2   ( 2241): akm_disable_sensor: Accel is disabled. (orien = 0)
I/AKMD2   ( 2241): enable_accelerometer, mEnabled = 1, enable = 0
I/wpa_supplicant(19609): wlan0: WPA: Group rekeying completed with 74:ea:3a:c2:50:c4 [GTK=CCMP]
I/wpa_supplicant(19609): wlan0: WPA: Group rekeying completed with 74:ea:3a:c2:50:c4 [GTK=CCMP]
D/AKMD2   ( 2241): akm_enable_sensor: Accel is enabled. (orien = 0)
I/AKMD2   ( 2241): enable_accelerometer, mEnabled = 0, enable = 1
D/AKMD2   ( 2241): akm_disable_sensor: Accel is disabled. (orien = 0)
I/AKMD2   ( 2241): enable_accelerometer, mEnabled = 1, enable = 0
W/GCM     ( 2685): Heartbeat timeout, GCM connection reset
I/wpa_supplicant(19609): wlan0: CTRL-EVENT-SCAN-STARTED 
D/StatusBar.NetworkController( 2375): updateConnectivity: intent=Intent { act=android.net.conn.INET_CONDITION_ACTION flg=0x4000010 (has extras) }
D/StatusBar.NetworkController( 2375): updateConnectivity: networkInfo=NetworkInfo: type: WIFI[], state: CONNECTED/CONNECTED, reason: (unspecified), extra: "OpenWrt - 2", roaming: false, failover: false, isAvailable: true, isConnectedToProvisioningNetwork: false
D/StatusBar.NetworkController( 2375): updateConnectivity: connectionStatus=0
W/LocationOracleImpl(23155): Not started: ignore location
I/GCoreUlr( 2885): Successfully inserted location
I/GCoreUlr( 2885): Not calling LocationReportingService, hasMoved: false, elapsed millis: 1030410, request: Phone
D/GCM     ( 2685): Connected
I/GCM     ( 2685): GCM message com.google.android.gsf.gtalkservice 
D/GCM     ( 2685): Message class mpf
I/GCM     ( 2685): GCM message org.telegram.messenger 0:1410714950221171%8eeb79b038eb0007
D/StatusBar.NetworkController( 2375): updateConnectivity: intent=Intent { act=android.net.conn.INET_CONDITION_ACTION flg=0x4000010 (has extras) }
D/StatusBar.NetworkController( 2375): updateConnectivity: networkInfo=NetworkInfo: type: WIFI[], state: CONNECTED/CONNECTED, reason: (unspecified), extra: "OpenWrt - 2", roaming: false, failover: false, isAvailable: true, isConnectedToProvisioningNetwork: false
D/StatusBar.NetworkController( 2375): updateConnectivity: connectionStatus=100
I/GCM     ( 2685): GCM message org.telegram.messenger 0:1410715014096001%8eeb79b038eb0007
D/StatusBar.NetworkController( 2375): updateConnectivity: intent=Intent { act=android.net.conn.INET_CONDITION_ACTION flg=0x4000010 (has extras) }
D/StatusBar.NetworkController( 2375): updateConnectivity: networkInfo=NetworkInfo: type: WIFI[], state: CONNECTED/CONNECTED, reason: (unspecified), extra: "OpenWrt - 2", roaming: false, failover: false, isAvailable: true, isConnectedToProvisioningNetwork: false
D/StatusBar.NetworkController( 2375): updateConnectivity: connectionStatus=100
I/GCM     ( 2685): GCM message org.telegram.messenger 0:1410715043038601%8eeb79b038eb0007
D/StatusBar.NetworkController( 2375): updateConnectivity: intent=Intent { act=android.net.conn.INET_CONDITION_ACTION flg=0x4000010 (has extras) }
D/StatusBar.NetworkController( 2375): updateConnectivity: networkInfo=NetworkInfo: type: WIFI[], state: CONNECTED/CONNECTED, reason: (unspecified), extra: "OpenWrt - 2", roaming: false, failover: false, isAvailable: true, isConnectedToProvisioningNetwork: false
D/StatusBar.NetworkController( 2375): updateConnectivity: connectionStatus=100
I/GCM     ( 2685): GCM message org.telegram.messenger 0:1410715109162412%8eeb79b038eb0007
D/StatusBar.NetworkController( 2375): updateConnectivity: intent=Intent { act=android.net.conn.INET_CONDITION_ACTION flg=0x4000010 (has extras) }
D/StatusBar.NetworkController( 2375): updateConnectivity: networkInfo=NetworkInfo: type: WIFI[], state: CONNECTED/CONNECTED, reason: (unspecified), extra: "OpenWrt - 2", roaming: false, failover: false, isAvailable: true, isConnectedToProvisioningNetwork: false
D/StatusBar.NetworkController( 2375): updateConnectivity: connectionStatus=100
D/AKMD2   ( 2241): akm_enable_sensor: Accel is enabled. (orien = 0)
I/AKMD2   ( 2241): enable_accelerometer, mEnabled = 0, enable = 1
D/AKMD2   ( 2241): akm_disable_sensor: Accel is disabled. (orien = 0)
I/AKMD2   ( 2241): enable_accelerometer, mEnabled = 1, enable = 0
I/GCoreUlr( 2885): Received powerMode change from NLP: com.google.android.location.activity.LOW_POWER_MODE_ENABLED
I/GCoreUlr( 2885): Starting service, intent=Intent { act=com.google.android.location.reporting.ACTION_UPDATE_ACTIVE_STATE cmp=com.google.android.gms/com.google.android.location.reporting.service.DispatchingService }, extras=null
I/GCoreUlr( 2885): Ensuring that reporting is active for [account#6#]
I/GCoreUlr( 2885): Starting service, intent=Intent { act=com.google.android.location.reporting.ACTION_LOCATION_STATUS cmp=com.google.android.gms/com.google.android.location.reporting.service.DispatchingService (has extras) }, extras=Bundle[{status=LocationStatus[cell status: STATUS_SUCCESSFUL, wifi status: STATUS_TIMED_OUT_ON_SCAN, elapsed realtime ns: 333099567694548]}]
I/wpa_supplicant(19609): wlan0: CTRL-EVENT-SCAN-STARTED 
D/AKMD2   ( 2241): akm_enable_sensor: Accel is enabled. (orien = 0)
I/AKMD2   ( 2241): enable_accelerometer, mEnabled = 0, enable = 1
D/AKMD2   ( 2241): akm_disable_sensor: Accel is disabled. (orien = 0)
I/AKMD2   ( 2241): enable_accelerometer, mEnabled = 1, enable = 0
W/LocationOracleImpl(23155): Not started: ignore location
I/GCoreUlr( 2885): Successfully inserted location
I/GCoreUlr( 2885): Not calling LocationReportingService, hasMoved: false, elapsed millis: 1337969, request: Phone
I/GCM     ( 2685): GCM message org.telegram.messenger 0:1410715390224547%8eeb79b038eb0007
D/StatusBar.NetworkController( 2375): updateConnectivity: intent=Intent { act=android.net.conn.INET_CONDITION_ACTION flg=0x4000010 (has extras) }
D/StatusBar.NetworkController( 2375): updateConnectivity: networkInfo=NetworkInfo: type: WIFI[], state: CONNECTED/CONNECTED, reason: (unspecified), extra: "OpenWrt - 2", roaming: false, failover: false, isAvailable: true, isConnectedToProvisioningNetwork: false
D/StatusBar.NetworkController( 2375): updateConnectivity: connectionStatus=100
I/GCM     ( 2685): GCM message org.telegram.messenger 0:1410715441296301%8eeb79b038eb0007
D/StatusBar.NetworkController( 2375): updateConnectivity: intent=Intent { act=android.net.conn.INET_CONDITION_ACTION flg=0x4000010 (has extras) }
D/StatusBar.NetworkController( 2375): updateConnectivity: networkInfo=NetworkInfo: type: WIFI[], state: CONNECTED/CONNECTED, reason: (unspecified), extra: "OpenWrt - 2", roaming: false, failover: false, isAvailable: true, isConnectedToProvisioningNetwork: false
D/StatusBar.NetworkController( 2375): updateConnectivity: connectionStatus=100
I/GCM     ( 2685): GCM message org.telegram.messenger 0:1410715462056679%8eeb79b038eb0007
D/StatusBar.NetworkController( 2375): updateConnectivity: intent=Intent { act=android.net.conn.INET_CONDITION_ACTION flg=0x4000010 (has extras) }
D/StatusBar.NetworkController( 2375): updateConnectivity: networkInfo=NetworkInfo: type: WIFI[], state: CONNECTED/CONNECTED, reason: (unspecified), extra: "OpenWrt - 2", roaming: false, failover: false, isAvailable: true, isConnectedToProvisioningNetwork: false
D/StatusBar.NetworkController( 2375): updateConnectivity: connectionStatus=100
D/AKMD2   ( 2241): akm_enable_sensor: Accel is enabled. (orien = 0)
I/AKMD2   ( 2241): enable_accelerometer, mEnabled = 0, enable = 1
D/AKMD2   ( 2241): akm_disable_sensor: Accel is disabled. (orien = 0)
I/AKMD2   ( 2241): enable_accelerometer, mEnabled = 1, enable = 0
I/wpa_supplicant(19609): wlan0: WPA: Group rekeying completed with 74:ea:3a:c2:50:c4 [GTK=CCMP]
I/wpa_supplicant(19609): wlan0: WPA: Group rekeying completed with 74:ea:3a:c2:50:c4 [GTK=CCMP]
D/AKMD2   ( 2241): akm_enable_sensor: Accel is enabled. (orien = 0)
I/AKMD2   ( 2241): enable_accelerometer, mEnabled = 0, enable = 1
I/wpa_supplicant(19609): wlan0: CTRL-EVENT-SCAN-STARTED 
I/EventLogService( 2582): Aggregate from 1410713725464 (log), 1410713725464 (data)
D/AKMD2   ( 2241): akm_disable_sensor: Accel is disabled. (orien = 0)
I/AKMD2   ( 2241): enable_accelerometer, mEnabled = 1, enable = 0
W/LocationOracleImpl(23155): Not started: ignore location
I/GCoreUlr( 2885): Successfully inserted location
I/GCoreUlr( 2885): Not calling LocationReportingService, hasMoved: false, elapsed millis: 1695268, request: Phone
D/AKMD2   ( 2241): akm_enable_sensor: Accel is enabled. (orien = 0)
I/AKMD2   ( 2241): enable_accelerometer, mEnabled = 0, enable = 1
D/AKMD2   ( 2241): akm_disable_sensor: Accel is disabled. (orien = 0)
I/AKMD2   ( 2241): enable_accelerometer, mEnabled = 1, enable = 0
I/GCoreUlr( 2885): Received powerMode change from NLP: com.google.android.location.activity.LOW_POWER_MODE_ENABLED
I/GCoreUlr( 2885): Starting service, intent=Intent { act=com.google.android.location.reporting.ACTION_UPDATE_ACTIVE_STATE cmp=com.google.android.gms/com.google.android.location.reporting.service.DispatchingService }, extras=null
W/Settings(25173): Setting wifi_sleep_policy has moved from android.provider.Settings.System to android.provider.Settings.Global, returning read-only value.
I/wpa_supplicant(19609): wlan0: CTRL-EVENT-SCAN-STARTED 
E/Configuration(27089): getActivityContext() == null
E/Configuration(27089): getActivityContext() == null
E/Configuration(27089): getActivityContext() == null
E/Configuration(27089): getActivityContext() == null
I/GCoreUlr( 2885): Ensuring that reporting is active for [account#6#]
I/GCoreUlr( 2885): Starting service, intent=Intent { act=com.google.android.location.reporting.ACTION_LOCATION_STATUS cmp=com.google.android.gms/com.google.android.location.reporting.service.DispatchingService (has extras) }, extras=Bundle[{status=LocationStatus[cell status: STATUS_SUCCESSFUL, wifi status: STATUS_TIMED_OUT_ON_SCAN, elapsed realtime ns: 333099567694548]}]
I/dalvikvm(25173): Jit: resizing JitTable from 8192 to 16384
E/SfcOb   (27089): unable to locate matching ID for weatherDesc weather_
E/DbHelper(27089): Theme's background was not found, defaulting to LiveBackground
E/SfcOb   (27089): unable to locate matching ID for weatherDesc weather_
D/WearableClient(27089): WearableClientImpl.onPostInitHandler: done
W/System.err(27089): java.lang.NumberFormatException: Invalid int: ""
W/System.err(27089): 	at java.lang.Integer.invalidInt(Integer.java:137)
W/System.err(27089): 	at java.lang.Integer.parseInt(Integer.java:358)
W/System.err(27089): 	at java.lang.Integer.parseInt(Integer.java:331)
W/System.err(27089): 	at java.lang.Integer.valueOf(Integer.java:489)
W/System.err(27089): 	at com.handmark.expressweather.data.WearableHelper.buildCurrentWeatherWearData(WearableHelper.java:168)
W/System.err(27089): 	at com.handmark.expressweather.data.WearableHelper.access$300(WearableHelper.java:31)
W/System.err(27089): 	at com.handmark.expressweather.data.WearableHelper$3.onConnected(WearableHelper.java:103)
W/System.err(27089): 	at com.google.android.gms.internal.hd.c(Unknown Source)
W/System.err(27089): 	at com.google.android.gms.common.api.c.eF(Unknown Source)
W/System.err(27089): 	at com.google.android.gms.common.api.c.d(Unknown Source)
W/System.err(27089): 	at com.google.android.gms.common.api.c$2.onConnected(Unknown Source)
W/System.err(27089): 	at com.google.android.gms.internal.hd.c(Unknown Source)
W/System.err(27089): 	at com.google.android.gms.internal.hd.ck(Unknown Source)
W/System.err(27089): 	at com.google.android.gms.internal.hc$h.b(Unknown Source)
W/System.err(27089): 	at com.google.android.gms.internal.hc$h.d(Unknown Source)
W/System.err(27089): 	at com.google.android.gms.internal.hc$b.fq(Unknown Source)
W/System.err(27089): 	at com.google.android.gms.internal.hc$a.handleMessage(Unknown Source)
W/System.err(27089): 	at android.os.Handler.dispatchMessage(Handler.java:102)
W/System.err(27089): 	at android.os.Looper.loop(Looper.java:136)
W/System.err(27089): 	at android.app.ActivityThread.main(ActivityThread.java:5139)
W/System.err(27089): 	at java.lang.reflect.Method.invokeNative(Native Method)
W/System.err(27089): 	at java.lang.reflect.Method.invoke(Method.java:515)
W/System.err(27089): 	at com.android.internal.os.ZygoteInit$MethodAndArgsCaller.run(ZygoteInit.java:796)
W/System.err(27089): 	at com.android.internal.os.ZygoteInit.main(ZygoteInit.java:612)
W/System.err(27089): 	at dalvik.system.NativeStart.main(Native Method)
W/LocationOracleImpl(23155): Not started: ignore location
I/GCoreUlr( 2885): Successfully inserted location
I/GCoreUlr( 2885): Not calling LocationReportingService, hasMoved: false, elapsed millis: 1980258, request: Phone
V/Zygote  (27458): Switching descriptor 32 to /dev/null
V/Zygote  (27458): Switching descriptor 10 to /dev/null
D/ActivityThread(27458): handleBindApplication:com.google.android.apps.plus
D/ActivityThread(27458): setTargetHeapUtilization:0.25
D/ActivityThread(27458): setTargetHeapMinFree:524288
V/Zygote  (27472): Switching descriptor 32 to /dev/null
V/Zygote  (27472): Switching descriptor 10 to /dev/null
D/ActivityThread(27472): handleBindApplication:com.android.email
D/ActivityThread(27472): setTargetHeapUtilization:0.25
D/ActivityThread(27472): setTargetHeapMinFree:524288
I/Exchange(12784): onPerformSync: Bundle[{__push_only__=true}]
D/dalvikvm(27458): Trying to load lib /data/app-lib/com.google.android.apps.plus-1/libcrashreporter.so 0x41c71298
D/dalvikvm(27458): Added shared lib /data/app-lib/com.google.android.apps.plus-1/libcrashreporter.so 0x41c71298
I/Email   (27472): Registering for notifications for account 1
I/Exchange(12784): Interrupt with reason 2
W/GLSUser ( 2685): GoogleAccountDataService.getToken()
W/GLSUser ( 2685): GoogleAccountDataService.getToken()
I/NotifUtils(27472): Validating Notification, mapSize: 2 getAttention: true
D/dalvikvm(27458): Trying to load lib /data/app-lib/com.google.android.apps.plus-1/libcronet.so 0x41c71298
D/dalvikvm(27458): Added shared lib /data/app-lib/com.google.android.apps.plus-1/libcronet.so 0x41c71298
I/NotifUtils(27472): Showing notification with unreadCount of 1 and unseenCount of 1
W/chromium(27458): [0914/193434:WARNING:proxy_service.cc(911)] PAC support disabled because there is no system implementation
I/NotifUtils(27472): Account: -957409798 vibrate: false
I/NotifUtils(27472): New email in -957409798 vibrateWhen: false, playing notification: content://settings/system/notification_sound
I/NotifUtils(27472): Validating Notification, mapSize: 2 getAttention: true
I/NotifUtils(27472): validateNotifications - cancelling account -957409798 / folder 77386
I/NotifUtils(27472): Validating Notification, mapSize: 2 getAttention: true
I/NotifUtils(27472): validateNotifications - cancelling account -957409798 / folder 77856
I/NotifUtils(27472): Validating Notification, mapSize: 2 getAttention: true
I/NotifUtils(27472): Notifications are disabled for this folder; not notifying
I/Email   (27472): Observing account changes for notifications
W/GLSUser ( 2685): GoogleAccountDataService.getToken()
I/wpa_supplicant(19609): wlan0: WPA: Group rekeying completed with 74:ea:3a:c2:50:c4 [GTK=CCMP]
I/wpa_supplicant(19609): wlan0: WPA: Group rekeying completed with 74:ea:3a:c2:50:c4 [GTK=CCMP]
I/wpa_supplicant(19609): wlan0: WPA: Group rekeying completed with 74:ea:3a:c2:50:c4 [GTK=CCMP]
I/GAV2    (27458): Thread[GAThread,5,main]: No campaign data found.
D/YahooWeatherProvider(23099): Resolved location Location[network 52.042580,4.640881 acc=699 et=+3d21h27m23s80ms {Bundle[mParcelledData.dataSize=548]}] to Waddinxveen (12891441)
D/YahooWeatherProvider(23099): Weather updated: WeatherInfo for Waddinxveen (12891441) @ Sun Sep 14 19:35:05 CEST 2014: Partly Cloudy(30), temperature 21°C, low 10°, high 21°, humidity 60%, wind 11km/h at E, forecasts: day 1: high 21°, low 10°, Clear(31); day 2: high 24°, low 12°, Isolated Thunderstorms(37); day 3: high 26°, low 11°, Sunny(32); day 4: high 25°, low 14°, Partly Cloudy(30); day 5: high 25°, low 14°, Scattered Thunderstorms(38)
D/AKMD2   ( 2241): akm_enable_sensor: Accel is enabled. (orien = 0)
I/AKMD2   ( 2241): enable_accelerometer, mEnabled = 0, enable = 1
V/Zygote  (27543): Switching descriptor 32 to /dev/null
V/Zygote  (27543): Switching descriptor 10 to /dev/null
D/ActivityThread(27543): handleBindApplication:com.android.vending
D/ActivityThread(27543): setTargetHeapUtilization:0.25
D/ActivityThread(27543): setTargetHeapMinFree:524288
D/Finsky  (27543): [1] FinskyApp.onCreate: Initializing network with DFE https://android.clients.google.com/fdfe/
D/AKMD2   ( 2241): akm_disable_sensor: Accel is disabled. (orien = 0)
I/AKMD2   ( 2241): enable_accelerometer, mEnabled = 1, enable = 0
D/Finsky  (27543): [1] DailyHygiene.goMakeHygieneIfDirty: No need to run daily hygiene.
W/Settings(27543): Setting download_manager_max_bytes_over_mobile has moved from android.provider.Settings.Secure to android.provider.Settings.Global.
W/Settings(27543): Setting download_manager_recommended_max_bytes_over_mobile has moved from android.provider.Settings.Secure to android.provider.Settings.Global.
D/Finsky  (27543): [1] GmsCoreHelper.cleanupNlp: result=false type=4
D/Finsky  (27543): [1] 2.run: Loaded library for account: [zJptlGK7Q0Zvq_Es_CCgRImT0aM]
D/Finsky  (27543): [1] 2.run: Loaded library for account: [4mjCLpkXRWVj8GwiasnVKz8Ld5M]
D/Finsky  (27543): [1] 2.run: Finished loading 2 libraries.
D/Finsky  (27543): [1] RestoreTracker.stopServiceIfDone: Restore complete with 0 success and 0 failed.
W/GLSUser ( 2685): GoogleAccountDataService.getToken()
D/Finsky  (27543): [1] SelfUpdateScheduler.checkForSelfUpdate: Skipping DFE self-update. Local Version [80290013] >= Server Version [-1]
D/Volley  (27543): [1] Request.finish: 26931 ms: [ ] https://android.clients.google.com/fdfe/selfUpdate 0xe8d195d1 NORMAL 1
W/GLSUser ( 2685): GoogleAccountDataService.getToken()
W/GLSUser ( 2685): GoogleAccountDataService.getToken()
I/qtaguid (27543): Failed write_ctrl(u 48) res=-1 errno=22
I/qtaguid (27543): Untagging socket 48 failed errno=-22
W/NetworkManagementSocketTagger(27543): untagSocket(48) failed with errno -22
D/Finsky  (27543): [1] CheckWifiAndAutoUpdate.cancelCheck: Cancelling auto-update wifi check.
W/GLSUser ( 2685): GoogleAccountDataService.getToken()
W/GLSUser ( 2685): GoogleAccountDataService.getToken()
I/qtaguid (27543): Failed write_ctrl(u 48) res=-1 errno=22
I/qtaguid (27543): Untagging socket 48 failed errno=-22
W/NetworkManagementSocketTagger(27543): untagSocket(48) failed with errno -22
I/qtaguid (27543): Failed write_ctrl(u 65) res=-1 errno=22
I/qtaguid (27543): Untagging socket 65 failed errno=-22
W/NetworkManagementSocketTagger(27543): untagSocket(65) failed with errno -22
D/Finsky  (27543): [1] InstallerImpl.requestInstall: Request install of org.telegram.messenger v=326 for auto_update
D/Finsky  (27543): [1] InstallerImpl.kick: Installer kick org.telegram.messenger - starting org.telegram.messenger
D/Finsky  (27543): [1] InstallerImpl.requestInstall: Request install of com.eclipsim.gpsstatus2 v=111 for auto_update
W/GLSUser ( 2685): GoogleAccountDataService.getToken()
D/Finsky  (27543): [1] InstallerImpl.kick: Installer kick com.eclipsim.gpsstatus2 - no action because busy.
D/Finsky  (27543): [1] DailyHygiene.flushEventLogsAndContinue: Flushing event logs for [zJptlGK7Q0Zvq_Es_CCgRImT0aM]
D/Finsky  (27543): [1] DailyHygiene.flushEventLogsAndContinue: Flushing event logs for [4mjCLpkXRWVj8GwiasnVKz8Ld5M]
I/qtaguid (27543): Failed write_ctrl(u 65) res=-1 errno=22
I/qtaguid (27543): Untagging socket 65 failed errno=-22
W/NetworkManagementSocketTagger(27543): untagSocket(65) failed with errno -22
D/Finsky  (27543): [1] DownloadImpl.setState: org.telegram.messenger from null to UNQUEUED.
D/Finsky  (27543): [1] DownloadQueueImpl.add: Download org.telegram.messenger added to DownloadQueue
D/Finsky  (27543): [1] DownloadImpl.setState: org.telegram.messenger from UNQUEUED to QUEUED.
I/installd( 1863): free_cache(1486023) avail 334307328
D/Finsky  (27543): [1] DownloadQueueImpl.startDownload: Download org.telegram.messenger starting
D/Finsky  (27543): [10592] 7.run: Enqueued org.telegram.messenger as content://downloads/my_downloads/917
D/Finsky  (27543): [1] DownloadImpl.setState: org.telegram.messenger from QUEUED to DOWNLOADING.
D/Finsky  (27543): [1] DownloadQueueImpl.onStart: org.telegram.messenger: onStart
D/Finsky  (27543): [1] DownloadQueueImpl.notifyProgress: org.telegram.messenger: onProgress 0/-1 Status: 190.
D/Finsky  (27543): [1] DownloadQueueImpl.notifyProgress: org.telegram.messenger: onProgress 0/-1 Status: 192.
I/DownloadManager( 2875): Download 917 starting
I/DownloadManager( 2875): Download 917 finished with status SUCCESS
D/Finsky  (27543): [1] DownloadBroadcastReceiver.onReceive: Intent received at DownloadBroadcastReceiver
D/Finsky  (27543): [1] DownloadQueueImpl.notifyProgress: org.telegram.messenger: onProgress 1486023/1486023 Status: 200.
D/Finsky  (27543): [1] DownloadImpl.setState: org.telegram.messenger from DOWNLOADING to SUCCESS.
D/Finsky  (27543): [1] DownloadQueueImpl.onComplete: org.telegram.messenger: onComplete
D/Finsky  (27543): [1] DownloadQueueImpl.remove: Download org.telegram.messenger removed from DownloadQueue
I/installd( 1863): free_cache(0) avail 332824576
D/Finsky  (27543): [1] 7.onPostExecute: Successfully applied patch to update org.telegram.messenger
V/Zygote  (27622): Switching descriptor 32 to /dev/null
V/Zygote  (27622): Switching descriptor 10 to /dev/null
D/ActivityThread(27622): handleBindApplication:com.android.defcontainer
D/ActivityThread(27622): setTargetHeapUtilization:0.25
D/ActivityThread(27622): setTargetHeapMinFree:524288
D/Finsky  (27543): [1] PackageVerificationReceiver.checkPrerequisites: Skipping verification because own installation
D/Finsky  (27543): [1] PackageVerificationReceiver.onReceive: Verification requested, id = 12
D/Finsky  (27543): [1] 5.onFinished: Installation state replication succeeded.
D/dalvikvm( 2241): JIT code cache reset in 6 ms (1535972 bytes 36/0)
I/PackageManager( 2241): Running dexopt on: org.telegram.messenger
I/wpa_supplicant(19609): wlan0: CTRL-EVENT-SCAN-STARTED 
D/AKMD2   ( 2241): akm_enable_sensor: Accel is enabled. (orien = 0)
I/AKMD2   ( 2241): enable_accelerometer, mEnabled = 0, enable = 1
D/AKMD2   ( 2241): akm_disable_sensor: Accel is disabled. (orien = 0)
I/AKMD2   ( 2241): enable_accelerometer, mEnabled = 1, enable = 0
D/dalvikvm(27656): DexOpt: load 735ms, verify+opt 2441ms, 3198540 bytes
V/Zygote  (27668): Switching descriptor 32 to /dev/null
V/Zygote  (27668): Switching descriptor 10 to /dev/null
D/ActivityThread(27668): handleBindApplication:com.google.android.gms.drive
D/ActivityThread(27668): setTargetHeapUtilization:0.25
D/ActivityThread(27668): setTargetHeapMinFree:524288
I/MultiDex(27668): install
I/InputReader( 2241): Reconfiguring input devices.  changes=0x00000010
I/MultiDex(27668): MultiDexExtractor.load(/data/app/com.google.android.gms-1.apk, false)
I/MultiDex(27668): loading existing secondary dex files
I/MultiDex(27668): load found 1 secondary dex files
I/MultiDex(27668): install done
I/InputReader( 2241): Reconfiguring input devices.  changes=0x00000010
I/InputReader( 2241): Reconfiguring input devices.  changes=0x00000010
I/PackageManager( 2241):   Action: "android.intent.action.SENDTO"
I/PackageManager( 2241):   Category: "android.intent.category.DEFAULT"
I/PackageManager( 2241):   Scheme: "sms"
I/ProviderInstaller(27668): Insert disabled by gate 'gms:security:enable_conscrypt_in_gms_application'
I/PackageManager( 2241):   Action: "android.intent.action.SENDTO"
I/PackageManager( 2241):   Category: "android.intent.category.DEFAULT"
I/PackageManager( 2241):   Scheme: "smsto"
I/PackageManager( 2241):   Action: "android.intent.action.SENDTO"
I/PackageManager( 2241):   Category: "android.intent.category.DEFAULT"
I/PackageManager( 2241):   Scheme: "mms"
I/PackageManager( 2241):   Action: "android.intent.action.SENDTO"
I/PackageManager( 2241):   Category: "android.intent.category.DEFAULT"
I/PackageManager( 2241):   Scheme: "mmsto"
I/PackageManager( 2241):   Action: "android.intent.action.SENDTO"
I/PackageManager( 2241):   Category: "android.intent.category.DEFAULT"
I/PackageManager( 2241):   Scheme: "sms"
D/Finsky  (27543): [10573] 1.packageInstalled: Package install status for "org.telegram.messenger" is 1
I/PackageManager( 2241):   Action: "android.intent.action.SENDTO"
I/PackageManager( 2241):   Category: "android.intent.category.DEFAULT"
I/PackageManager( 2241):   Scheme: "smsto"
I/Launcher( 2520): Deferring update until onResume
I/PackageManager( 2241):   Action: "android.intent.action.SENDTO"
I/PackageManager( 2241):   Category: "android.intent.category.DEFAULT"
I/PackageManager( 2241):   Scheme: "mms"
I/PackageManager( 2241):   Action: "android.intent.action.SENDTO"
I/PackageManager( 2241):   Category: "android.intent.category.DEFAULT"
I/PackageManager( 2241):   Scheme: "mmsto"
I/PackageManager( 2241):   Action: "android.intent.action.SENDTO"
I/PackageManager( 2241):   Category: "android.intent.category.DEFAULT"
I/PackageManager( 2241):   Scheme: "sms"
I/PackageManager( 2241):   Action: "android.intent.action.SENDTO"
I/PackageManager( 2241):   Category: "android.intent.category.DEFAULT"
I/PackageManager( 2241):   Scheme: "smsto"
D/Finsky  (27543): [1] InstallerImpl.kick: Installer kick null - starting com.eclipsim.gpsstatus2
I/PackageManager( 2241):   Action: "android.intent.action.SENDTO"
I/PackageManager( 2241):   Category: "android.intent.category.DEFAULT"
I/PackageManager( 2241):   Scheme: "mms"
I/PackageManager( 2241):   Action: "android.intent.action.SENDTO"
I/PackageManager( 2241):   Category: "android.intent.category.DEFAULT"
I/PackageManager( 2241):   Scheme: "mmsto"
I/PackageManager( 2241):   Action: "android.intent.action.SENDTO"
I/PackageManager( 2241):   Category: "android.intent.category.DEFAULT"
I/PackageManager( 2241):   Scheme: "sms"
I/PackageManager( 2241):   Action: "android.intent.action.SENDTO"
I/PackageManager( 2241):   Category: "android.intent.category.DEFAULT"
I/PackageManager( 2241):   Scheme: "smsto"
I/PackageManager( 2241):   Action: "android.intent.action.SENDTO"
I/PackageManager( 2241):   Category: "android.intent.category.DEFAULT"
I/PackageManager( 2241):   Scheme: "mms"
I/PackageManager( 2241):   Action: "android.intent.action.SENDTO"
I/PackageManager( 2241):   Category: "android.intent.category.DEFAULT"
I/PackageManager( 2241):   Scheme: "mmsto"
I/PackageManager( 2241):   Action: "android.intent.action.SENDTO"
I/PackageManager( 2241):   Category: "android.intent.category.DEFAULT"
I/PackageManager( 2241):   Scheme: "sms"
I/PackageManager( 2241):   Action: "android.intent.action.SENDTO"
I/PackageManager( 2241):   Category: "android.intent.category.DEFAULT"
I/PackageManager( 2241):   Scheme: "smsto"
I/PackageManager( 2241):   Action: "android.intent.action.SENDTO"
I/PackageManager( 2241):   Category: "android.intent.category.DEFAULT"
I/PackageManager( 2241):   Scheme: "mms"
I/PackageManager( 2241):   Action: "android.intent.action.SENDTO"
I/PackageManager( 2241):   Category: "android.intent.category.DEFAULT"
I/PackageManager( 2241):   Scheme: "mmsto"
I/PackageManager( 2241):   Action: "android.intent.action.SENDTO"
I/PackageManager( 2241):   Category: "android.intent.category.DEFAULT"
I/PackageManager( 2241):   Scheme: "sms"
I/PackageManager( 2241):   Action: "android.intent.action.SENDTO"
I/PackageManager( 2241):   Category: "android.intent.category.DEFAULT"
I/PackageManager( 2241):   Scheme: "smsto"
I/PackageManager( 2241):   Action: "android.intent.action.SENDTO"
I/PackageManager( 2241):   Category: "android.intent.category.DEFAULT"
I/PackageManager( 2241):   Scheme: "mms"
I/PackageManager( 2241):   Action: "android.intent.action.SENDTO"
I/PackageManager( 2241):   Category: "android.intent.category.DEFAULT"
I/PackageManager( 2241):   Scheme: "mmsto"
I/GCoreUlr( 2885): Starting service, intent=Intent { act=com.google.android.location.reporting.ACTION_LOCATION_STATUS cmp=com.google.android.gms/com.google.android.location.reporting.service.DispatchingService (has extras) }, extras=Bundle[{status=LocationStatus[cell status: STATUS_SUCCESSFUL, wifi status: STATUS_SUCCESSFUL, elapsed realtime ns: 336836538970589]}]
I/Launcher( 2520): Deferring update until onResume
I/GCoreUlr( 2885): Successfully inserted location
I/GCoreUlr( 2885): Not calling LocationReportingService, hasMoved: false, elapsed millis: 2373771, request: Phone
V/Zygote  (27698): Switching descriptor 32 to /dev/null
V/Zygote  (27698): Switching descriptor 10 to /dev/null
D/ActivityThread(27698): handleBindApplication:com.android.settings
D/ActivityThread(27698): setTargetHeapUtilization:0.25
D/ActivityThread(27698): setTargetHeapMinFree:524288
W/GLSUser ( 2685): GoogleAccountDataService.getToken()
W/Launcher( 2520): setApplicationContext called twice! old=com.android.launcher3.LauncherApplication@41c6c4a8 new=com.android.launcher3.LauncherApplication@41c6c4a8
V/Zygote  (27712): Switching descriptor 32 to /dev/null
V/Zygote  (27712): Switching descriptor 10 to /dev/null
D/ActivityThread(27712): handleBindApplication:com.android.voicedialer
D/ActivityThread(27712): setTargetHeapUtilization:0.25
D/ActivityThread(27712): setTargetHeapMinFree:524288
I/qtaguid (27543): Failed write_ctrl(u 65) res=-1 errno=22
I/qtaguid (27543): Untagging socket 65 failed errno=-22
W/NetworkManagementSocketTagger(27543): untagSocket(65) failed with errno -22
V/Zygote  (27726): Switching descriptor 32 to /dev/null
V/Zygote  (27726): Switching descriptor 10 to /dev/null
D/ActivityThread(27726): handleBindApplication:com.android.gallery3d
D/ActivityThread(27726): setTargetHeapUtilization:0.25
D/ActivityThread(27726): setTargetHeapMinFree:524288
D/Finsky  (27543): [1] DownloadImpl.setState: com.eclipsim.gpsstatus2 from null to UNQUEUED.
D/Finsky  (27543): [1] DownloadQueueImpl.add: Download com.eclipsim.gpsstatus2 added to DownloadQueue
D/Finsky  (27543): [1] DownloadImpl.setState: com.eclipsim.gpsstatus2 from UNQUEUED to QUEUED.
I/installd( 1863): free_cache(364416) avail 332795904
D/Finsky  (27543): [1] DownloadQueueImpl.startDownload: Download com.eclipsim.gpsstatus2 starting
D/Finsky  (27543): [10592] 7.run: Enqueued com.eclipsim.gpsstatus2 as content://downloads/my_downloads/918
D/Finsky  (27543): [1] DownloadImpl.setState: com.eclipsim.gpsstatus2 from QUEUED to DOWNLOADING.
D/Finsky  (27543): [1] DownloadQueueImpl.onStart: com.eclipsim.gpsstatus2: onStart
D/Finsky  (27543): [1] DownloadQueueImpl.notifyProgress: com.eclipsim.gpsstatus2: onProgress 0/-1 Status: 190.
V/Zygote  (27743): Switching descriptor 32 to /dev/null
V/Zygote  (27743): Switching descriptor 10 to /dev/null
D/ActivityThread(27743): handleBindApplication:com.android.keychain
D/ActivityThread(27743): setTargetHeapUtilization:0.25
D/ActivityThread(27743): setTargetHeapMinFree:524288
I/DownloadManager( 2875): Download 918 starting
V/Zygote  (27759): Switching descriptor 32 to /dev/null
V/Zygote  (27759): Switching descriptor 10 to /dev/null
D/Finsky  (27543): [1] DownloadQueueImpl.notifyProgress: com.eclipsim.gpsstatus2: onProgress 0/-1 Status: 192.
D/ActivityThread(27759): handleBindApplication:com.google.android.googlequicksearchbox:search
D/ActivityThread(27759): setTargetHeapUtilization:0.25
D/ActivityThread(27759): setTargetHeapMinFree:524288
D/PackageBroadcastService( 2582): Received broadcast action=android.intent.action.PACKAGE_REMOVED and uri=org.telegram.messenger
V/Zygote  (27774): Switching descriptor 32 to /dev/null
V/Zygote  (27774): Switching descriptor 10 to /dev/null
D/ActivityThread(27774): handleBindApplication:com.estrongs.android.pop
D/ActivityThread(27774): setTargetHeapUtilization:0.25
D/ActivityThread(27774): setTargetHeapMinFree:524288
E/ObjectHelper(27774): Can't find method:setCompatibilityInfo
D/am      (27774): Refresh storage info done.23
D/dalvikvm(27774): Trying to load lib /data/app-lib/com.estrongs.android.pop-2/libmyaes.so 0x41c6cd28
D/dalvikvm(27774): Added shared lib /data/app-lib/com.estrongs.android.pop-2/libmyaes.so 0x41c6cd28
V/Zygote  (27790): Switching descriptor 32 to /dev/null
V/Zygote  (27790): Switching descriptor 10 to /dev/null
D/ActivityThread(27790): handleBindApplication:com.google.android.apps.docs
D/ActivityThread(27790): setTargetHeapUtilization:0.25
D/ActivityThread(27790): setTargetHeapMinFree:524288
I/DownloadManager( 2875): Download 918 finished with status SUCCESS
D/Finsky  (27543): [1] DownloadQueueImpl.notifyProgress: com.eclipsim.gpsstatus2: onProgress 364416/364416 Status: 200.
V/Zygote  (27811): Switching descriptor 32 to /dev/null
V/Zygote  (27811): Switching descriptor 10 to /dev/null
W/GAV2    (27790): Thread[main,5,main]: Need to call initialize() and be in fallback mode to start dispatch.
D/ActivityThread(27811): handleBindApplication:com.facebook.katana:dash
D/ActivityThread(27811): setTargetHeapUtilization:0.25
D/ActivityThread(27811): setTargetHeapMinFree:524288
I/dalvikvm(27811): Could not find method com.facebook.common.util.StringLocaleUtil.a, referenced from method com.facebook.base.app.LightweightPerfEvents.b
W/dalvikvm(27811): VFY: unable to resolve static method 760: Lcom/facebook/common/util/StringLocaleUtil;.a (Ljava/lang/String;[Ljava/lang/Object;)Ljava/lang/String;
D/dalvikvm(27811): VFY: replacing opcode 0x71 at 0x001f
I/dalvikvm(27811): Could not find method com.facebook.common.util.StringLocaleUtil.a, referenced from method com.facebook.base.app.LightweightPerfEvents.d
W/dalvikvm(27811): VFY: unable to resolve static method 760: Lcom/facebook/common/util/StringLocaleUtil;.a (Ljava/lang/String;[Ljava/lang/Object;)Ljava/lang/String;
D/dalvikvm(27811): VFY: replacing opcode 0x71 at 0x0014
D/CatchMeIfYouCan(27811): Process (dash) ca: '/data/data/com.facebook.katana/app_cmiyc/0C66B38F48468E96F8008B6D5A2AE33B4A60265E01'
D/CatchMeIfYouCan(27811): Process (dash) fc: '/data/data/com.facebook.katana/app_cmiyc/0C66B38F48468E96F8008B6D5A2AE33B4A60265E02'
D/CatchMeIfYouCan(27811): Process (dash) cp: '('dash', 6, 60000, silent [true], restart [true], logout [true])'
D/ACRA    (27811): ACRA is enabled for com.facebook.katana, intializing...
D/ACRA    (27811): Looking for error files in /data/data/com.facebook.katana/app_acra-reports
D/ACRA    (27811): Looking for error files in /data/data/com.facebook.katana/app_minidumps
D/dalvikvm(27811): Trying to load lib /data/app-lib/com.facebook.katana-1/libfb_stl_shared.so 0x41c652e8
D/dalvikvm(27811): Added shared lib /data/app-lib/com.facebook.katana-1/libfb_stl_shared.so 0x41c652e8
D/dalvikvm(27811): No JNI_OnLoad found in /data/app-lib/com.facebook.katana-1/libfb_stl_shared.so 0x41c652e8, skipping init
D/dalvikvm(27811): Trying to load lib /data/app-lib/com.facebook.katana-1/libfb_breakpad_client.so 0x41c652e8
D/dalvikvm(27811): Added shared lib /data/app-lib/com.facebook.katana-1/libfb_breakpad_client.so 0x41c652e8
D/dalvikvm(27811): Trying to load lib /data/app-lib/com.facebook.katana-1/libfb_dalvik-internals.so 0x41c652e8
D/dalvikvm(27811): Added shared lib /data/app-lib/com.facebook.katana-1/libfb_dalvik-internals.so 0x41c652e8
I/dalvik-internals(27811): Successfully looked up JNI_GetCreatedJavaVMs: ptr=0x4156cfd9 sz=0
I/dalvik-internals(27811): Successfully looked up gDvm: ptr=0x415d02c8 sz=0
I/dalvik-internals(27811): Successfully looked up dvmResolveClass: ptr=0x4158bd41 sz=196
I/dalvik-internals(27811): Successfully looked up dvmFlushBreakpoints: ptr=0x41549948 sz=172
I/dalvik-internals(27811): Successfully looked up dvmSuspendAllThreads: ptr=0x415745e5 sz=0
I/dalvik-internals(27811): Successfully looked up dvmResumeAllThreads: ptr=0x4157426d sz=0
E/dalvik-internals(27811): Failed to look up ladDumpProfiles
E/dalvik-internals(27811): Failed to look up ladResetProfiles
E/dalvik-internals(27811): Failed to look up ladPrintHeaderInfo
V/DexLibLoader(27811): about to lock odex store
V/DexLibLoader(27811): locking odex store took 0 ms
V/DexLibLoader(27811): Secondary program dex metadata: secondary-1.dex.jar.xz a32b54e444c84ca7fa61b2f3359b1d6a37076d7f secondary.dex01.Canary
V/DexLibLoader(27811): Secondary program dex metadata: secondary-2.dex.jar.xz 6277cf329e4ed5c0c400962a1d65a811761f97aa secondary.dex02.Canary
V/DexLibLoader(27811): Secondary program dex metadata: secondary-3.dex.jar.xz 14e3ba4dc9a20e038b3df84238b16407a06c6de6 secondary.dex03.Canary
V/DexLibLoader(27811): Secondary program dex metadata: secondary-4.dex.jar.xz 54a6deb0837c4253268f2c27145c104e640477b4 secondary.dex04.Canary
V/DexLibLoader(27811): Secondary program dex metadata: secondary-5.dex.jar.xz 2fa02a148473e29a4e1afaed231315bdcbd0a55c secondary.dex05.Canary
V/DexLibLoader(27811): directory "/data/data/com.facebook.katana/app_secondary_program_dex" contains "program-a32b54e444c84ca7fa61b2f3359b1d6a37076d7fc1918fb2.dex.jar" as expected
V/DexLibLoader(27811): directory "/data/data/com.facebook.katana/app_secondary_program_dex" contains "program-6277cf329e4ed5c0c400962a1d65a811761f97aac1918fb2.dex.jar" as expected
V/DexLibLoader(27811): directory "/data/data/com.facebook.katana/app_secondary_program_dex" contains "program-14e3ba4dc9a20e038b3df84238b16407a06c6de6c1918fb2.dex.jar" as expected
V/DexLibLoader(27811): directory "/data/data/com.facebook.katana/app_secondary_program_dex" contains "program-54a6deb0837c4253268f2c27145c104e640477b4c1918fb2.dex.jar" as expected
V/DexLibLoader(27811): directory "/data/data/com.facebook.katana/app_secondary_program_dex" contains "program-2fa02a148473e29a4e1afaed231315bdcbd0a55cc1918fb2.dex.jar" as expected
D/DexLibLoader(27811): ignoring file "program-a32b54e444c84ca7fa61b2f3359b1d6a37076d7fc1918fb2.dex.odex" in "/data/data/com.facebook.katana/app_secondary_program_dex"
